03-02 19:47:10.443 I/ActivityManager( 1562): need getLruProcesses
03-02 19:47:10.443 I/Zygote  (  912): Process 8946 exited due to signal 9 (Killed)
03-02 19:47:10.444 I/libprocessgroup( 1562): Removed cgroup /sys/fs/cgroup/uid_10112/pid_8946
03-02 19:47:10.449 I/WindowManager( 1562): WIN DEATH: Window{1906c53 u0 com.transsnet.store/com.afmobi.palmplay.StartActivity}
03-02 19:47:10.449 W/InputManager-JNI( 1562): Input channel object '1906c53 com.transsnet.store/com.afmobi.palmplay.StartActivity (client)' was disposed without first being removed with the input manager!
03-02 19:47:10.454 I/WindowManager( 1562): WIN DEATH: Window{c928c06 u0 com.transsnet.store/com.afmobi.palmplay.StartActivity}
03-02 19:47:10.455 W/InputManager-JNI( 1562): Input channel object 'c928c06 com.transsnet.store/com.afmobi.palmplay.StartActivity (client)' was disposed without first being removed with the input manager!
03-02 19:47:10.461 I/tranpm/ServicePolicy( 1562): limitServiceRestartLocked limit: black process, target packageName:[com.transsnet.store] process:[com.transsnet.store] 
03-02 19:47:10.462 W/scheduleServiceRestartLocked( 1562):  skip ServiceRestart Service :[{com.transsnet.store/com.afmobi.palmplay.service.PalmstoreService}]
03-02 19:47:10.468 I/SurfaceFlinger(  994): onHandleDestroyed: name=c928c06 com.transsnet.store/com.afmobi.palmplay.StartActivity#22073, layerId=22073, parentId=0
03-02 19:47:10.468 I/libPerfCtl(  941): xgfGetFPS pid:2206 fps:61
03-02 19:47:10.468 I/SurfaceFlinger(  994): onHandleDestroyed: name=1906c53 com.transsnet.store/com.afmobi.palmplay.StartActivity#22074, layerId=22074, parentId=0
03-02 19:47:10.468 I/AppThermalMode(  941): [perfNotifyThermalState] hdl:0
03-02 19:47:10.468 I/AppThermalMode(  941): [findAppThermalIdx] Fail: appThermalModeEnable: 0,currentFPS: -1,fg->pid:16962
03-02 19:47:10.468 I/SurfaceFlinger(  994): onHandleDestroyed: name=WindowToken{c9f2076 type=2038 android.os.BinderProxy@351c711}#22082, layerId=22082, parentId=0
03-02 19:47:10.468 I/AppThermalMode(  941): [perfNotifyThermalState] appThermalIdx -1:
03-02 19:47:10.468 I/SurfaceFlinger(  994): onHandleDestroyed: name=15362e4 com.transsnet.store#22083, layerId=22083, parentId=0
03-02 19:47:10.468 I/libPerfCtl(  941): xgfGetFPS pid:5615 fps:-1
03-02 19:47:10.468 I/AppThermalMode(  941): [perfNotifyThermalState] hdl:0
03-02 19:47:10.468 I/AppThermalMode(  941): [findAppThermalIdx] Fail: appThermalModeEnable: 0,currentFPS: -1,fg->pid:16962
03-02 19:47:10.468 I/AppThermalMode(  941): [perfNotifyThermalState] appThermalIdx -1:
03-02 19:47:10.468 I/libPerfCtl(  941): xgfGetFPS pid:16962 fps:-1
03-02 19:47:10.468 I/AppThermalMode(  941): [perfNotifyThermalState] hdl:0
03-02 19:47:10.468 I/AppThermalMode(  941): [findAppThermalIdx] Fail: appThermalModeEnable: 0,currentFPS: -1,fg->pid:16962
03-02 19:47:10.468 I/AppThermalMode(  941): [perfNotifyThermalState] appThermalIdx -1:
03-02 19:47:10.478 I/Hiber/importantScene( 1562): widget: packageName=com.transsion.iotcard
03-02 19:47:10.478 I/Hiber/appStateMachine( 1562): uid:10203, pkg=com.transsion.iotcard  can't transition from R to F ,importantcase is : widget
03-02 19:47:10.478 I/mtkpower_client( 1562): [PowerHal_Wrap_notifyAppState] com.transsnet.store/com.transsnet.store pid=8946 activityId:8946 state:3
03-02 19:47:10.478 I/mtkpower_client( 1562): [Legacy][PowerHal_Wrap_notifyAppState] com.transsnet.store/com.transsnet.store pid=8946 state:8946
03-02 19:47:10.478 I/libPowerHal(  941): [perfNotifyAppState] pack:com.transsnet.store, act:com.transsnet.store, state:3, pid:8946, uid:10112, fps:-1
03-02 19:47:10.478 I/libPowerHal(  941): [perfNotifyAppState] pack:com.transsnet.store, pid:8946, STATE_DEAD
03-02 19:47:10.480 W/ActivityManager( 1562): setHasOverlayUi called on unknown pid: 8946
03-02 19:47:10.481 W/UsageStatsService( 1562): Unexpected activity event reported! (com.transsnet.store/com.afmobi.palmplay.StartActivity event : 23 instanceId : 56098865)
03-02 19:47:10.485 I/BufferQueueDebug(  994): [15362e4 com.transsnet.store#22083](this:0xb400007144aa97a8,id:-1,api:0,p:-1,c:994) onDestructor()
03-02 19:47:10.485 I/BufferQueueDebug(  994): [1906c53 com.transsnet.store/com.afmobi.palmplay.StartActivity#22074](this:0xb400007144b3d8e8,id:-1,api:0,p:-1,c:994) onDestructor()
03-02 19:47:10.485 I/BufferQueueDebug(  994): [c928c06 com.transsnet.store/com.afmobi.palmplay.StartActivity#22073](this:0xb400007144b43408,id:-1,api:0,p:-1,c:994) onDestructor()
03-02 19:47:10.485 I/BufferQueueDebug(  994): [WindowToken{c9f2076 type=2038 android.os.BinderProxy@351c711}#22082](this:0xb400007144b70d08,id:-1,api:0,p:-1,c:994) onDestructor()
03-02 19:47:10.532 I/IslandViewManager:2.02.02.091(31466): onOutsideTouch: expandIslandAnimating=false
03-02 19:47:10.532 E/SlideDampingBounceHelper( 2206): handleDownTouchEvent mTrackingPointerId=0
03-02 19:47:10.533 E/SlideDampingBounceHelper( 2206): handleDownTouchEvent mTrackingPointerId=0
03-02 19:47:10.533 E/SlideDampingBounceHelper( 2206): handleDownTouchEvent mTrackingPointerId=0
03-02 19:47:10.533 E/SlideDampingBounceHelper( 2206): handleDownTouchEvent mTrackingPointerId=0
03-02 19:47:10.538 I/libPowerHal(  941): [setClusterFreq] MTKPOWER_HINT_APP_TOUCH: sysfs_freq set cpu freq: 2000000 -1 2200000 -1 
03-02 19:47:10.551 E/SurfaceFlinger(  994): MtkDuration override mode is disabled
03-02 19:47:10.551 I/PowerHalWrapper(  994): updateFps(): 120
03-02 19:47:10.551 I/hwcomposer(  928): [HWC] (0) displaySetActiveConfig config:0  
03-02 19:47:10.552 I/Process ( 1562): String at 0: 0x741485b801 = ProcessCapacityNormal
03-02 19:47:10.552 I/mtkpower_client( 1562): perf_cus_lock_hint hint:112, dur:100, pid:1562
03-02 19:47:10.552 I/DisplayDeviceRepository( 1562): Display device changed: DisplayDeviceInfo{"Built-in Screen": uniqueId="local:0", 1080 x 2436, modeId 3, renderFrameRate 60.000004, defaultModeId 1, userPreferredModeId -1, supportedModes [{id=1, width=1080, height=2436, fps=120.00001, vsync=120.00001, synthetic=false, alternativeRefreshRates=[60.0, 90.0], supportedHdrTypes=[2, 3, 4]}, {id=2, width=1080, height=2436, fps=90.0, vsync=90.0, synthetic=false, alternativeRefreshRates=[60.0, 120.00001], supportedHdrTypes=[2, 3, 4]}, {id=3, width=1080, height=2436, fps=60.0, vsync=60.0, synthetic=false, alternativeRefreshRates=[90.0, 120.00001], supportedHdrTypes=[2, 3, 4]}], colorMode 0, supportedColorModes [0, 7, 9], hdrCapabilities HdrCapabilities{mSupportedHdrTypes=[2, 3, 4], mMaxLuminance=500.0, mMaxAverageLuminance=500.0, mMinLuminance=0.0}, allmSupported false, gameContentTypeSupported false, density 480, 392.783 x 392.828 dpi, appVsyncOff 1133334, presDeadline 16600000, cutout DisplayCutout{insets=Rect(0, 108 - 0, 0) waterfall=Insets{left=0, top=0, right=0, bottom=0} boundingRect={Bounds=[Rect(0, 0 - 0, 0), Rect(468, 0 - 612, 108), Rect(0, 0 - 0, 0), Rect(0, 0 - 0, 0)]} cutoutPathParserInfo={CutoutPathParserInfo{displayWidth=1080 displayHeight=2436 physicalDisplayWidth=1080 physicalDisplayHeight=2436 density={3.0} cutoutSpec={M -24,0 L -24,36 L 24,36 L 24,0 Z @dp} rotation={0} scale={1.0} physicalPixelDisplaySizeRatio={1.0}}} sideOverrides={}}, touch INTERNAL, rotation 0, type INTERNAL, address {port=0}, deviceProductInfo null, state ON, committedState ON, frameRateOverride {uid=10184 frameRateHz=120.00001} {uid=10217 frameRateHz=60.000004} {uid=10304 frameRateHz=60.000004} , brightnessMinimum 0.0, brightnessMaximum 1.0, brightnessDefault 0.19685039, hdrSdrRatio NaN, FLAG_ALLOWED_TO_BE_DEFAULT_DISPLAY, FLAG_ROTATES_WITH_CONTENT, FLAG_SECURE, FLAG_SUPPORTS_PROTECTED_BUFFERS, FLAG_TRUSTED, installOrientation 0, displayShape DisplayShape{ spec=596679847 displayWidth=1080 displayHeight=2436 physicalPixelDisplaySizeRatio=1.0 rotation=0 offsetX=0 offsetY=0 scale=1.0}}
03-02 19:47:10.552 I/mtkpower_client( 1562): perf_cus_lock_hint, ret_hdl:0
03-02 19:47:10.552 I/PowerHalMgrImpl( 1562): hdl:0, pid:1562 
03-02 19:47:10.552 I/mtkpower_client( 1562): perf_lock_acq, hdl:57052, dur:0, num:2, pid:1562, tid:1718
03-02 19:47:10.553 I/mtkpower_client( 1562): ret_hdl:57054
03-02 19:47:10.553 W/TouchableRegionManager( 2206): onHeadsUpPinnedModeChanged
03-02 19:47:10.553 I/PowerHalMgrImpl( 1562): hdl:57054, pid:1562 
03-02 19:47:10.553 I/mtkpower_client( 1562): perf_lock_rel, hdl:57054, tid:1718
03-02 19:47:10.554 I/libPowerHal(  941): [fpsgo_ctrl_render_thread] 2342, 0xb400007079743388
03-02 19:47:10.554 I/Griffin/DeviceState( 1562): virtualDisplayPackageName :{}
03-02 19:47:10.555 I/libPowerHal(  941): [fpsgo_ctrl_render_thread] 2342, 0xb400007079743388
03-02 19:47:10.555 I/libPowerHal(  941): [PD] system_server update ONESHOT cmd:2000300 param:2342
03-02 19:47:10.566 I/WindowManager( 1562): onSwipeFromTop mBlockTransientNavBar:false
03-02 19:47:10.570 I/PowerHalWrapper(  994): updateFps(): 120
03-02 19:47:10.571 I/PowerHalWrapper(  994): updateFps(): 120
03-02 19:47:10.571 I/DisplayDeviceRepository( 1562): Display device changed render timings: "Built-in Screen", renderFrameRate=120.00001, presentationDeadlineNanos=13300000, appVsyncOffsetNanos=1099999
03-02 19:47:10.573 I/Griffin/DeviceState( 1562): virtualDisplayPackageName :{}
03-02 19:47:10.575 I/AudioFlinger(  964): setParameters: filtered keyvalue screen_state=on
03-02 19:47:10.575 I/AudioFlinger(  964): +mAudioHwDevs(primary)->setParameters(): screen_state=on
03-02 19:47:10.576 I/AudioFlinger(  964): -mAudioHwDevs(primary)->setParameters(): screen_state=on
03-02 19:47:10.576 I/AudioFlinger(  964): +mAudioHwDevs(bluetooth)->setParameters(): screen_state=on
03-02 19:47:10.577 I/AudioFlinger(  964): -mAudioHwDevs(bluetooth)->setParameters(): screen_state=on
03-02 19:47:10.577 I/AudioFlinger(  964): +mAudioHwDevs(usb)->setParameters(): screen_state=on
03-02 19:47:10.577 I/AudioFlinger(  964): -mAudioHwDevs(usb)->setParameters(): screen_state=on
03-02 19:47:10.577 I/AudioFlinger(  964): +mAudioHwDevs(r_submix)->setParameters(): screen_state=on
03-02 19:47:10.578 I/AudioFlinger(  964): -mAudioHwDevs(r_submix)->setParameters(): screen_state=on
03-02 19:47:10.578 E/TranFlinger(  964): setPareters is is 0
03-02 19:47:10.578 I/Hiber/nativeServiceClient( 1562): check binder uid=10281
03-02 19:47:10.579 I/SmartPanelService( 4620): mDisplayListener onDisplayChanged
03-02 19:47:10.583 I/SmartPanelRepository( 4620): hasLoadData true  data size = 11
03-02 19:47:10.590 I/Game_Utils( 4620): setFloatingCanShow: 1
03-02 19:47:10.612 I/libPowerHal(  941): [setClusterFreq] MTKPOWER_HINT_APP_TOUCH: sysfs_freq set cpu freq: -1 -1 -1 -1 
03-02 19:47:10.613 I/libPowerHal(  941): [PD] MTKPOWER_HINT_APP_TOUCH update cmd:1408300 param:0
03-02 19:47:10.613 I/ScreenTouchCollector( 3883): resetTouchPara:reason= InputEvent ACTION_UP or ACTION_CANCEL
03-02 19:47:10.614 I/libPowerHal(  941): [PD] MTKPOWER_HINT_APP_TOUCH update cmd:3408b00 param:0
03-02 19:47:10.614 I/libPowerHal(  941): [PD] MTKPOWER_HINT_APP_TOUCH update cmd:1000000 param:-1
03-02 19:47:10.637 I/BufferQueueProducer(  994): [SurfaceView[com.anonmousfriend.app/com.callto.app.MainActivity](BLAST)#23566](this:0xb400007144b049a8,id:-1,api:0,p:-1,c:994) queueBuffer: fps=2.00 dur=1498.85 max=501.58 min=497.52
03-02 19:47:10.637 I/BufferQueueProducer(  994): [SmartPanel_handleView#23460](this:0xb400007144b73a98,id:-1,api:0,p:-1,c:994) queueBuffer: fps=0.01 dur=90349.51 max=90349.51 min=90349.51
03-02 19:47:10.656 I/mtkpower_client( 1063): perf_lock_acq, hdl:0, dur:30000, num:2, tid:1063
03-02 19:47:10.656 I/mtkpower_client( 1063): ret_hdl:57055
03-02 19:47:10.668 I/Hiber/importantScene( 1562): isTrafficActive uid:10267 speed :0
03-02 19:47:10.669 I/Hiber/appStateMachine( 1562): uid:10267 enter FrozenState
03-02 19:47:10.669 I/mtkpower_client( 1063): perf_lock_rel, hdl:57055, tid:1063
03-02 19:47:10.669 E/SlideDampingBounceHelper( 2206): handleDownTouchEvent mTrackingPointerId=0
03-02 19:47:10.670 I/Hiber/stateManager( 1562): freeze uid: 10267 com.smartlife.nebula costTime=1ms ,last unfreeze 317s ago
03-02 19:47:10.670 I/libPowerHal(  941): [PD] fpsgo update cmd:1408300 param:0
03-02 19:47:10.671 I/Hiber/hiber( 1562): msg for start proxy frozen state
03-02 19:47:10.671 I/Hiber/proxyManager( 1562): p_service: 10267
03-02 19:47:10.671 I/Hiber/proxyManager( 1562): p_job: 10267 pkgName=com.smartlife.nebula which=2
03-02 19:47:10.671 I/Hiber/hiber( 1562): proxy alarm (uid=10267, pkgName=com.smartlife.nebula)
03-02 19:47:10.671 I/Hiber/proxyManager( 1562): p_alarm: uid=10267, pkgName=com.smartlife.nebula
03-02 19:47:10.671 I/Hiber/proxyManager( 1562): p_sensor: uid=10267, pkgName=com.smartlife.nebula
03-02 19:47:10.672 E/ApplicationHelper( 1562): Fail to get PackageManager
03-02 19:47:10.674 I/ScrollIdentify( 2206): on fling
03-02 19:47:10.675 I/mtkpower_client( 1562): perf_lock_acq, hdl:56517, dur:3000, num:2, pid:1562, tid:1689
03-02 19:47:10.675 I/mtkpower_client( 1562): ret_hdl:57056
03-02 19:47:10.675 I/SysUI(260105)_StatusBarInsetsProvider( 2206): CutoutPointHelper: 540,61
03-02 19:47:10.675 I/libPowerHal(  941): cmdSetting - unknown cmd:2048700, scmd:(null) ,param_1:1
03-02 19:47:10.675 I/SysUI(260105)_StatusBarInsetsProvider( 2206): getCameraPoint:3.0 (540,61) --->  3.0 Point(540, 61)
03-02 19:47:10.676 I/SysUI(260105)_StatusBarInsetsProvider( 2206): getCameraRadius:3.0 29 --> 3.0 29
03-02 19:47:10.676 I/PowerHalMgrImpl( 2206): hdl:57056, pid:2206 
03-02 19:47:10.678 I/BufferQueueProducer(  994): [StatusBar#102](this:0xb400007144a5f708,id:-1,api:0,p:-1,c:994) queueBuffer: fps=13.42 dur=1192.69 max=433.04 min=16.33
03-02 19:47:10.678 I/SysUI(260105)_OverviewSysUiProxyService( 2206):  isEnabled mIsEnabled false mIsFoldExpanded true
03-02 19:47:10.678 I/TranNotificationExpandButton( 2206): Call setExpandedVisibility
03-02 19:47:10.680 I/libPowerHal(  941): [setClusterFreq] MTKPOWER_HINT_UX_SCROLLING: sysfs_freq set cpu freq: 1675000 -1 2100000 -1 
03-02 19:47:10.684 W/WindowManager( 1562): Changing focus from Window{9fb9cc9 u0 com.anonmousfriend.app/com.callto.app.MainActivity} to Window{ba55e67 u0 NotificationShade} displayId=0 Callers=com.android.server.wm.RootWindowContainer.updateFocusedWindowLocked:528 com.android.server.wm.WindowManagerService.updateFocusedWindowLocked:6847 com.android.server.wm.WindowManagerService.relayoutWindowInner:2854 com.android.server.wm.WindowManagerService.relayoutWindow:2515 
03-02 19:47:10.685 I/BufferQueueDebug(  994): [Surface(name=c8c267b StatusBar)/@0xa143cd5 - animation-leash of insets_animation#23588](this:0xb400007144b70d08,id:-1,api:0,p:-1,c:-1) BufferQueue core=(994:/system/bin/surfaceflinger)
03-02 19:47:10.695 I/Process ( 1562): String at 0: 0x741485b801 = SFMainPolicy
03-02 19:47:10.695 I/mtkpower_client( 1562): perf_lock_acq, hdl:57054, dur:0, num:2, pid:1562, tid:1718
03-02 19:47:10.696 I/mtkpower_client( 1562): ret_hdl:57058
03-02 19:47:10.696 I/PowerHalMgrImpl( 1562): hdl:57058, pid:1562 
03-02 19:47:10.696 I/mtkpower_client( 1562): perf_lock_rel, hdl:57058, tid:1718
03-02 19:47:10.696 I/libPowerHal(  941): [fpsgo_ctrl_render_thread] -2342, 0xb400007079744310
03-02 19:47:10.696 I/Process ( 1562): String at 0: 0x741485b801 = SFMainPolicy
03-02 19:47:10.697 I/mtkpower_client( 1562): perf_lock_acq, hdl:57058, dur:0, num:2, pid:1562, tid:1718
03-02 19:47:10.697 I/libPowerHal(  941): [fpsgo_ctrl_render_thread] -2342, 0xb400007079744310
03-02 19:47:10.697 I/libPowerHal(  941): [PD] system_server update ONESHOT cmd:2000300 param:-2342
03-02 19:47:10.698 I/mtkpower_client( 1562): ret_hdl:57059
03-02 19:47:10.698 I/PowerHalMgrImpl( 1562): hdl:57059, pid:1562 
03-02 19:47:10.698 I/mtkpower_client( 1562): perf_lock_rel, hdl:57059, tid:1718
03-02 19:47:10.698 I/libPowerHal(  941): [fpsgo_ctrl_render_thread] -2342, 0xb400007079744310
03-02 19:47:10.699 I/libPowerHal(  941): [fpsgo_ctrl_render_thread] -2342, 0xb400007079744310
03-02 19:47:10.699 I/libPowerHal(  941): [PD] system_server update ONESHOT cmd:2000300 param:-2342
03-02 19:47:10.701 I/StatusBarModePerDisplayRepository( 2206): isInFullscreenMode:false com.android.systemui
03-02 19:47:10.706 I/SurfaceFlinger(  994): onHandleDestroyed: name=Surface(name=c8c267b StatusBar)/@0xa143cd5 - animation-leash of insets_animation#23586, layerId=23586, parentId=0
03-02 19:47:10.711 I/flutter (16962): [LIFECYCLE] AppLifecycleState: AppLifecycleState.inactive
03-02 19:47:10.712 I/flutter (16962): [ChatPage] App paused/inactive
03-02 19:47:10.712 I/flutter (16962): [ChatStateManager] App paused (background)
03-02 19:47:10.714 I/BufferQueueDebug(  994): [Surface(name=c8c267b StatusBar)/@0xa143cd5 - animation-leash of insets_animation#23586](this:0xb400007144ae5478,id:-1,api:0,p:-1,c:994) onDestructor()
03-02 19:47:10.722 E/system_server( 1562): No package ID 7f found for resource ID 0x7f010000.
03-02 19:47:10.722 E/system_server( 1562): No package ID 7f found for resource ID 0x7f020000.
03-02 19:47:10.722 E/system_server( 1562): No package ID 7f found for resource ID 0x7f030000.
03-02 19:47:10.723 E/system_server( 1562): No package ID 7f found for resource ID 0x7f040000.
03-02 19:47:10.723 E/system_server( 1562): No package ID 7f found for resource ID 0x7f050000.
03-02 19:47:10.724 W/NotificationHistory( 1562): Attempted to add notif for locked/gone/disabled user 0
03-02 19:47:10.754 I/mtkpower_client( 1063): perf_lock_acq, hdl:0, dur:30000, num:2, tid:1063
03-02 19:47:10.755 I/mtkpower_client( 1063): ret_hdl:57060
03-02 19:47:10.772 I/WindowManager( 1562):   isAnimating=false  okToAnimate=true  win=Window{fda9052 u0 SmartPanel_handleView}
03-02 19:47:10.780 E/ApplicationHelper( 1562): Fail to get PackageManager
03-02 19:47:10.783 E/ApplicationHelper( 1562): Fail to get PackageManager
03-02 19:47:10.792 I/SurfaceFlinger(  994): onHandleDestroyed: name=SmartPanel_handleView#23460, layerId=23460, parentId=0
03-02 19:47:10.792 W/AnimatorSet( 2206): Start delay should always be non-negative
03-02 19:47:10.796 E/ApplicationHelper( 1562): Fail to get PackageManager
03-02 19:47:10.797 E/ApplicationHelper( 1562): Fail to get PackageManager
03-02 19:47:10.797 I/BufferQueueDebug(  994): [SmartPanel_handleView#23460](this:0xb400007144b73a98,id:-1,api:0,p:-1,c:994) onDestructor()
03-02 19:47:10.826 I/Process ( 1562): String at 0: 0x73ff9ec401 = SFMainPolicy
03-02 19:47:10.826 I/mtkpower_client( 1562): perf_lock_acq, hdl:57059, dur:0, num:2, pid:1562, tid:1718
03-02 19:47:10.827 I/mtkpower_client( 1562): ret_hdl:57061
03-02 19:47:10.827 I/PowerHalMgrImpl( 1562): hdl:57061, pid:1562 
03-02 19:47:10.827 I/mtkpower_client( 1562): perf_lock_rel, hdl:57061, tid:1718
03-02 19:47:10.827 I/libPowerHal(  941): [fpsgo_ctrl_render_thread] -2342, 0xb400007079745298
03-02 19:47:10.828 I/libPowerHal(  941): [fpsgo_ctrl_render_thread] -2342, 0xb400007079745298
03-02 19:47:10.828 I/libPowerHal(  941): [PD] system_server update ONESHOT cmd:2000300 param:-2342
03-02 19:47:11.028 I/TranTele/TranPhoneInterfaceManager( 2426): TTC - onSignalStrengthsChanged
03-02 19:47:11.029 I/TranPhoneSwitcher( 2426): mDefaultsign:4subid :2
03-02 19:47:11.088 I/mtkpower_client( 1562): perf_lock_acq, hdl:56522, dur:0, num:2, pid:1562, tid:2816
03-02 19:47:11.089 I/mtkpower_client( 1562): ret_hdl:57062
03-02 19:47:11.089 I/PowerHalMgrImpl( 2206): hdl:57062, pid:2206 
03-02 19:47:11.089 I/mtkpower_client( 1562): perf_lock_rel, hdl:57062, tid:2816
03-02 19:47:11.090 I/libPowerHal(  941): [PD] system_server update cmd:2004200 param:0
03-02 19:47:11.129 I/mtkpower_client( 1063): perf_lock_rel, hdl:57060, tid:1063
03-02 19:47:11.130 I/libPowerHal(  941): [PD] fpsgo update cmd:1408300 param:70
03-02 19:47:11.154 I/mtkpower_client( 1063): perf_lock_acq, hdl:0, dur:30000, num:2, tid:1063
03-02 19:47:11.154 I/mtkpower_client( 1063): ret_hdl:57063
03-02 19:47:11.468 I/libPerfCtl(  941): xgfGetFPS pid:2206 fps:113
03-02 19:47:11.468 I/AppThermalMode(  941): [perfNotifyThermalState] hdl:0
03-02 19:47:11.468 I/AppThermalMode(  941): [findAppThermalIdx] Fail: appThermalModeEnable: 0,currentFPS: -1,fg->pid:16962
03-02 19:47:11.468 I/AppThermalMode(  941): [perfNotifyThermalState] appThermalIdx -1:
03-02 19:47:11.469 I/libPerfCtl(  941): xgfGetFPS pid:4620 fps:115
03-02 19:47:11.469 I/AppThermalMode(  941): [perfNotifyThermalState] hdl:0
03-02 19:47:11.469 I/AppThermalMode(  941): [findAppThermalIdx] Fail: appThermalModeEnable: 0,currentFPS: -1,fg->pid:16962
03-02 19:47:11.469 I/AppThermalMode(  941): [perfNotifyThermalState] appThermalIdx -1:
03-02 19:47:11.469 I/libPerfCtl(  941): xgfGetFPS pid:16962 fps:-1
03-02 19:47:11.469 I/AppThermalMode(  941): [perfNotifyThermalState] hdl:0
03-02 19:47:11.469 I/AppThermalMode(  941): [findAppThermalIdx] Fail: appThermalModeEnable: 0,currentFPS: -1,fg->pid:16962
03-02 19:47:11.469 I/AppThermalMode(  941): [perfNotifyThermalState] appThermalIdx -1:
03-02 19:47:11.614 W/JobInfo ( 1562): Job 'com.transsnet.store/com.cloud.hisavana.sdk.jobservice.CoverAdJobService#27100' has a deadline with functional constraints and an extremely short time window of 10000 ms (delay=86400000, deadline=86410000). The functional constraints are not likely to be satisfied when the job runs.
03-02 19:47:11.626 I/mtkpower_client( 1063): perf_lock_rel, hdl:57063, tid:1063
03-02 19:47:11.627 I/libPowerHal(  941): [PD] fpsgo update cmd:1408300 param:70
03-02 19:47:11.637 I/hwcomposer(  928): [HWCDisplay] [Display_0 (type:1)] fps:47.644241,dur:1385.27,max:499.09,min:4.10  
03-02 19:47:11.651 I/mtkpower_client( 1063): perf_lock_acq, hdl:0, dur:30000, num:2, tid:1063
03-02 19:47:11.652 I/mtkpower_client( 1063): ret_hdl:57064
03-02 19:47:11.671 I/Hiber/nativeServiceClient( 1562): check binder uid=10267
03-02 19:47:11.741 I/libPowerHal(  941): [setClusterFreq] MTKPOWER_HINT_APP_TOUCH: sysfs_freq set cpu freq: 2000000 -1 2200000 -1 
03-02 19:47:11.742 I/IslandViewManager:2.02.02.091(31466): onOutsideTouch: expandIslandAnimating=false
03-02 19:47:11.742 E/libPowerHal(  941): [getCPUFreq] error cid:2, nClusterNum:2
03-02 19:47:11.742 E/SlideDampingBounceHelper( 2206): handleDownTouchEvent mTrackingPointerId=0
03-02 19:47:11.742 E/SlideDampingBounceHelper( 2206): handleDownTouchEvent mTrackingPointerId=0
03-02 19:47:11.768 I/BufferQueueProducer(  994): [NotificationShade#23587](this:0xb400007144a92b28,id:-1,api:0,p:-1,c:994) queueBuffer: fps=37.98 dur=1500.79 max=757.01 min=7.27
03-02 19:47:11.833 I/libPowerHal(  941): [setClusterFreq] MTKPOWER_HINT_APP_TOUCH: sysfs_freq set cpu freq: 1850000 -1 2100000 -1 
03-02 19:47:11.833 I/libPowerHal(  941): [PD] MTKPOWER_HINT_APP_TOUCH update cmd:3408b00 param:0
03-02 19:47:11.833 I/ScreenTouchCollector( 3883): resetTouchPara:reason= InputEvent ACTION_UP or ACTION_CANCEL
03-02 19:47:11.943 I/mtkpower@impl(  941): [powerd_req] TIMER_MSG_PERF_LOCK_TIMEOUT hdl:57066
03-02 19:47:11.944 I/libPowerHal(  941): [setClusterFreq] mtkpower@1.0-se: sysfs_freq set cpu freq: 1675000 -1 2100000 -1 
03-02 19:47:12.128 I/mtkpower_client( 1063): perf_lock_rel, hdl:57064, tid:1063
03-02 19:47:12.129 I/libPowerHal(  941): [PD] fpsgo update cmd:1408300 param:70
03-02 19:47:12.134 I/BufferQueueProducer(  994): [SurfaceView[com.anonmousfriend.app/com.callto.app.MainActivity](BLAST)#23566](this:0xb400007144b049a8,id:-1,api:0,p:-1,c:994) queueBuffer: fps=2.67 dur=1497.74 max=499.25 min=99.83
03-02 19:47:12.152 I/mtkpower_client( 1063): perf_lock_acq, hdl:0, dur:30000, num:2, tid:1063
03-02 19:47:12.153 I/mtkpower_client( 1063): ret_hdl:57067
03-02 19:47:12.154 I/Hiber/importantScene( 1562): isTrafficActive uid:10141 speed :0
03-02 19:47:12.155 I/Hiber/importantScene( 1562): bt: packageName=com.google.android.gm
03-02 19:47:12.155 I/Hiber/appStateMachine( 1562): uid:10141, pkg=com.google.android.gm  can't transition from R to F ,importantcase is : bt
03-02 19:47:12.297 I/tranpm/NormalReclaimer( 1562): memAvailable : 1908772
03-02 19:47:12.299 I/tranpm/NormalReclaimer( 1562): doReclaim gap: 36828
03-02 19:47:12.303 I/tranpm/AppPurner( 1562):  kill info -- AppPruner: Reclaimed 0KB while requirement is 36828KB effective:false
03-02 19:47:12.303 I/tranpm/NormalReclaimer( 1562): prunerReclaimSizeKb=0
03-02 19:47:12.319 I/mtkpower_client( 1562): perf_lock_acq, hdl:57062, dur:0, num:2, pid:1562, tid:1689
03-02 19:47:12.320 I/mtkpower_client( 1562): ret_hdl:57068
03-02 19:47:12.320 I/PowerHalMgrImpl( 2206): hdl:57068, pid:2206 
03-02 19:47:12.321 I/mtkpower_client( 1562): perf_lock_rel, hdl:57068, tid:1689
03-02 19:47:12.322 I/libPowerHal(  941): [PD] system_server update cmd:2004200 param:0
03-02 19:47:12.339 I/tranpm/CommonReclaim-recentReclaim( 1562): Final candidate bg apps size 2 while expect size 10,isCritical:false
03-02 19:47:12.394 I/Process ( 1562): Sending signal quietly. PID: 20705 SIG: 9
03-02 19:47:12.396 I/tranpm/CommonReclaim-ProcessReclaimer( 1562): Kill process: com.transsion.tips, pid: 20705, adj: 905, Rss: 103868, taskId:-1 , frozen:true ,rssAnon:65124 kB ,rssFile:76412 kB ,rssShmem:1076 kB ,vmSwap[swapRss]:552 kB
03-02 19:47:12.396 I/tranpm/CommonReclaim-ProcessReclaimer( 1562): reclaimSize∩╝Ü 103868 reuqireMemorySize: 36828 reclaim enough !
03-02 19:47:12.396 I/tranpm/CommonReclaim-ProcessReclaimer( 1562): kill info -- processReclaim:  request: 36828 releaseSize: 103868 killTaskCount: 1 exemptCount∩╝Ü 25 effective: true
03-02 19:47:12.411 I/TranTele/TranPhoneInterfaceManager( 2426): TTC - onSignalStrengthsChanged
03-02 19:47:12.413 I/TranPhoneSwitcher( 2426): mDefaultsign:4subid :2
03-02 19:47:12.434 I/Zygote  (  912): Process 20705 exited due to signal 9 (Killed)
03-02 19:47:12.447 I/ActivityManager( 1562): Process com.transsion.tips (pid 20705) has died: cch+5 CEM 
03-02 19:47:12.448 I/ActivityManager( 1562): need getLruProcesses
03-02 19:47:12.448 I/libprocessgroup( 1562): Removed cgroup /sys/fs/cgroup/uid_10263/pid_20705
03-02 19:47:12.464 I/mtkpower_client( 1562): [PowerHal_Wrap_notifyAppState] com.transsion.tips/com.transsion.tips pid=20705 activityId:20705 state:3
03-02 19:47:12.464 I/mtkpower_client( 1562): [Legacy][PowerHal_Wrap_notifyAppState] com.transsion.tips/com.transsion.tips pid=20705 state:20705
03-02 19:47:12.464 I/libPowerHal(  941): [perfNotifyAppState] pack:com.transsion.tips, act:com.transsion.tips, state:3, pid:20705, uid:10263, fps:-1
03-02 19:47:12.464 I/libPowerHal(  941): [perfNotifyAppState] pack:com.transsion.tips, pid:20705, STATE_DEAD
03-02 19:47:12.465 I/Hiber/stateManager( 1562): unfreeze uid: 10263 com.transsion.tips pids:[20705]  reason:MSG_UID_GONE   cpninfo: costTime=1ms ,last freeze 103s ago
03-02 19:47:12.466 I/Hiber/appStateMachine( 1562): uid=10263, pkg=com.transsion.tips, transition from Frozen to Running, reason=MSG_UID_GONE
03-02 19:47:12.466 I/Hiber/appStateMachine( 1562): uid:10263 exit FrozenState
03-02 19:47:12.466 I/Hiber/appStateMachine( 1562): uid:10263 exit RunningState
03-02 19:47:12.466 I/Hiber/proxyManager( 1562): up_service: 10263
03-02 19:47:12.466 I/Hiber/proxyManager( 1562): un_job: 10263
03-02 19:47:12.466 I/Hiber/proxyManager( 1562): up_sensor: uid=10263, pkgName=com.transsion.tips
03-02 19:47:12.468 I/libPerfCtl(  941): xgfGetFPS pid:2206 fps:101
03-02 19:47:12.469 I/AppThermalMode(  941): [perfNotifyThermalState] hdl:0
03-02 19:47:12.469 I/AppThermalMode(  941): [findAppThermalIdx] Fail: appThermalModeEnable: 0,currentFPS: -1,fg->pid:16962
03-02 19:47:12.469 I/AppThermalMode(  941): [perfNotifyThermalState] appThermalIdx -1:
03-02 19:47:12.469 I/libPerfCtl(  941): xgfGetFPS pid:4620 fps:-1
03-02 19:47:12.469 I/AppThermalMode(  941): [perfNotifyThermalState] hdl:0
03-02 19:47:12.469 I/AppThermalMode(  941): [findAppThermalIdx] Fail: appThermalModeEnable: 0,currentFPS: -1,fg->pid:16962
03-02 19:47:12.469 I/AppThermalMode(  941): [perfNotifyThermalState] appThermalIdx -1:
03-02 19:47:12.469 I/libPerfCtl(  941): xgfGetFPS pid:16962 fps:-1
03-02 19:47:12.469 I/AppThermalMode(  941): [perfNotifyThermalState] hdl:0
03-02 19:47:12.469 I/AppThermalMode(  941): [findAppThermalIdx] Fail: appThermalModeEnable: 0,currentFPS: -1,fg->pid:16962
03-02 19:47:12.469 I/AppThermalMode(  941): [perfNotifyThermalState] appThermalIdx -1:
03-02 19:47:12.474 I/netd    (  911): tetherGetStats() -> {[TetherStatsParcel{iface: ccmni2, rxBytes: 110690, rxPackets: 710, txBytes: 128857, txPackets: 1996, ifIndex: 0}, TetherStatsParcel{iface: v4-ccmni2, rxBytes: 193435814, rxPackets: 332871, txBytes: 327623798, txPackets: 359494, ifIndex: 0}]} <2.87ms>
03-02 19:47:12.604 I/system_server( 1562): Background young concurrent mark compact GC freed 17MB AllocSpace bytes, 200(3992KB) LOS objects, 18% free, 92MB/113MB, paused 5.612ms,15.651ms total 260.489ms
03-02 19:47:12.610 I/BpBinder( 1562): onLastStrongRef automatically unlinking death recipients: 
03-02 19:47:12.610 I/BpBinder( 1562): onLastStrongRef automatically unlinking death recipients: 
03-02 19:47:12.610 I/BpBinder( 1562): onLastStrongRef automatically unlinking death recipients: 
03-02 19:47:12.612 W/System  ( 1562): A resource failed to call close. 
03-02 19:47:12.612 W/System  ( 1562): A resource failed to call close. 
03-02 19:47:12.626 I/mtkpower_client( 1063): perf_lock_rel, hdl:57067, tid:1063
03-02 19:47:12.626 I/libPowerHal(  941): [PD] fpsgo update cmd:1408300 param:70
03-02 19:47:12.650 I/mtkpower_client( 1063): perf_lock_acq, hdl:0, dur:30000, num:2, tid:1063
03-02 19:47:12.651 I/mtkpower_client( 1063): ret_hdl:57069
03-02 19:47:13.124 I/mtkpower_client( 1063): perf_lock_rel, hdl:57069, tid:1063
03-02 19:47:13.125 I/libPowerHal(  941): [PD] fpsgo update cmd:1408300 param:70
03-02 19:47:13.134 I/hwcomposer(  928): [HWCDisplay] [Display_0 (type:1)] fps:33.393719,dur:1497.29,max:498.68,min:6.88  
03-02 19:47:13.149 I/mtkpower_client( 1063): perf_lock_acq, hdl:0, dur:30000, num:2, tid:1063
03-02 19:47:13.150 I/mtkpower_client( 1063): ret_hdl:57070
03-02 19:47:13.385 E/MtkPhoneIntfMgrEx( 2426): MainThreadHandler.handleMessage : 3
03-02 19:47:13.469 I/libPerfCtl(  941): xgfGetFPS pid:2206 fps:-1
03-02 19:47:13.469 I/AppThermalMode(  941): [perfNotifyThermalState] hdl:0
03-02 19:47:13.469 I/AppThermalMode(  941): [findAppThermalIdx] Fail: appThermalModeEnable: 0,currentFPS: -1,fg->pid:16962
03-02 19:47:13.469 I/AppThermalMode(  941): [perfNotifyThermalState] appThermalIdx -1:
03-02 19:47:13.469 I/libPerfCtl(  941): xgfGetFPS pid:4620 fps:-1
03-02 19:47:13.469 I/AppThermalMode(  941): [perfNotifyThermalState] hdl:0
03-02 19:47:13.469 I/AppThermalMode(  941): [findAppThermalIdx] Fail: appThermalModeEnable: 0,currentFPS: -1,fg->pid:16962
03-02 19:47:13.469 I/AppThermalMode(  941): [perfNotifyThermalState] appThermalIdx -1:
03-02 19:47:13.469 I/libPerfCtl(  941): xgfGetFPS pid:16962 fps:-1
03-02 19:47:13.469 I/AppThermalMode(  941): [perfNotifyThermalState] hdl:0
03-02 19:47:13.469 I/AppThermalMode(  941): [findAppThermalIdx] Fail: appThermalModeEnable: 0,currentFPS: -1,fg->pid:16962
03-02 19:47:13.469 I/AppThermalMode(  941): [perfNotifyThermalState] appThermalIdx -1:
03-02 19:47:13.624 I/mtkpower_client( 1063): perf_lock_rel, hdl:57070, tid:1063
03-02 19:47:13.625 I/libPowerHal(  941): [PD] fpsgo update cmd:1408300 param:70
03-02 19:47:13.632 I/BufferQueueProducer(  994): [SurfaceView[com.anonmousfriend.app/com.callto.app.MainActivity](BLAST)#23566](this:0xb400007144b049a8,id:-1,api:0,p:-1,c:994) queueBuffer: fps=2.00 dur=1497.31 max=499.32 min=498.82
03-02 19:47:13.672 I/Hiber/hiber( 1562): begin socketDestroy, mUid: 10267
03-02 19:47:13.676 I/netd    (  911): socketDestroy([UidRangeParcel{start: 10267, stop: 10267}], []) <2.38ms>
03-02 19:47:13.676 I/mtkpower@impl(  941): [powerd_req] TIMER_MSG_PERF_LOCK_TIMEOUT hdl:57056
03-02 19:47:13.676 I/Hiber/hiber( 1562): clearDnsCache again!!!
03-02 19:47:13.678 I/mtkpower_client( 1562): perf_lock_rel, hdl:57056, tid:2287
03-02 19:47:13.681 I/libPowerHal(  941): [setClusterFreq] MTKPOWER_HINT_UX_SCROLLING: sysfs_freq set cpu freq: -1 -1 -1 -1 
03-02 19:47:13.681 I/libPowerHal(  941): [PD] MTKPOWER_HINT_UX_SCROLLING update cmd:1408300 param:0
03-02 19:47:13.682 I/libPowerHal(  941): [PD] MTKPOWER_HINT_UX_SCROLLING update cmd:205c300 param:0
03-02 19:47:13.683 I/mtkpower_client( 1063): perf_lock_acq, hdl:0, dur:30000, num:2, tid:1063
03-02 19:47:13.683 I/libPowerHal(  941): [PD] MTKPOWER_HINT_UX_SCROLLING update cmd:1000000 param:-1
03-02 19:47:13.685 I/mtkpower_client( 1063): ret_hdl:57071
03-02 19:47:13.935 I/TetherOffload(32511): getForwardedStats() upstream:ccmni2
03-02 19:47:13.935 I/TetherOffload(32511):  GetInstance p=0xb4000076f0fcc610
03-02 19:47:13.936 I/TetherOffload(32511): getDataUsage (app: 255 ) ok 
03-02 19:47:13.948 I/netd    (  911): tetherGetStats() -> {[TetherStatsParcel{iface: ccmni2, rxBytes: 110690, rxPackets: 710, txBytes: 128857, txPackets: 1996, ifIndex: 0}, TetherStatsParcel{iface: v4-ccmni2, rxBytes: 193496350, rxPackets: 333001, txBytes: 327661210, txPackets: 359583, ifIndex: 0}]} <6.68ms>
03-02 19:47:13.977 I/netd    (  911): bandwidthSetGlobalAlert(2097152) <1.18ms>
03-02 19:47:13.980 W/NetworkPolicy( 1562): shared quota unsupported; generating rule for each iface
03-02 19:47:13.987 I/netd    (  911): bandwidthRemoveInterfaceQuota(v4-ccmni2) <3.92ms>
03-02 19:47:13.991 I/netd    (  911): bandwidthSetInterfaceQuota(v4-ccmni2, 9223372036854775807) <3.79ms>
03-02 19:47:13.997 I/netd    (  911): bandwidthRemoveInterfaceQuota(ccmni2) <3.87ms>
03-02 19:47:14.004 I/netd    (  911): bandwidthSetInterfaceQuota(ccmni2, 9223372036854775807) <6.02ms>
03-02 19:47:14.125 I/mtkpower_client( 1063): perf_lock_rel, hdl:57071, tid:1063
03-02 19:47:14.127 I/libPowerHal(  941): [PD] fpsgo update cmd:1408300 param:0
03-02 19:47:14.135 I/hwcomposer(  928): [HWCDisplay] [Display_0 (type:1)] fps:2.998219,dur:1000.59,max:499.14,min:33.21  
03-02 19:47:14.183 I/mtkpower_client( 1063): perf_lock_acq, hdl:0, dur:30000, num:2, tid:1063
03-02 19:47:14.184 I/mtkpower_client( 1063): ret_hdl:57072
03-02 19:47:14.207 I/android.hardware.thermal@2.0-service.mtk(  935): fill_temperatures filterType1 name: SKIN type: SKIN throttlingStatus: NONE value: 48.28 ret_temps size 0
03-02 19:47:14.471 I/libPerfCtl(  941): xgfGetFPS pid:2206 fps:-1
03-02 19:47:14.471 I/AppThermalMode(  941): [perfNotifyThermalState] hdl:0
03-02 19:47:14.471 I/AppThermalMode(  941): [findAppThermalIdx] Fail: appThermalModeEnable: 0,currentFPS: -1,fg->pid:16962
03-02 19:47:14.471 I/AppThermalMode(  941): [perfNotifyThermalState] appThermalIdx -1:
03-02 19:47:14.471 I/libPerfCtl(  941): xgfGetFPS pid:4620 fps:-1
03-02 19:47:14.471 I/AppThermalMode(  941): [perfNotifyThermalState] hdl:0
03-02 19:47:14.471 I/AppThermalMode(  941): [findAppThermalIdx] Fail: appThermalModeEnable: 0,currentFPS: -1,fg->pid:16962
03-02 19:47:14.471 I/AppThermalMode(  941): [perfNotifyThermalState] appThermalIdx -1:
03-02 19:47:14.471 I/libPerfCtl(  941): xgfGetFPS pid:16962 fps:-1
03-02 19:47:14.471 I/AppThermalMode(  941): [perfNotifyThermalState] hdl:0
03-02 19:47:14.471 I/AppThermalMode(  941): [findAppThermalIdx] Fail: appThermalModeEnable: 0,currentFPS: -1,fg->pid:16962
03-02 19:47:14.471 I/AppThermalMode(  941): [perfNotifyThermalState] appThermalIdx -1:
03-02 19:47:14.587 I/Hiber/importantScene( 1562): isTrafficActive uid:10281 speed :0
03-02 19:47:14.587 I/Hiber/appStateMachine( 1562): uid:10281 enter FrozenState
03-02 19:47:14.596 I/Hiber/stateManager( 1562): freeze uid: 10281 com.whatsapp.w4b costTime=9ms ,last unfreeze 5s ago
03-02 19:47:14.597 I/Hiber/restrictionPolicy( 1562): uid:10281  pkgName:com.whatsapp.w4b isAllowedNet
03-02 19:47:14.597 I/Hiber/hiber( 1562): msg for start proxy frozen state
03-02 19:47:14.598 I/Hiber/nativeServiceClient( 1562): watch app network uid=10281, persistent=0
03-02 19:47:14.598 I/Hiber/proxyManager( 1562): p_service: 10281
03-02 19:47:14.598 I/Hiber/proxyManager( 1562): p_job: 10281 pkgName=com.whatsapp.w4b which=2
03-02 19:47:14.599 E/ApplicationHelper( 1562): Fail to get PackageManager
03-02 19:47:14.603 I/Hiber/hiber( 1562): proxy alarm (uid=10281, pkgName=com.whatsapp.w4b)
03-02 19:47:14.603 I/Hiber/proxyManager( 1562): p_alarm: uid=10281, pkgName=com.whatsapp.w4b
03-02 19:47:14.605 I/Hiber/proxyManager( 1562): p_sensor: uid=10281, pkgName=com.whatsapp.w4b
03-02 19:47:14.624 I/mtkpower_client( 1063): perf_lock_rel, hdl:57072, tid:1063
03-02 19:47:14.625 I/libPowerHal(  941): [PD] fpsgo update cmd:1408300 param:0
03-02 19:47:14.682 I/mtkpower_client( 1063): perf_lock_acq, hdl:0, dur:30000, num:2, tid:1063
03-02 19:47:14.683 I/mtkpower_client( 1063): ret_hdl:57073
03-02 19:47:14.695 I/netd    (  911): tetherGetStats() -> {[TetherStatsParcel{iface: ccmni2, rxBytes: 110690, rxPackets: 710, txBytes: 128857, txPackets: 1996, ifIndex: 0}, TetherStatsParcel{iface: v4-ccmni2, rxBytes: 193547843, rxPackets: 333073, txBytes: 327729948, txPackets: 359657, ifIndex: 0}]} <5.25ms>
03-02 19:47:15.050 E/SurfaceFlinger(  994): MtkDuration override mode is disabled
03-02 19:47:15.050 I/PowerHalWrapper(  994): updateFps(): 60
03-02 19:47:15.051 I/hwcomposer(  928): [HWC] (0) displaySetActiveConfig config:2  
03-02 19:47:15.051 I/DisplayDeviceRepository( 1562): Display device changed: DisplayDeviceInfo{"Built-in Screen": uniqueId="local:0", 1080 x 2436, modeId 1, renderFrameRate 120.00001, defaultModeId 1, userPreferredModeId -1, supportedModes [{id=1, width=1080, height=2436, fps=120.00001, vsync=120.00001, synthetic=false, alternativeRefreshRates=[60.0, 90.0], supportedHdrTypes=[2, 3, 4]}, {id=2, width=1080, height=2436, fps=90.0, vsync=90.0, synthetic=false, alternativeRefreshRates=[60.0, 120.00001], supportedHdrTypes=[2, 3, 4]}, {id=3, width=1080, height=2436, fps=60.0, vsync=60.0, synthetic=false, alternativeRefreshRates=[90.0, 120.00001], supportedHdrTypes=[2, 3, 4]}], colorMode 0, supportedColorModes [0, 7, 9], hdrCapabilities HdrCapabilities{mSupportedHdrTypes=[2, 3, 4], mMaxLuminance=500.0, mMaxAverageLuminance=500.0, mMinLuminance=0.0}, allmSupported false, gameContentTypeSupported false, density 480, 392.783 x 392.828 dpi, appVsyncOff 1099999, presDeadline 13300000, cutout DisplayCutout{insets=Rect(0, 108 - 0, 0) waterfall=Insets{left=0, top=0, right=0, bottom=0} boundingRect={Bounds=[Rect(0, 0 - 0, 0), Rect(468, 0 - 612, 108), Rect(0, 0 - 0, 0), Rect(0, 0 - 0, 0)]} cutoutPathParserInfo={CutoutPathParserInfo{displayWidth=1080 displayHeight=2436 physicalDisplayWidth=1080 physicalDisplayHeight=2436 density={3.0} cutoutSpec={M -24,0 L -24,36 L 24,36 L 24,0 Z @dp} rotation={0} scale={1.0} physicalPixelDisplaySizeRatio={1.0}}} sideOverrides={}}, touch INTERNAL, rotation 0, type INTERNAL, address {port=0}, deviceProductInfo null, state ON, committedState ON, frameRateOverride {uid=10184 frameRateHz=60.000004} {uid=10217 frameRateHz=60.000004} {uid=10304 frameRateHz=60.000004} , brightnessMinimum 0.0, brightnessMaximum 1.0, brightnessDefault 0.19685039, hdrSdrRatio NaN, FLAG_ALLOWED_TO_BE_DEFAULT_DISPLAY, FLAG_ROTATES_WITH_CONTENT, FLAG_SECURE, FLAG_SUPPORTS_PROTECTED_BUFFERS, FLAG_TRUSTED, installOrientation 0, displayShape DisplayShape{ spec=596679847 displayWidth=1080 displayHeight=2436 physicalPixelDisplaySizeRatio=1.0 rotation=0 offsetX=0 offsetY=0 scale=1.0}}
03-02 19:47:15.052 I/Griffin/DeviceState( 1562): virtualDisplayPackageName :{}
03-02 19:47:15.058 I/PowerHalWrapper(  994): updateFps(): 60
03-02 19:47:15.059 I/DisplayDeviceRepository( 1562): Display device changed render timings: "Built-in Screen", renderFrameRate=60.000004, presentationDeadlineNanos=16600000, appVsyncOffsetNanos=1133334
03-02 19:47:15.060 I/PowerHalWrapper(  994): updateFps(): 60
03-02 19:47:15.060 I/Griffin/DeviceState( 1562): virtualDisplayPackageName :{}
03-02 19:47:15.065 I/AudioFlinger(  964): setParameters: filtered keyvalue screen_state=on
03-02 19:47:15.065 I/AudioFlinger(  964): +mAudioHwDevs(primary)->setParameters(): screen_state=on
03-02 19:47:15.067 I/AudioFlinger(  964): -mAudioHwDevs(primary)->setParameters(): screen_state=on
03-02 19:47:15.067 I/AudioFlinger(  964): +mAudioHwDevs(bluetooth)->setParameters(): screen_state=on
03-02 19:47:15.068 I/AudioFlinger(  964): -mAudioHwDevs(bluetooth)->setParameters(): screen_state=on
03-02 19:47:15.068 I/AudioFlinger(  964): +mAudioHwDevs(usb)->setParameters(): screen_state=on
03-02 19:47:15.069 I/AudioFlinger(  964): -mAudioHwDevs(usb)->setParameters(): screen_state=on
03-02 19:47:15.069 I/AudioFlinger(  964): +mAudioHwDevs(r_submix)->setParameters(): screen_state=on
03-02 19:47:15.069 I/SmartPanelService( 4620): mDisplayListener onDisplayChanged
03-02 19:47:15.069 I/AudioFlinger(  964): -mAudioHwDevs(r_submix)->setParameters(): screen_state=on
03-02 19:47:15.070 E/TranFlinger(  964): setPareters is is 0
03-02 19:47:15.132 I/mtkpower_client( 1063): perf_lock_rel, hdl:57073, tid:1063
03-02 19:47:15.133 I/libPowerHal(  941): [PD] fpsgo update cmd:1408300 param:0
03-02 19:47:15.144 I/BufferQueueProducer(  994): [SurfaceView[com.anonmousfriend.app/com.callto.app.MainActivity](BLAST)#23566](this:0xb400007144b049a8,id:-1,api:0,p:-1,c:994) queueBuffer: fps=1.98 dur=1511.79 max=512.40 min=499.52
03-02 19:47:15.146 I/hwcomposer(  928): [HWCDisplay] [Display_0 (type:1)] fps:3.957009,dur:1010.86,max:499.23,min:6.41  
03-02 19:47:15.198 I/mtkpower_client( 1063): perf_lock_acq, hdl:0, dur:30000, num:2, tid:1063
03-02 19:47:15.199 I/mtkpower_client( 1063): ret_hdl:57074
03-02 19:47:15.432 I/TranTele/TranPhoneInterfaceManager( 2426): TTC - onSignalStrengthsChanged
03-02 19:47:15.437 I/TranPhoneSwitcher( 2426): mOthersign:3subid :1
03-02 19:47:15.471 I/libPerfCtl(  941): xgfGetFPS pid:2206 fps:-1
03-02 19:47:15.472 I/AppThermalMode(  941): [perfNotifyThermalState] hdl:0
03-02 19:47:15.472 I/AppThermalMode(  941): [findAppThermalIdx] Fail: appThermalModeEnable: 0,currentFPS: -1,fg->pid:16962
03-02 19:47:15.472 I/AppThermalMode(  941): [perfNotifyThermalState] appThermalIdx -1:
03-02 19:47:15.472 I/libPerfCtl(  941): xgfGetFPS pid:4620 fps:-1
03-02 19:47:15.472 I/AppThermalMode(  941): [perfNotifyThermalState] hdl:0
03-02 19:47:15.472 I/AppThermalMode(  941): [findAppThermalIdx] Fail: appThermalModeEnable: 0,currentFPS: -1,fg->pid:16962
03-02 19:47:15.472 I/AppThermalMode(  941): [perfNotifyThermalState] appThermalIdx -1:
03-02 19:47:15.472 I/libPerfCtl(  941): xgfGetFPS pid:16962 fps:-1
03-02 19:47:15.472 I/AppThermalMode(  941): [perfNotifyThermalState] hdl:0
03-02 19:47:15.472 I/AppThermalMode(  941): [findAppThermalIdx] Fail: appThermalModeEnable: 0,currentFPS: -1,fg->pid:16962
03-02 19:47:15.472 I/AppThermalMode(  941): [perfNotifyThermalState] appThermalIdx -1:
03-02 19:47:15.480 I/Hiber/importantScene( 1562): widget: packageName=com.transsion.iotcard
03-02 19:47:15.480 I/Hiber/appStateMachine( 1562): uid:10203, pkg=com.transsion.iotcard  can't transition from R to F ,importantcase is : widget
03-02 19:47:15.600 I/Hiber/nativeServiceClient( 1562): check binder uid=10281
03-02 19:47:15.611 I/Hiber/stateManager( 1562): unfreeze uid: 10281 com.whatsapp.w4b pids:[27882]  reason:transBinder   cpninfo:TRANSACTION_1 costTime=8ms ,last freeze 1s ago
03-02 19:47:15.611 I/Hiber/appStateMachine( 1562): uid=10281, pkg=com.whatsapp.w4b, transition from Frozen to Running, reason=transBinder
03-02 19:47:15.611 I/Hiber/appStateMachine( 1562): uid:10281 exit FrozenState
03-02 19:47:15.612 I/Hiber/proxyManager( 1562): up_service: 10281
03-02 19:47:15.612 I/Hiber/proxyManager( 1562): un_job: 10281
03-02 19:47:15.615 I/Hiber/proxyManager( 1562): up_sensor: uid=10281, pkgName=com.whatsapp.w4b
03-02 19:47:15.632 I/mtkpower_client( 1063): perf_lock_rel, hdl:57074, tid:1063
03-02 19:47:15.633 I/libPowerHal(  941): [PD] fpsgo update cmd:1408300 param:0
03-02 19:47:15.655 I/TranActivityManager(21693): TranThubActivityManager
03-02 19:47:15.656 I/TranPackageManager(21693): TranThubPackageManager
03-02 19:47:15.657 I/TranActivityManager(21693): TranThubActivityManager
03-02 19:47:15.658 I/TranPackageManager(21693): TranThubPackageManager
03-02 19:47:15.664 I/Hiber/stateManager( 1562): unfreeze uid: 10267 com.smartlife.nebula pids:[21730]  reason:bindService   cpninfo:f-1/cpn # 10203 costTime=2ms ,last freeze 4s ago
03-02 19:47:15.664 I/Hiber/appStateMachine( 1562): uid=10267, pkg=com.smartlife.nebula, transition from Frozen to Running, reason=bindService
03-02 19:47:15.664 I/Hiber/appStateMachine( 1562): uid:10267 exit FrozenState
03-02 19:47:15.665 I/Hiber/proxyManager( 1562): up_service: 10267
03-02 19:47:15.665 I/Hiber/proxyManager( 1562): un_job: 10267
03-02 19:47:15.665 I/Hiber/proxyManager( 1562): up_sensor: uid=10267, pkgName=com.smartlife.nebula
03-02 19:47:15.666 I/resolv  (  911): GetAddrInfoHandler::run: {100 100 100 983140 10267 0}
03-02 19:47:15.667 I/resolv  (  911): GetAddrInfoHandler::run: network access blocked
03-02 19:47:15.670 E/ApplicationHelper( 1562): Fail to get PackageManager
03-02 19:47:15.675 I/netd    (  911): tetherGetStats() -> {[TetherStatsParcel{iface: ccmni2, rxBytes: 110690, rxPackets: 710, txBytes: 128857, txPackets: 1996, ifIndex: 0}, TetherStatsParcel{iface: v4-ccmni2, rxBytes: 193551820, rxPackets: 333158, txBytes: 327836748, txPackets: 359743, ifIndex: 0}]} <2.44ms>
03-02 19:47:15.676 E/ApplicationHelper( 1562): Fail to get PackageManager
03-02 19:47:15.679 E/ApplicationHelper( 1562): Fail to get PackageManager
03-02 19:47:15.679 I/TranActivityManager(21693): TranThubActivityManager
03-02 19:47:15.680 I/TranPackageManager(21693): TranThubPackageManager
03-02 19:47:15.680 E/ApplicationHelper( 1562): Fail to get PackageManager
03-02 19:47:15.684 W/anssion.iotcard(21693): userfaultfd: MOVE ioctl seems unsupported: Connection timed out
03-02 19:47:15.688 W/ActivityManager( 1562): Unable to start service Intent { act=com.transsion.aiot.mulcollaboration.MulCooperateService pkg=com.transsion.iotservice } U=0: not found
03-02 19:47:15.691 I/TranActivityManager(21693): TranThubActivityManager
03-02 19:47:15.692 E/ApplicationHelper( 1562): Fail to get PackageManager
03-02 19:47:15.692 E/ApplicationHelper( 1562): Fail to get PackageManager
03-02 19:47:15.692 I/TranPackageManager(21693): TranThubPackageManager
03-02 19:47:15.694 E/DeviceProviderService(21730): initAppDevices onError CANCELLED: Channel is forcefully shutdown
03-02 19:47:15.696 I/TranActivityManager(21693): TranThubActivityManager
03-02 19:47:15.696 E/ApplicationHelper( 1562): Fail to get PackageManager
03-02 19:47:15.696 I/TranPackageManager(21693): TranThubPackageManager
03-02 19:47:15.696 E/ApplicationHelper( 1562): Fail to get PackageManager
03-02 19:47:15.697 I/mtkpower_client( 1063): perf_lock_acq, hdl:0, dur:30000, num:2, tid:1063
03-02 19:47:15.697 E/ApplicationHelper( 1562): Fail to get PackageManager
03-02 19:47:15.698 I/mtkpower_client( 1063): ret_hdl:57075
03-02 19:47:15.701 I/TranActivityManager(21693): TranThubActivityManager
03-02 19:47:15.701 I/TranPackageManager(21693): TranThubPackageManager
03-02 19:47:15.702 E/ApplicationHelper( 1562): Fail to get PackageManager
03-02 19:47:15.703 E/ApplicationHelper( 1562): Fail to get PackageManager
03-02 19:47:15.708 I/resolv  (  911): GetAddrInfoHandler::run: {100 100 100 983140 10203 0}
03-02 19:47:15.719 E/wg.r2   (21754): Exception while executing runnable wg.u2$c$c@a538868
03-02 19:47:15.719 E/wg.r2   (21754): java.lang.RuntimeException: Field packageNameRequest_ for ic.f not found. Known fields are [public java.lang.String ic.f.a, public static final int ic.f.b, public static final ic.f ic.f.c, public static volatile com.google.protobuf.Parser ic.f.d]
03-02 19:47:15.719 E/wg.r2   (21754): 	at com.google.protobuf.MessageSchema.reflectField(Unknown Source:62)
03-02 19:47:15.719 E/wg.r2   (21754): 	at com.google.protobuf.MessageSchema.newSchemaForRawMessageInfo(Unknown Source:647)
03-02 19:47:15.719 E/wg.r2   (21754): 	at com.google.protobuf.MessageSchema.newSchema(Unknown Source:12)
03-02 19:47:15.719 E/wg.r2   (21754): 	at com.google.protobuf.ManifestSchemaFactory.newSchema(Unknown Source:60)
03-02 19:47:15.719 E/wg.r2   (21754): 	at com.google.protobuf.ManifestSchemaFactory.createSchema(Unknown Source:57)
03-02 19:47:15.719 E/wg.r2   (21754): 	at com.google.protobuf.Protobuf.schemaFor(SourceFile:3)
03-02 19:47:15.719 E/wg.r2   (21754): 	at com.google.protobuf.Protobuf.schemaFor(SourceFile:5)
03-02 19:47:15.719 E/wg.r2   (21754): 	at com.google.protobuf.GeneratedMessageLite.parsePartialFrom(SourceFile:2)
03-02 19:47:15.719 E/wg.r2   (21754): 	at com.google.protobuf.GeneratedMessageLite$DefaultInstanceBasedParser.parsePartialFrom(SourceFile:4)
03-02 19:47:15.719 E/wg.r2   (21754): 	at com.google.protobuf.GeneratedMessageLite$DefaultInstanceBasedParser.parsePartialFrom(SourceFile:2)
03-02 19:47:15.719 E/wg.r2   (21754): 	at com.google.protobuf.AbstractParser.parseFrom(SourceFile:13)
03-02 19:47:15.719 E/wg.r2   (21754): 	at com.google.protobuf.AbstractParser.parseFrom(SourceFile:4)
03-02 19:47:15.719 E/wg.r2   (21754): 	at dh.b$a.g(Unknown Source:4)
03-02 19:47:15.719 E/wg.r2   (21754): 	at dh.b$a.f(Unknown Source:151)
03-02 19:47:15.719 E/wg.r2   (21754): 	at dh.b$a.c(Unknown Source:0)
03-02 19:47:15.719 E/wg.r2   (21754): 	at wg.s2$a.i(Unknown Source:26)
03-02 19:47:15.719 E/wg.r2   (21754): 	at wg.s2$a.a(Unknown Source:15)
03-02 19:47:15.719 E/wg.r2   (21754): 	at wg.u2$c$c.a(Unknown Source:26)
03-02 19:47:15.719 E/wg.r2   (21754): 	at wg.a0.run(Unknown Source:6)
03-02 19:47:15.719 E/wg.r2   (21754): 	at wg.r2.run(Unknown Source:17)
03-02 19:47:15.719 E/wg.r2   (21754): 	at java.util.concurrent.ThreadPoolExecutor.runWorker(ThreadPoolExecutor.java:1154)
03-02 19:47:15.719 E/wg.r2   (21754): 	at java.util.concurrent.ThreadPoolExecutor$Worker.run(ThreadPoolExecutor.java:652)
03-02 19:47:15.719 E/wg.r2   (21754): 	at java.lang.Thread.run(Thread.java:1564)
03-02 19:47:15.720 I/TranActivityManager(21693): TranThubActivityManager
03-02 19:47:15.721 I/TranPackageManager(21693): TranThubPackageManager
03-02 19:47:15.730 W/ssion.pcconnect(21754): userfaultfd: MOVE ioctl seems unsupported: Try again
03-02 19:47:15.731 W/martlife.nebula(21730): userfaultfd: MOVE ioctl seems unsupported: Connection timed out
03-02 19:47:15.786 I/Hiber/importantScene( 1562): default_sms: packageName=com.google.android.apps.messaging
