03-02 19:47:23.058 I/BufferQueueProducer(  994): [PopupWindow:17609d3#23609](this:0xb400007144b1b628,id:-1,api:0,p:-1,c:994) queueBuffer: fps=23.92 dur=2549.69 max=1819.09 min=6.35
03-02 19:47:23.128 I/mtkpower@impl(  941): [powerd_req] TIMER_MSG_PERF_LOCK_TIMEOUT hdl:57109
03-02 19:47:23.129 I/libPowerHal(  941): [setClusterFreq] mtkpower@1.0-se: sysfs_freq set cpu freq: -1 750000 -1 950000 
03-02 19:47:23.130 I/libPowerHal(  941): [PD] mtkpower@1.0-se update cmd:1408300 param:0
03-02 19:47:23.235 E/ApplicationHelper( 1562): Fail to get PackageManager
03-02 19:47:23.243 I/om.whatsapp.w4b(27882): Background young concurrent mark compact GC freed 17MB AllocSpace bytes, 31(1388KB) LOS objects, 19% free, 67MB/84MB, paused 4.582ms,6.271ms total 239.169ms
03-02 19:47:23.297 W/WindowOnBackDispatcher(27882): sendCancelIfRunning: isInProgress=false callback=android.view.ViewRootImpl$$ExternalSyntheticLambda12@e48ccf7
03-02 19:47:23.304 W/InputManager-JNI( 1562): Input channel object 'a1e0c01 PopupWindow:17609d3 (client)' was disposed without first being removed with the input manager!
03-02 19:47:23.304 I/WindowManager( 1562):   isAnimating=false  okToAnimate=true  win=Window{a1e0c01 u0 PopupWindow:17609d3}
03-02 19:47:23.308 I/BufferQueueDebug(  994): [Surface(name=a1e0c01 PopupWindow:17609d3)/@0x65cf200 - animation-leash of window_animation#23611](this:0xb400007144b70d08,id:-1,api:0,p:-1,c:-1) BufferQueue core=(994:/system/bin/surfaceflinger)
03-02 19:47:23.316 I/mtkpower_client( 1562): perf_cus_lock_hint hint:101, dur:220, pid:1562
03-02 19:47:23.318 I/mtkpower_client( 1562): perf_cus_lock_hint, ret_hdl:57110
03-02 19:47:23.318 I/PowerHalMgrImpl( 1562): hdl:57110, pid:1562 
03-02 19:47:23.320 I/libPowerHal(  941): [setClusterFreq] MTKPOWER_HINT_LAUNCHER_ANIMA: sysfs_freq set cpu freq: 750000 750000 950000 950000 
03-02 19:47:23.332 I/TranTele/TranPhoneInterfaceManager( 2426): TTC - onSignalStrengthsChanged
03-02 19:47:23.336 I/DisplayDeviceRepository( 1562): Display device changed: DisplayDeviceInfo{"Built-in Screen": uniqueId="local:0", 1080 x 2436, modeId 2, renderFrameRate 90.0, defaultModeId 1, userPreferredModeId -1, supportedModes [{id=1, width=1080, height=2436, fps=120.00001, vsync=120.00001, synthetic=false, alternativeRefreshRates=[60.0, 90.0], supportedHdrTypes=[2, 3, 4]}, {id=2, width=1080, height=2436, fps=90.0, vsync=90.0, synthetic=false, alternativeRefreshRates=[60.0, 120.00001], supportedHdrTypes=[2, 3, 4]}, {id=3, width=1080, height=2436, fps=60.0, vsync=60.0, synthetic=false, alternativeRefreshRates=[90.0, 120.00001], supportedHdrTypes=[2, 3, 4]}], colorMode 0, supportedColorModes [0, 7, 9], hdrCapabilities HdrCapabilities{mSupportedHdrTypes=[2, 3, 4], mMaxLuminance=500.0, mMaxAverageLuminance=500.0, mMinLuminance=0.0}, allmSupported false, gameContentTypeSupported false, density 480, 392.783 x 392.828 dpi, appVsyncOff 1033333, presDeadline 14100000, cutout DisplayCutout{insets=Rect(0, 108 - 0, 0) waterfall=Insets{left=0, top=0, right=0, bottom=0} boundingRect={Bounds=[Rect(0, 0 - 0, 0), Rect(468, 0 - 612, 108), Rect(0, 0 - 0, 0), Rect(0, 0 - 0, 0)]} cutoutPathParserInfo={CutoutPathParserInfo{displayWidth=1080 displayHeight=2436 physicalDisplayWidth=1080 physicalDisplayHeight=2436 density={3.0} cutoutSpec={M -24,0 L -24,36 L 24,36 L 24,0 Z @dp} rotation={0} scale={1.0} physicalPixelDisplaySizeRatio={1.0}}} sideOverrides={}}, touch INTERNAL, rotation 0, type INTERNAL, address {port=0}, deviceProductInfo null, state ON, committedState ON, frameRateOverride , brightnessMinimum 0.0, brightnessMaximum 1.0, brightnessDefault 0.19685039, hdrSdrRatio NaN, FLAG_ALLOWED_TO_BE_DEFAULT_DISPLAY, FLAG_ROTATES_WITH_CONTENT, FLAG_SECURE, FLAG_SUPPORTS_PROTECTED_BUFFERS, FLAG_TRUSTED, installOrientation 0, displayShape DisplayShape{ spec=596679847 displayWidth=1080 displayHeight=2436 physicalPixelDisplaySizeRatio=1.0 rotation=0 offsetX=0 offsetY=0 scale=1.0}}
03-02 19:47:23.339 I/TranPhoneSwitcher( 2426): mDefaultsign:4subid :2
03-02 19:47:23.340 I/Griffin/DeviceState( 1562): virtualDisplayPackageName :{}
03-02 19:47:23.343 I/mtkpower@impl(  941): [setMode] type:6, enabled:1
03-02 19:47:23.343 E/mtkpower@impl(  941): [setMode] unknown type
03-02 19:47:23.346 I/BufferQueueProducer(  994): [FramebufferSurface](this:0xb40000706489f790,id:-1,api:1,p:994,c:994) queueBuffer: fps=2.86 dur=2793.40 max=2683.77 min=14.55
03-02 19:47:23.372 E/ApplicationHelper( 1562): Fail to get PackageManager
03-02 19:47:23.378 E/ApplicationHelper( 1562): Fail to get PackageManager
03-02 19:47:23.380 I/netd    (  911): tetherGetStats() -> {[TetherStatsParcel{iface: ccmni2, rxBytes: 110690, rxPackets: 710, txBytes: 128857, txPackets: 1996, ifIndex: 0}, TetherStatsParcel{iface: v4-ccmni2, rxBytes: 193584356, rxPackets: 333277, txBytes: 327900651, txPackets: 359852, ifIndex: 0}]} <2.37ms>
03-02 19:47:23.475 I/libPerfCtl(  941): xgfGetFPS pid:2206 fps:-1
03-02 19:47:23.475 I/AppThermalMode(  941): [perfNotifyThermalState] hdl:0
03-02 19:47:23.475 I/AppThermalMode(  941): [findAppThermalIdx] Fail: appThermalModeEnable: 0,currentFPS: 90,fg->pid:27882
03-02 19:47:23.475 I/AppThermalMode(  941): [perfNotifyThermalState] appThermalIdx -1:
03-02 19:47:23.475 I/libPerfCtl(  941): xgfGetFPS pid:4620 fps:-1
03-02 19:47:23.475 I/AppThermalMode(  941): [perfNotifyThermalState] hdl:0
03-02 19:47:23.475 I/AppThermalMode(  941): [findAppThermalIdx] Fail: appThermalModeEnable: 0,currentFPS: 90,fg->pid:27882
03-02 19:47:23.475 I/AppThermalMode(  941): [perfNotifyThermalState] appThermalIdx -1:
03-02 19:47:23.476 I/libPerfCtl(  941): xgfGetFPS pid:5615 fps:-1
03-02 19:47:23.476 I/AppThermalMode(  941): [perfNotifyThermalState] hdl:0
03-02 19:47:23.476 I/AppThermalMode(  941): [findAppThermalIdx] Fail: appThermalModeEnable: 0,currentFPS: 90,fg->pid:27882
03-02 19:47:23.476 I/AppThermalMode(  941): [perfNotifyThermalState] appThermalIdx -1:
03-02 19:47:23.476 I/libPerfCtl(  941): xgfGetFPS pid:16962 fps:-1
03-02 19:47:23.476 I/AppThermalMode(  941): [perfNotifyThermalState] hdl:0
03-02 19:47:23.476 I/AppThermalMode(  941): [findAppThermalIdx] Fail: appThermalModeEnable: 0,currentFPS: 90,fg->pid:27882
03-02 19:47:23.476 I/AppThermalMode(  941): [perfNotifyThermalState] appThermalIdx -1:
03-02 19:47:23.476 I/libPerfCtl(  941): xgfGetFPS pid:27882 fps:72
03-02 19:47:23.476 I/AppThermalMode(  941): [perfNotifyThermalState] hdl:0
03-02 19:47:23.476 I/AppThermalMode(  941): [findAppThermalIdx] Fail: appThermalModeEnable: 0,currentFPS: 90,fg->pid:27882
03-02 19:47:23.476 I/AppThermalMode(  941): [perfNotifyThermalState] appThermalIdx -1:
03-02 19:47:23.476 I/libPerfCtl(  941): xgfGetFPS pid:31466 fps:-1
03-02 19:47:23.476 I/AppThermalMode(  941): [perfNotifyThermalState] hdl:0
03-02 19:47:23.476 I/AppThermalMode(  941): [findAppThermalIdx] Fail: appThermalModeEnable: 0,currentFPS: 90,fg->pid:27882
03-02 19:47:23.476 I/AppThermalMode(  941): [perfNotifyThermalState] appThermalIdx -1:
03-02 19:47:23.491 I/mtkpower@impl(  941): [setMode] type:6, enabled:0
03-02 19:47:23.491 E/mtkpower@impl(  941): [setMode] unknown type
03-02 19:47:23.528 W/NotificationCloudRule( 1562): no need to handle notification for same key, notification = NotificationRecord(0x0c771bbf: pkg=com.whatsapp.w4b user=UserHandle{0} id=1 tag=Rzf3KBCOahABbDJmAK1UZjUxI65keoiPBedDp52Exx8=
03-02 19:47:23.528 W/NotificationCloudRule( 1562):  importance=4 key=0|com.whatsapp.w4b|1|Rzf3KBCOahABbDJmAK1UZjUxI65keoiPBedDp52Exx8=
03-02 19:47:23.528 W/NotificationCloudRule( 1562): |10281: Notification(channel=individual_chat_defaults_4 shortcut=67968528560358@lid contentView=null vibrate=null sound=null defaults=0 flags=ONLY_ALERT_ONCE color=0xff1b8755 groupKey=group_key_messages sortKey=001 actions=3 vis=PRIVATE publicVersion=Notification(channel=null shortcut=null contentView=null vibrate=null sound=null defaults=0 flags=0 color=0xff1b8755 category=msg vis=PRIVATE)))
03-02 19:47:23.530 E/TranLedTrancareUtil( 1562): updateLedCount exception sceneType=2
03-02 19:47:23.540 I/mtkpower@impl(  941): [powerd_req] TIMER_MSG_PERF_LOCK_TIMEOUT hdl:57110
03-02 19:47:23.541 I/libPowerHal(  941): [setClusterFreq] MTKPOWER_HINT_LAUNCHER_ANIMA: sysfs_freq set cpu freq: -1 750000 -1 950000 
03-02 19:47:23.548 W/NotificationCloudRule( 1562): no need to handle group notification , notification = NotificationRecord(0x0e86c3b7: pkg=com.whatsapp.w4b user=UserHandle{0} id=1 tag=null importance=4 key=0|com.whatsapp.w4b|1|null|10281: Notification(channel=individual_chat_defaults_4 shortcut=67968528560358@lid contentView=null vibrate=null sound=null tick defaults=0 flags=SHOW_LIGHTS|GROUP_SUMMARY color=0xff1b8755 category=msg groupKey=group_key_messages vis=PRIVATE publicVersion=Notification(channel=null shortcut=null contentView=null vibrate=null sound=null defaults=0 flags=0 color=0xff1b8755 category=msg vis=PRIVATE)))
03-02 19:47:23.549 I/WindowManager( 1562):   onAnimationFinished on win=Window{a1e0c01 u0 PopupWindow:17609d3}
03-02 19:47:23.559 I/AiAiTextClassifier( 3700): onCreateTextClassificationSession = TextClassificationSessionId {40635844-9ad3-4bbe-8145-b9ca86201796}
03-02 19:47:23.561 I/SurfaceFlinger(  994): onHandleDestroyed: name=PopupWindow:17609d3#23609, layerId=23609, parentId=0
03-02 19:47:23.561 I/SurfaceFlinger(  994): onHandleDestroyed: name=Surface(name=a1e0c01 PopupWindow:17609d3)/@0x65cf200 - animation-leash of window_animation#23611, layerId=23611, parentId=0
03-02 19:47:23.561 I/SurfaceFlinger(  994): onHandleDestroyed: name=a1e0c01 PopupWindow:17609d3#23608, layerId=23608, parentId=0
03-02 19:47:23.561 I/AiAiTextClassifier( 3700): AiaiTextClassifierService.onSuggestConversationActions
03-02 19:47:23.565 I/DisplayDeviceRepository( 1562): Display device changed: DisplayDeviceInfo{"Built-in Screen": uniqueId="local:0", 1080 x 2436, modeId 2, renderFrameRate 90.0, defaultModeId 1, userPreferredModeId -1, supportedModes [{id=1, width=1080, height=2436, fps=120.00001, vsync=120.00001, synthetic=false, alternativeRefreshRates=[60.0, 90.0], supportedHdrTypes=[2, 3, 4]}, {id=2, width=1080, height=2436, fps=90.0, vsync=90.0, synthetic=false, alternativeRefreshRates=[60.0, 120.00001], supportedHdrTypes=[2, 3, 4]}, {id=3, width=1080, height=2436, fps=60.0, vsync=60.0, synthetic=false, alternativeRefreshRates=[90.0, 120.00001], supportedHdrTypes=[2, 3, 4]}], colorMode 0, supportedColorModes [0, 7, 9], hdrCapabilities HdrCapabilities{mSupportedHdrTypes=[2, 3, 4], mMaxLuminance=500.0, mMaxAverageLuminance=500.0, mMinLuminance=0.0}, allmSupported false, gameContentTypeSupported false, density 480, 392.783 x 392.828 dpi, appVsyncOff 1033333, presDeadline 14100000, cutout DisplayCutout{insets=Rect(0, 108 - 0, 0) waterfall=Insets{left=0, top=0, right=0, bottom=0} boundingRect={Bounds=[Rect(0, 0 - 0, 0), Rect(468, 0 - 612, 108), Rect(0, 0 - 0, 0), Rect(0, 0 - 0, 0)]} cutoutPathParserInfo={CutoutPathParserInfo{displayWidth=1080 displayHeight=2436 physicalDisplayWidth=1080 physicalDisplayHeight=2436 density={3.0} cutoutSpec={M -24,0 L -24,36 L 24,36 L 24,0 Z @dp} rotation={0} scale={1.0} physicalPixelDisplaySizeRatio={1.0}}} sideOverrides={}}, touch INTERNAL, rotation 0, type INTERNAL, address {port=0}, deviceProductInfo null, state ON, committedState ON, frameRateOverride {uid=10184 frameRateHz=90.0} {uid=10281 frameRateHz=90.0} , brightnessMinimum 0.0, brightnessMaximum 1.0, brightnessDefault 0.19685039, hdrSdrRatio NaN, FLAG_ALLOWED_TO_BE_DEFAULT_DISPLAY, FLAG_ROTATES_WITH_CONTENT, FLAG_SECURE, FLAG_SUPPORTS_PROTECTED_BUFFERS, FLAG_TRUSTED, installOrientation 0, displayShape DisplayShape{ spec=596679847 displayWidth=1080 displayHeight=2436 physicalPixelDisplaySizeRatio=1.0 rotation=0 offsetX=0 offsetY=0 scale=1.0}}
03-02 19:47:23.568 I/Griffin/DeviceState( 1562): virtualDisplayPackageName :{}
03-02 19:47:23.572 I/BufferQueueDebug(  994): [a1e0c01 PopupWindow:17609d3#23608](this:0xb400007144af3848,id:-1,api:0,p:-1,c:994) onDestructor()
03-02 19:47:23.573 I/BufferQueueDebug(  994): [PopupWindow:17609d3#23609](this:0xb400007144b1b628,id:-1,api:0,p:-1,c:994) onDestructor()
03-02 19:47:23.575 I/BufferQueueDebug(  994): [Surface(name=a1e0c01 PopupWindow:17609d3)/@0x65cf200 - animation-leash of window_animation#23611](this:0xb400007144b70d08,id:-1,api:0,p:-1,c:994) onDestructor()
03-02 19:47:23.582 I/AiAiTextClassifier( 3700): onDestroyTextClassificationSession = TextClassificationSessionId {40635844-9ad3-4bbe-8145-b9ca86201796}
03-02 19:47:23.592 E/ApplicationHelper( 1562): Fail to get PackageManager
03-02 19:47:23.592 I/tBadge_transsionapp-RECEIVE-( 2197): XLauncherUnreadProvider#call ,callingPackage=com.whatsapp.w4b
03-02 19:47:23.593 E/ApplicationHelper( 1562): Fail to get PackageManager
03-02 19:47:23.597 I/TAG_BadgeDelegate-( 2197): BadgeDelegate#changeBadge ,componentName =ComponentInfo{com.whatsapp.w4b/com.whatsapp.Main} , userId=0 , unreadNum=170 ,isNeedRefresh=true
03-02 19:47:23.625 E/MtkPhoneIntfMgrEx( 2426): MainThreadHandler.handleMessage : 3
03-02 19:47:23.764 E/system_server( 1562): No package ID 7f found for resource ID 0x7f010000.
03-02 19:47:23.765 E/system_server( 1562): No package ID 7f found for resource ID 0x7f020000.
03-02 19:47:23.766 E/system_server( 1562): No package ID 7f found for resource ID 0x7f030000.
03-02 19:47:23.766 E/system_server( 1562): No package ID 7f found for resource ID 0x7f040000.
03-02 19:47:23.766 E/system_server( 1562): No package ID 7f found for resource ID 0x7f050000.
03-02 19:47:23.768 W/NotificationHistory( 1562): Attempted to add notif for locked/gone/disabled user 0
03-02 19:47:23.780 I/AS.AudioService( 1562): shouldNotificationSoundPlay false: muted stream:5 attr:AudioAttributes: usage=USAGE_NOTIFICATION content=CONTENT_TYPE_SONIFICATION flags=0x800 tags= bundle=null
03-02 19:47:23.780 I/FlashNotifController( 1562): startFlashNotification: type=1, tag=android
03-02 19:47:23.790 E/ApplicationHelper( 1562): Fail to get PackageManager
03-02 19:47:23.802 I/TurboNotificationUtil( 4620): post  hasRemove==true   sbn==StatusBarNotification(pkg=com.whatsapp.w4b user=UserHandle{0} id=1 tag=Rzf3KBCOahABbDJmAK1UZjUxI65keoiPBedDp52Exx8=
03-02 19:47:23.802 I/TurboNotificationUtil( 4620):  key=0|com.whatsapp.w4b|1|Rzf3KBCOahABbDJmAK1UZjUxI65keoiPBedDp52Exx8=
03-02 19:47:23.802 I/TurboNotificationUtil( 4620): |10281: Notification(channel=individual_chat_defaults_4 shortcut=67968528560358@lid contentView=null vibrate=null sound=null defaults=0 flags=ONLY_ALERT_ONCE color=0xff1b8755 groupKey=group_key_messages sortKey=001 actions=3 vis=PRIVATE publicVersion=Notification(channel=null shortcut=null contentView=null vibrate=null sound=null defaults=0 flags=0 color=0xff1b8755 category=msg vis=PRIVATE))) , tickerText = null
03-02 19:47:23.802 I/ShowBarrageHelper( 4620): showBarrageWindow com.whatsapp.w4b
03-02 19:47:23.810 I/SysUI(260105)_OverviewSysUiProxyService( 2206):  isEnabled mIsEnabled false mIsFoldExpanded true
03-02 19:47:23.813 I/TurboNotificationUtil( 4620): post  hasRemove==true   sbn==StatusBarNotification(pkg=com.whatsapp.w4b user=UserHandle{0} id=1 tag=null key=0|com.whatsapp.w4b|1|null|10281: Notification(channel=individual_chat_defaults_4 shortcut=67968528560358@lid contentView=null vibrate=null sound=null tick defaults=0 flags=SHOW_LIGHTS|GROUP_SUMMARY color=0xff1b8755 category=msg groupKey=group_key_messages vis=PRIVATE publicVersion=Notification(channel=null shortcut=null contentView=null vibrate=null sound=null defaults=0 flags=0 color=0xff1b8755 category=msg vis=PRIVATE))) , tickerText = Message from +91 70394 14108
03-02 19:47:23.813 I/ShowBarrageHelper( 4620): showBarrageWindow com.whatsapp.w4b
03-02 19:47:23.820 I/TranNotificationExpandButton( 2206): Call setExpandedVisibility
03-02 19:47:23.828 I/SysUI(260105)_OverviewSysUiProxyService( 2206):  isEnabled mIsEnabled false mIsFoldExpanded true
03-02 19:47:23.831 I/TranNotificationExpandButton( 2206): Call setExpandedVisibility
03-02 19:47:23.835 I/BufferQueueProducer(  994): [StatusBar#102](this:0xb400007144a5f708,id:-1,api:0,p:-1,c:994) queueBuffer: fps=6.37 dur=7216.11 max=6230.79 min=7.27
03-02 19:47:24.015 I/TranTele/TranPhoneInterfaceManager( 2426): TTC - onSignalStrengthsChanged
03-02 19:47:24.020 I/TranPhoneSwitcher( 2426): mDefaultsign:4subid :2
03-02 19:47:24.044 I/SysUI(260105)_OverviewSysUiProxyService( 2206):  isEnabled mIsEnabled false mIsFoldExpanded true
03-02 19:47:24.047 I/TranNotificationExpandButton( 2206): Call setExpandedVisibility
03-02 19:47:24.057 I/BufferQueueProducer(  994): [com.whatsapp.w4b/com.whatsapp.Conversation#23600](this:0xb400007144b92fc8,id:-1,api:0,p:-1,c:994) queueBuffer: fps=64.36 dur=1009.89 max=204.72 min=10.19
03-02 19:47:24.062 I/hwcomposer(  928): [HWCDisplay] [Display_0 (type:1)] fps:82.094810,dur:1011.03,max:44.04,min:6.01  
03-02 19:47:24.184 W/.transsion.tabe(21616): userfaultfd: MOVE ioctl seems unsupported: Connection timed out
03-02 19:47:24.187 W/TouchableRegionManager( 2206): onHeadsUpPinnedModeChanged
03-02 19:47:24.189 W/.transsion.tabe(21616): ApkAssets: Deleting an ApkAssets object '<empty> and /system_ext/app/FaceID/FaceID.apk' with 1 weak references
03-02 19:47:24.191 W/.transsion.tabe(21616): ApkAssets: Deleting an ApkAssets object '<empty> and /system_ext/app/IotCard/IotCard.apk' with 1 weak references
03-02 19:47:24.195 I/SysUI(260105)_OverviewSysUiProxyService( 2206):  isEnabled mIsEnabled false mIsFoldExpanded true
03-02 19:47:24.196 E/ApplicationHelper( 1562): Fail to get PackageManager
03-02 19:47:24.199 I/TranNotificationExpandButton( 2206): Call setExpandedVisibility
03-02 19:47:24.205 E/ApplicationHelper( 1562): Fail to get PackageManager
03-02 19:47:24.205 I/smart_tip_SmartNotificationTipManager( 2206): all app not ready
03-02 19:47:24.228 E/uas-service( 1218): ioclt error: fd=3 cmd=1075336211 ux_data->pid=2206 ux_data->ux_tags=0x100420
03-02 19:47:24.228 E/uas-service( 1218): ioclt error: fd=3 cmd=1075336211 ux_data->pid=2342 ux_data->ux_tags=0x100420
03-02 19:47:24.229 E/uas-service( 1218): ioclt error: fd=3 cmd=1075336211 ux_data->pid=2342 ux_data->ux_tags=0x100420
03-02 19:47:24.230 I/Process ( 1562): String at 0: 0x73ff9ec401 = ProcessCapacityNormal
03-02 19:47:24.230 I/mtkpower_client( 1562): perf_cus_lock_hint hint:112, dur:100, pid:1562
03-02 19:47:24.232 I/mtkpower_client( 1562): perf_cus_lock_hint, ret_hdl:0
03-02 19:47:24.232 I/PowerHalMgrImpl( 1562): hdl:0, pid:1562 
03-02 19:47:24.232 I/mtkpower_client( 1562): perf_lock_acq, hdl:57061, dur:0, num:2, pid:1562, tid:1718
03-02 19:47:24.233 I/Griffin/MemoryMonitorManager( 1562): ProcessRecord= ProcessRecord{2afbf46 21633:com.transsion.faceid/u0a184} pss= 16 threshold= 115
03-02 19:47:24.234 I/mtkpower_client( 1562): ret_hdl:57111
03-02 19:47:24.234 I/PowerHalMgrImpl( 1562): hdl:57111, pid:1562 
03-02 19:47:24.234 I/mtkpower_client( 1562): perf_lock_rel, hdl:57111, tid:1718
03-02 19:47:24.235 I/libPowerHal(  941): [fpsgo_ctrl_render_thread] 2342, 0xb4000070797404f0
03-02 19:47:24.235 I/android.hardware.thermal@2.0-service.mtk(  935): fill_temperatures filterType1 name: SKIN type: SKIN throttlingStatus: NONE value: 48.204 ret_temps size 0
03-02 19:47:24.237 I/libPowerHal(  941): [fpsgo_ctrl_render_thread] 2342, 0xb4000070797404f0
03-02 19:47:24.237 I/libPowerHal(  941): [PD] system_server update ONESHOT cmd:2000300 param:2342
03-02 19:47:24.238 I/BufferQueueDebug(  994): [Surface(name=c8c267b StatusBar)/@0xa143cd5 - animation-leash of insets_animation#23612](this:0xb400007144a76388,id:-1,api:0,p:-1,c:-1) BufferQueue core=(994:/system/bin/surfaceflinger)
03-02 19:47:24.239 I/SysUI(260105)_TrNotificationShadeWindowView( 2206): onWindowVisibilityChanged  visibility 0
03-02 19:47:24.244 E/ApplicationHelper( 1562): Fail to get PackageManager
03-02 19:47:24.256 I/BufferQueueDebug(  994): [NotificationShade#23613](this:0xb400007144a92b28,id:-1,api:0,p:-1,c:-1) BufferQueue core=(994:/system/bin/surfaceflinger)
03-02 19:47:24.257 I/SurfaceFlinger(  994): onHandleDestroyed: name=Surface(name=c8c267b StatusBar)/@0xa143cd5 - animation-leash of insets_animation#23602, layerId=23602, parentId=0
03-02 19:47:24.267 I/FPSGO   ( 1063): fpsgo_boost_sched_idle_prefer:1
03-02 19:47:24.267 I/mtkpower_client( 1063): perf_lock_acq, hdl:0, dur:0, num:2, tid:1063
03-02 19:47:24.267 I/WindowManager( 1562): Relayout Window{ba55e67 u0 NotificationShade}: oldVis=4 newVis=0 focusMayChange = true requestedWidth = 1080 requestedHeight = 2436 outFrames = ClientWindowFrames{frame=[0,0][1080,2436] display=[0,0][1080,2436] parentFrame=[0,0][0,0]} outSurfaceControl = Surface(name=NotificationShade)/@0xde0c54a
03-02 19:47:24.268 I/BufferQueueDebug(  994): [Surface(name=c8c267b StatusBar)/@0xa143cd5 - animation-leash of insets_animation#23602](this:0xb400007144b43408,id:-1,api:0,p:-1,c:994) onDestructor()
03-02 19:47:24.269 I/mtkpower_client( 1063): ret_hdl:57112
03-02 19:47:24.269 I/FPSGO   ( 1063): perfLockAcq hdl:57112
03-02 19:47:24.269 I/FPSGO   ( 1063): fpsgo_boost_sched_rate_ns:0
03-02 19:47:24.269 I/mtkpower_client( 1063): perf_lock_acq, hdl:0, dur:0, num:12, tid:1063
03-02 19:47:24.271 I/mtkpower_client( 1063): ret_hdl:57113
03-02 19:47:24.271 I/FPSGO   ( 1063): perfLockAcq hdl:57113
03-02 19:47:24.274 I/libPowerHal(  941): cmdSetting - unknown cmd:1438500, scmd:(null) ,param_1:0
03-02 19:47:24.275 I/libPowerHal(  941): cmdSetting - unknown cmd:1438800, scmd:(null) ,param_1:0
03-02 19:47:24.281 I/VibratorManager( 1562): [SystemVibratorManager vibrate] going to service.vibrate for pkg: android
03-02 19:47:24.288 I/Vibrator(  957): Vibrator on for timeoutMs: 300
03-02 19:47:24.299 I/WindowManager( 1562):   isAnimating=false  okToAnimate=true  win=Window{ba55e67 u0 NotificationShade}
03-02 19:47:24.312 E/SurfaceFlinger(  994): MtkDuration override mode is disabled
03-02 19:47:24.312 I/PowerHalWrapper(  994): updateFps(): 120
03-02 19:47:24.313 I/hwcomposer(  928): [HWC] (0) displaySetActiveConfig config:0  
03-02 19:47:24.315 I/DisplayDeviceRepository( 1562): Display device changed: DisplayDeviceInfo{"Built-in Screen": uniqueId="local:0", 1080 x 2436, modeId 2, renderFrameRate 90.0, defaultModeId 1, userPreferredModeId -1, supportedModes [{id=1, width=1080, height=2436, fps=120.00001, vsync=120.00001, synthetic=false, alternativeRefreshRates=[60.0, 90.0], supportedHdrTypes=[2, 3, 4]}, {id=2, width=1080, height=2436, fps=90.0, vsync=90.0, synthetic=false, alternativeRefreshRates=[60.0, 120.00001], supportedHdrTypes=[2, 3, 4]}, {id=3, width=1080, height=2436, fps=60.0, vsync=60.0, synthetic=false, alternativeRefreshRates=[90.0, 120.00001], supportedHdrTypes=[2, 3, 4]}], colorMode 0, supportedColorModes [0, 7, 9], hdrCapabilities HdrCapabilities{mSupportedHdrTypes=[2, 3, 4], mMaxLuminance=500.0, mMaxAverageLuminance=500.0, mMinLuminance=0.0}, allmSupported false, gameContentTypeSupported false, density 480, 392.783 x 392.828 dpi, appVsyncOff 1033333, presDeadline 14100000, cutout DisplayCutout{insets=Rect(0, 108 - 0, 0) waterfall=Insets{left=0, top=0, right=0, bottom=0} boundingRect={Bounds=[Rect(0, 0 - 0, 0), Rect(468, 0 - 612, 108), Rect(0, 0 - 0, 0), Rect(0, 0 - 0, 0)]} cutoutPathParserInfo={CutoutPathParserInfo{displayWidth=1080 displayHeight=2436 physicalDisplayWidth=1080 physicalDisplayHeight=2436 density={3.0} cutoutSpec={M -24,0 L -24,36 L 24,36 L 24,0 Z @dp} rotation={0} scale={1.0} physicalPixelDisplaySizeRatio={1.0}}} sideOverrides={}}, touch INTERNAL, rotation 0, type INTERNAL, address {port=0}, deviceProductInfo null, state ON, committedState ON, frameRateOverride {uid=10184 frameRateHz=120.00001} {uid=10217 frameRateHz=60.000004} , brightnessMinimum 0.0, brightnessMaximum 1.0, brightnessDefault 0.19685039, hdrSdrRatio NaN, FLAG_ALLOWED_TO_BE_DEFAULT_DISPLAY, FLAG_ROTATES_WITH_CONTENT, FLAG_SECURE, FLAG_SUPPORTS_PROTECTED_BUFFERS, FLAG_TRUSTED, installOrientation 0, displayShape DisplayShape{ spec=596679847 displayWidth=1080 displayHeight=2436 physicalPixelDisplaySizeRatio=1.0 rotation=0 offsetX=0 offsetY=0 scale=1.0}}
03-02 19:47:24.319 I/Griffin/DeviceState( 1562): virtualDisplayPackageName :{}
03-02 19:47:24.323 I/PowerHalWrapper(  994): updateFps(): 120
03-02 19:47:24.325 I/PowerHalWrapper(  994): updateFps(): 120
03-02 19:47:24.328 I/DisplayDeviceRepository( 1562): Display device changed render timings: "Built-in Screen", renderFrameRate=120.00001, presentationDeadlineNanos=13300000, appVsyncOffsetNanos=1099999
03-02 19:47:24.331 I/Griffin/DeviceState( 1562): virtualDisplayPackageName :{}
03-02 19:47:24.336 I/AudioFlinger(  964): setParameters: filtered keyvalue screen_state=on
03-02 19:47:24.336 I/AudioFlinger(  964): +mAudioHwDevs(primary)->setParameters(): screen_state=on
03-02 19:47:24.341 I/SmartPanelService( 4620): mDisplayListener onDisplayChanged
03-02 19:47:24.344 I/AudioFlinger(  964): -mAudioHwDevs(primary)->setParameters(): screen_state=on
03-02 19:47:24.345 I/AudioFlinger(  964): +mAudioHwDevs(bluetooth)->setParameters(): screen_state=on
03-02 19:47:24.350 I/AudioFlinger(  964): -mAudioHwDevs(bluetooth)->setParameters(): screen_state=on
03-02 19:47:24.350 I/AudioFlinger(  964): +mAudioHwDevs(usb)->setParameters(): screen_state=on
03-02 19:47:24.351 I/AudioFlinger(  964): -mAudioHwDevs(usb)->setParameters(): screen_state=on
03-02 19:47:24.351 I/AudioFlinger(  964): +mAudioHwDevs(r_submix)->setParameters(): screen_state=on
03-02 19:47:24.352 I/AudioFlinger(  964): -mAudioHwDevs(r_submix)->setParameters(): screen_state=on
03-02 19:47:24.352 E/TranFlinger(  964): setPareters is is 0
03-02 19:47:24.475 I/libPerfCtl(  941): xgfGetFPS pid:2206 fps:93
03-02 19:47:24.476 I/AppThermalMode(  941): [perfNotifyThermalState] hdl:0
03-02 19:47:24.476 I/AppThermalMode(  941): [findAppThermalIdx] Fail: appThermalModeEnable: 0,currentFPS: 90,fg->pid:27882
03-02 19:47:24.476 I/AppThermalMode(  941): [perfNotifyThermalState] appThermalIdx -1:
03-02 19:47:24.476 I/libPerfCtl(  941): xgfGetFPS pid:4620 fps:-1
03-02 19:47:24.476 I/AppThermalMode(  941): [perfNotifyThermalState] hdl:0
03-02 19:47:24.476 I/AppThermalMode(  941): [findAppThermalIdx] Fail: appThermalModeEnable: 0,currentFPS: 90,fg->pid:27882
03-02 19:47:24.476 I/AppThermalMode(  941): [perfNotifyThermalState] appThermalIdx -1:
03-02 19:47:24.476 I/libPerfCtl(  941): xgfGetFPS pid:5615 fps:-1
03-02 19:47:24.476 I/AppThermalMode(  941): [perfNotifyThermalState] hdl:0
03-02 19:47:24.476 I/AppThermalMode(  941): [findAppThermalIdx] Fail: appThermalModeEnable: 0,currentFPS: 90,fg->pid:27882
03-02 19:47:24.476 I/AppThermalMode(  941): [perfNotifyThermalState] appThermalIdx -1:
03-02 19:47:24.476 I/libPerfCtl(  941): xgfGetFPS pid:16962 fps:-1
03-02 19:47:24.476 I/AppThermalMode(  941): [perfNotifyThermalState] hdl:0
03-02 19:47:24.476 I/AppThermalMode(  941): [findAppThermalIdx] Fail: appThermalModeEnable: 0,currentFPS: 90,fg->pid:27882
03-02 19:47:24.476 I/AppThermalMode(  941): [perfNotifyThermalState] appThermalIdx -1:
03-02 19:47:24.476 I/libPerfCtl(  941): xgfGetFPS pid:27882 fps:82
03-02 19:47:24.476 I/AppThermalMode(  941): [perfNotifyThermalState] hdl:0
03-02 19:47:24.476 I/AppThermalMode(  941): [findAppThermalIdx] Fail: appThermalModeEnable: 0,currentFPS: 90,fg->pid:27882
03-02 19:47:24.476 I/AppThermalMode(  941): [perfNotifyThermalState] appThermalIdx -1:
03-02 19:47:24.476 I/libPerfCtl(  941): xgfGetFPS pid:31466 fps:-1
03-02 19:47:24.476 I/AppThermalMode(  941): [perfNotifyThermalState] hdl:0
03-02 19:47:24.476 I/AppThermalMode(  941): [findAppThermalIdx] Fail: appThermalModeEnable: 0,currentFPS: 90,fg->pid:27882
03-02 19:47:24.476 I/AppThermalMode(  941): [perfNotifyThermalState] appThermalIdx -1:
03-02 19:47:24.615 I/Hiber/hiber( 1562): begin socketDestroy, mUid: 10304
03-02 19:47:24.622 I/netd    (  911): socketDestroy([UidRangeParcel{start: 10304, stop: 10304}], []) <5.06ms>
03-02 19:47:24.623 I/Hiber/hiber( 1562): clearDnsCache again!!!
03-02 19:47:24.645 I/FPSGO   ( 1063): fpsgo_boost_sched_idle_prefer:0
03-02 19:47:24.645 I/mtkpower_client( 1063): perf_lock_rel, hdl:57112, tid:1063
03-02 19:47:24.647 I/FPSGO   ( 1063): perfLockRel hdl:57112
03-02 19:47:24.648 I/FPSGO   ( 1063): fpsgo_boost_sched_rate_ns:-1
03-02 19:47:24.648 I/mtkpower_client( 1063): perf_lock_rel, hdl:57113, tid:1063
03-02 19:47:24.648 I/Process ( 1562): String at 0: 0x73ff9eb801 = SFMainPolicy
03-02 19:47:24.648 I/libPowerHal(  941): [PD] fpsgo update cmd:1404500 param:0
03-02 19:47:24.649 I/mtkpower_client( 1562): perf_lock_acq, hdl:57111, dur:0, num:2, pid:1562, tid:1718
03-02 19:47:24.649 I/FPSGO   ( 1063): perfLockRel hdl:57113
03-02 19:47:24.650 I/libPowerHal(  941): [PD] fpsgo update cmd:1438300, param:1000
03-02 19:47:24.650 I/libPowerHal(  941): [PD] fpsgo update cmd:1438400, param:1000
03-02 19:47:24.650 I/libPowerHal(  941): [PD] fpsgo update cmd:1438600 param:1000
03-02 19:47:24.650 I/libPowerHal(  941): [PD] fpsgo update cmd:1438700 param:1000
03-02 19:47:24.652 I/mtkpower_client( 1562): ret_hdl:57114
03-02 19:47:24.652 I/PowerHalMgrImpl( 1562): hdl:57114, pid:1562 
03-02 19:47:24.652 I/mtkpower_client( 1562): perf_lock_rel, hdl:57114, tid:1718
03-02 19:47:24.653 I/libPowerHal(  941): [fpsgo_ctrl_render_thread] -2342, 0xb4000070797404f0
03-02 19:47:24.655 I/libPowerHal(  941): [fpsgo_ctrl_render_thread] -2342, 0xb4000070797404f0
03-02 19:47:24.655 I/libPowerHal(  941): [PD] system_server update ONESHOT cmd:2000300 param:-2342
03-02 19:47:24.789 I/Vibrator(  957): Vibrator on for timeoutMs: 300
03-02 19:47:25.059 I/BufferQueueProducer(  994): [com.whatsapp.w4b/com.whatsapp.Conversation#23600](this:0xb400007144b92fc8,id:-1,api:0,p:-1,c:994) queueBuffer: fps=17.96 dur=1001.96 max=484.18 min=7.94
03-02 19:47:25.063 I/hwcomposer(  928): [HWCDisplay] [Display_0 (type:1)] fps:62.922928,dur:1001.22,max:315.28,min:7.33  
03-02 19:47:25.476 I/libPerfCtl(  941): xgfGetFPS pid:2206 fps:103
03-02 19:47:25.476 I/AppThermalMode(  941): [perfNotifyThermalState] hdl:0
03-02 19:47:25.476 I/AppThermalMode(  941): [findAppThermalIdx] Fail: appThermalModeEnable: 0,currentFPS: 90,fg->pid:27882
03-02 19:47:25.476 I/AppThermalMode(  941): [perfNotifyThermalState] appThermalIdx -1:
03-02 19:47:25.476 I/libPerfCtl(  941): xgfGetFPS pid:4620 fps:-1
03-02 19:47:25.476 I/AppThermalMode(  941): [perfNotifyThermalState] hdl:0
03-02 19:47:25.476 I/AppThermalMode(  941): [findAppThermalIdx] Fail: appThermalModeEnable: 0,currentFPS: 90,fg->pid:27882
03-02 19:47:25.476 I/AppThermalMode(  941): [perfNotifyThermalState] appThermalIdx -1:
03-02 19:47:25.476 I/libPerfCtl(  941): xgfGetFPS pid:5615 fps:-1
03-02 19:47:25.476 I/AppThermalMode(  941): [perfNotifyThermalState] hdl:0
03-02 19:47:25.476 I/AppThermalMode(  941): [findAppThermalIdx] Fail: appThermalModeEnable: 0,currentFPS: 90,fg->pid:27882
03-02 19:47:25.476 I/AppThermalMode(  941): [perfNotifyThermalState] appThermalIdx -1:
03-02 19:47:25.477 I/libPerfCtl(  941): xgfGetFPS pid:16962 fps:-1
03-02 19:47:25.477 I/AppThermalMode(  941): [perfNotifyThermalState] hdl:0
03-02 19:47:25.477 I/AppThermalMode(  941): [findAppThermalIdx] Fail: appThermalModeEnable: 0,currentFPS: 90,fg->pid:27882
03-02 19:47:25.477 I/AppThermalMode(  941): [perfNotifyThermalState] appThermalIdx -1:
03-02 19:47:25.477 I/libPerfCtl(  941): xgfGetFPS pid:27882 fps:120
03-02 19:47:25.477 I/AppThermalMode(  941): [perfNotifyThermalState] hdl:0
03-02 19:47:25.477 I/AppThermalMode(  941): [findAppThermalIdx] Fail: appThermalModeEnable: 0,currentFPS: 90,fg->pid:27882
03-02 19:47:25.477 I/AppThermalMode(  941): [perfNotifyThermalState] appThermalIdx -1:
03-02 19:47:25.477 I/libPowerHal(  941): [updateFPS] pid(27882) : 90 => 120
03-02 19:47:25.477 I/libPowerHal(  941): [perfNotifyAppState] pack:com.whatsapp.w4b, act:com.whatsapp.Conversation, state:5, pid:27882, uid:10281, fps:120
03-02 19:47:25.478 I/UxUtility(  941): notifyForegroundApp pack:com.whatsapp.w4b, uid:10281
03-02 19:47:25.478 I/TouchUtility(  941): notifyAppState error = NULL
03-02 19:47:25.479 I/libPerfCtl(  941): xgfGetFPS pid:31466 fps:-1
03-02 19:47:25.479 I/AppThermalMode(  941): [perfNotifyThermalState] hdl:0
03-02 19:47:25.479 I/AppThermalMode(  941): [findAppThermalIdx] Fail: appThermalModeEnable: 0,currentFPS: 120,fg->pid:27882
03-02 19:47:25.479 I/AppThermalMode(  941): [perfNotifyThermalState] appThermalIdx -1:
03-02 19:47:25.483 I/Hiber/importantScene( 1562): widget: packageName=com.transsion.iotcard
03-02 19:47:25.483 I/Hiber/appStateMachine( 1562): uid:10203, pkg=com.transsion.iotcard  can't transition from R to F ,importantcase is : widget
03-02 19:47:25.670 I/TranTele/TranPhoneInterfaceManager( 2426): TTC - onSignalStrengthsChanged
03-02 19:47:25.674 I/TranPhoneSwitcher( 2426): mOthersign:3subid :1
03-02 19:47:25.700 E/DeviceProviderService(21754): initAppDevices onError DEADLINE_EXCEEDED: deadline exceeded after 9.998636615s. Name resolution delay 0.000000000 seconds. [closed=[], committed=[remote_addr=localhost/127.0.0.1:55231]]
03-02 19:47:25.702 E/IotcardCollector(21693): getRegisterDevicesCallBack onError :CANCELLED: client cancelled Thread:grpc-default-executor-1|10033 
03-02 19:47:25.947 I/bt_shim_scanner(30162): [le_scanning_manager.cc(851)] handle_remote_properties: handle_remote_properties  device_type= 3
03-02 19:47:25.951 I/NearbyDiscovery( 2198): (REDACTED) BloomFilterAdvManager: Detected bloom filter but too far away, ignoring. %sm, %s
03-02 19:47:26.157 I/BufferQueueProducer(  994): [com.whatsapp.w4b/com.whatsapp.Conversation#23600](this:0xb400007144b92fc8,id:-1,api:0,p:-1,c:994) queueBuffer: fps=20.95 dur=1097.95 max=498.86 min=7.89
03-02 19:47:26.161 I/hwcomposer(  928): [HWCDisplay] [Display_0 (type:1)] fps:20.951710,dur:1097.76,max:499.26,min:6.83  
03-02 19:47:26.230 I/GdprAndModelCheckUtils( 6929): getVersionNameTree: 4
03-02 19:47:26.231 I/GdprAndModelCheckUtils( 6929): getVersionNameTree: 4
03-02 19:47:26.234 E/SurfaceFlinger(  994): MtkDuration override mode is disabled
03-02 19:47:26.235 I/PowerHalWrapper(  994): updateFps(): 60
03-02 19:47:26.236 I/hwcomposer(  928): [HWC] (0) displaySetActiveConfig config:2  
03-02 19:47:26.240 I/DisplayDeviceRepository( 1562): Display device changed: DisplayDeviceInfo{"Built-in Screen": uniqueId="local:0", 1080 x 2436, modeId 1, renderFrameRate 120.00001, defaultModeId 1, userPreferredModeId -1, supportedModes [{id=1, width=1080, height=2436, fps=120.00001, vsync=120.00001, synthetic=false, alternativeRefreshRates=[60.0, 90.0], supportedHdrTypes=[2, 3, 4]}, {id=2, width=1080, height=2436, fps=90.0, vsync=90.0, synthetic=false, alternativeRefreshRates=[60.0, 120.00001], supportedHdrTypes=[2, 3, 4]}, {id=3, width=1080, height=2436, fps=60.0, vsync=60.0, synthetic=false, alternativeRefreshRates=[90.0, 120.00001], supportedHdrTypes=[2, 3, 4]}], colorMode 0, supportedColorModes [0, 7, 9], hdrCapabilities HdrCapabilities{mSupportedHdrTypes=[2, 3, 4], mMaxLuminance=500.0, mMaxAverageLuminance=500.0, mMinLuminance=0.0}, allmSupported false, gameContentTypeSupported false, density 480, 392.783 x 392.828 dpi, appVsyncOff 1099999, presDeadline 13300000, cutout DisplayCutout{insets=Rect(0, 108 - 0, 0) waterfall=Insets{left=0, top=0, right=0, bottom=0} boundingRect={Bounds=[Rect(0, 0 - 0, 0), Rect(468, 0 - 612, 108), Rect(0, 0 - 0, 0), Rect(0, 0 - 0, 0)]} cutoutPathParserInfo={CutoutPathParserInfo{displayWidth=1080 displayHeight=2436 physicalDisplayWidth=1080 physicalDisplayHeight=2436 density={3.0} cutoutSpec={M -24,0 L -24,36 L 24,36 L 24,0 Z @dp} rotation={0} scale={1.0} physicalPixelDisplaySizeRatio={1.0}}} sideOverrides={}}, touch INTERNAL, rotation 0, type INTERNAL, address {port=0}, deviceProductInfo null, state ON, committedState ON, frameRateOverride {uid=10184 frameRateHz=60.000004} {uid=10217 frameRateHz=60.000004} {uid=10281 frameRateHz=60.000004} , brightnessMinimum 0.0, brightnessMaximum 1.0, brightnessDefault 0.19685039, hdrSdrRatio NaN, FLAG_ALLOWED_TO_BE_DEFAULT_DISPLAY, FLAG_ROTATES_WITH_CONTENT, FLAG_SECURE, FLAG_SUPPORTS_PROTECTED_BUFFERS, FLAG_TRUSTED, installOrientation 0, displayShape DisplayShape{ spec=596679847 displayWidth=1080 displayHeight=2436 physicalPixelDisplaySizeRatio=1.0 rotation=0 offsetX=0 offsetY=0 scale=1.0}}
03-02 19:47:26.243 I/PowerHalWrapper(  994): updateFps(): 60
03-02 19:47:26.245 I/PowerHalWrapper(  994): updateFps(): 60
03-02 19:47:26.245 I/Griffin/DeviceState( 1562): virtualDisplayPackageName :{}
03-02 19:47:26.251 I/BaseRepository( 6929): getLocalLanguage: in
03-02 19:47:26.251 I/DisplayDeviceRepository( 1562): Display device changed render timings: "Built-in Screen", renderFrameRate=60.000004, presentationDeadlineNanos=16600000, appVsyncOffsetNanos=1133334
03-02 19:47:26.254 I/Griffin/DeviceState( 1562): virtualDisplayPackageName :{}
03-02 19:47:26.260 I/AudioFlinger(  964): setParameters: filtered keyvalue screen_state=on
03-02 19:47:26.260 I/AudioFlinger(  964): +mAudioHwDevs(primary)->setParameters(): screen_state=on
03-02 19:47:26.263 I/SmartPanelService( 4620): mDisplayListener onDisplayChanged
03-02 19:47:26.270 I/AudioFlinger(  964): -mAudioHwDevs(primary)->setParameters(): screen_state=on
03-02 19:47:26.270 I/AudioFlinger(  964): +mAudioHwDevs(bluetooth)->setParameters(): screen_state=on
03-02 19:47:26.271 I/AI_ELLA_OKHTTP( 6929): --> POST https://bus-in.aibotplatform.com/assistant/auto-upgrade/apk/latest
03-02 19:47:26.271 I/AudioFlinger(  964): -mAudioHwDevs(bluetooth)->setParameters(): screen_state=on
03-02 19:47:26.271 I/AudioFlinger(  964): +mAudioHwDevs(usb)->setParameters(): screen_state=on
03-02 19:47:26.271 I/AI_ELLA_OKHTTP( 6929): Content-Length: 797
03-02 19:47:26.271 I/AI_ELLA_OKHTTP( 6929): timestamp: 1772461046
03-02 19:47:26.271 I/AI_ELLA_OKHTTP( 6929): nonce: 0a561a66-e36b-4502-b17e-872d78a6835c
03-02 19:47:26.271 I/AI_ELLA_OKHTTP( 6929): Content-Type: application/json; charset=utf-8
03-02 19:47:26.271 I/AI_ELLA_OKHTTP( 6929): Signature: dKvhpU5wIw5XUNj5/paIUpY2rTfORCkpm/4pptA3GPM=
03-02 19:47:26.272 I/AudioFlinger(  964): -mAudioHwDevs(usb)->setParameters(): screen_state=on
03-02 19:47:26.272 I/AudioFlinger(  964): +mAudioHwDevs(r_submix)->setParameters(): screen_state=on
03-02 19:47:26.273 I/AudioFlinger(  964): -mAudioHwDevs(r_submix)->setParameters(): screen_state=on
03-02 19:47:26.273 E/TranFlinger(  964): setPareters is is 0
03-02 19:47:26.275 I/AI_ELLA_OKHTTP( 6929): 
03-02 19:47:26.275 I/AI_ELLA_OKHTTP( 6929): {"metadata":{"appID":"fndzrhvq","businessName":"Folax","clientID":"92039ce2b25915c539aa2502cf0bc0ede4f4458e470072efe7f9c6a14eef977d","clientLanguage":"in","clientRegion":"IN","clientVersion":"4.8.1.085","gaid":"cc009fba-8137-48e3-82ee-fbba6c263629","osLanguage":"en","osVersion":"xos15.1.2","productBrand":"INFINIX","productLine":"NOTE","productModel":"Infinix X6852","requestDelta":"","requestID":"D75_20260302_190326_026_jleMLzzX"},"payload":{"appInfo":{"apkMD5":"95ce91d3974610b3d1857fee0543431c","apkSign":"a2f1535b2e2e6b707412f8732a08d7911c0cb7b81d061504eba75da32ca3492f","appName":"Folax","diffMethod":"hdiff","hasIcon":true,"packageName":"com.transsion.aivoiceassistant","versionCode":"40801085"},"baseInfo":{"abiList":"arm64-v8a,armeabi-v7a,armeabi","androidVersion":"15","osName":"xos"}}}
03-02 19:47:26.275 I/AI_ELLA_OKHTTP( 6929): --> END POST (797-byte body)
03-02 19:47:26.279 E/EventHub( 1562): Failed to read sysfs battery info: No such file or directory
03-02 19:47:26.282 I/resolv  (  911): GetAddrInfoHandler::run: {100 262244 100 983140 10169 0}
03-02 19:47:26.283 I/resolv  (  911): res_nmkquery: (QUERY, IN, A)
03-02 19:47:26.284 I/resolv  (  911): res_nmkquery: (QUERY, IN, AAAA)
03-02 19:47:26.311 I/resolv  (  911): res_nsend: used send_dg 308 terrno: 0
03-02 19:47:26.311 I/resolv  (  911): doQuery: rcode=0, ancount=9, return value=308
03-02 19:47:26.315 I/resolv  (  911): res_nsend: used send_dg 148 terrno: 0
03-02 19:47:26.316 I/resolv  (  911): doQuery: rcode=0, ancount=5, return value=148
03-02 19:47:26.476 I/libPerfCtl(  941): xgfGetFPS pid:2206 fps:-1
03-02 19:47:26.477 I/AppThermalMode(  941): [perfNotifyThermalState] hdl:0
03-02 19:47:26.477 I/AppThermalMode(  941): [findAppThermalIdx] Fail: appThermalModeEnable: 0,currentFPS: 120,fg->pid:27882
03-02 19:47:26.477 I/AppThermalMode(  941): [perfNotifyThermalState] appThermalIdx -1:
03-02 19:47:26.477 I/libPerfCtl(  941): xgfGetFPS pid:4620 fps:-1
03-02 19:47:26.477 I/AppThermalMode(  941): [perfNotifyThermalState] hdl:0
03-02 19:47:26.477 I/AppThermalMode(  941): [findAppThermalIdx] Fail: appThermalModeEnable: 0,currentFPS: 120,fg->pid:27882
03-02 19:47:26.477 I/AppThermalMode(  941): [perfNotifyThermalState] appThermalIdx -1:
03-02 19:47:26.477 I/libPerfCtl(  941): xgfGetFPS pid:5615 fps:-1
03-02 19:47:26.477 I/AppThermalMode(  941): [perfNotifyThermalState] hdl:0
03-02 19:47:26.477 I/AppThermalMode(  941): [findAppThermalIdx] Fail: appThermalModeEnable: 0,currentFPS: 120,fg->pid:27882
03-02 19:47:26.477 I/AppThermalMode(  941): [perfNotifyThermalState] appThermalIdx -1:
03-02 19:47:26.477 I/libPerfCtl(  941): xgfGetFPS pid:27882 fps:-1
03-02 19:47:26.477 I/AppThermalMode(  941): [perfNotifyThermalState] hdl:0
03-02 19:47:26.477 I/AppThermalMode(  941): [findAppThermalIdx] Fail: appThermalModeEnable: 0,currentFPS: 120,fg->pid:27882
03-02 19:47:26.477 I/AppThermalMode(  941): [perfNotifyThermalState] appThermalIdx -1:
03-02 19:47:26.477 I/libPowerHal(  941): [updateFPS] pid(27882) : 120 => -1
03-02 19:47:26.478 I/libPowerHal(  941): [perfNotifyAppState] pack:com.whatsapp.w4b, act:com.whatsapp.Conversation, state:5, pid:27882, uid:10281, fps:-1
03-02 19:47:26.479 I/UxUtility(  941): notifyForegroundApp pack:com.whatsapp.w4b, uid:10281
03-02 19:47:26.479 I/TouchUtility(  941): notifyAppState error = NULL
03-02 19:47:26.479 I/libPerfCtl(  941): xgfGetFPS pid:31466 fps:-1
03-02 19:47:26.479 I/AppThermalMode(  941): [perfNotifyThermalState] hdl:0
03-02 19:47:26.479 I/AppThermalMode(  941): [findAppThermalIdx] Fail: appThermalModeEnable: 0,currentFPS: -1,fg->pid:27882
03-02 19:47:26.479 I/AppThermalMode(  941): [perfNotifyThermalState] appThermalIdx -1:
03-02 19:47:26.514 I/TranTele/TranPhoneInterfaceManager( 2426): TTC - onSignalStrengthsChanged
03-02 19:47:26.519 I/TranPhoneSwitcher( 2426): mDefaultsign:4subid :2
03-02 19:47:26.683 I/Hiber/importantScene( 1562): isTrafficActive uid:10267 speed :0
03-02 19:47:26.683 I/Hiber/appStateMachine( 1562): uid:10267 enter FrozenState
03-02 19:47:26.687 I/Hiber/stateManager( 1562): freeze uid: 10267 com.smartlife.nebula costTime=4ms ,last unfreeze 5s ago
03-02 19:47:26.688 I/Hiber/hiber( 1562): msg for start proxy frozen state
03-02 19:47:26.689 I/Hiber/proxyManager( 1562): p_service: 10267
03-02 19:47:26.689 I/Hiber/proxyManager( 1562): p_job: 10267 pkgName=com.smartlife.nebula which=2
03-02 19:47:26.690 I/Hiber/hiber( 1562): proxy alarm (uid=10267, pkgName=com.smartlife.nebula)
03-02 19:47:26.690 I/Hiber/proxyManager( 1562): p_alarm: uid=10267, pkgName=com.smartlife.nebula
03-02 19:47:26.690 E/ApplicationHelper( 1562): Fail to get PackageManager
03-02 19:47:26.690 I/Hiber/proxyManager( 1562): p_sensor: uid=10267, pkgName=com.smartlife.nebula
03-02 19:47:26.705 I/AI_ELLA_OKHTTP( 6929): <-- 200 https://bus-in.aibotplatform.com/assistant/auto-upgrade/apk/latest (429ms)
03-02 19:47:26.705 I/AI_ELLA_OKHTTP( 6929): content-type: application/json; charset=utf-8
03-02 19:47:26.705 I/AI_ELLA_OKHTTP( 6929): content-length: 176
03-02 19:47:26.705 I/AI_ELLA_OKHTTP( 6929): date: Mon, 02 Mar 2026 14:17:27 GMT
03-02 19:47:26.705 I/AI_ELLA_OKHTTP( 6929): x-cache: Miss from cloudfront
03-02 19:47:26.705 I/AI_ELLA_OKHTTP( 6929): via: 1.1 b2bf193843bfb7a2b5cdaaf7e7f61470.cloudfront.net (CloudFront)
03-02 19:47:26.705 I/AI_ELLA_OKHTTP( 6929): x-amz-cf-pop: CCU50-P5
03-02 19:47:26.705 I/AI_ELLA_OKHTTP( 6929): x-amz-cf-id: VDJFzn12iM-TodJwTnb3jswOirU_ooFs3F9PiJ598ZyGtWB-zPEI9A==
03-02 19:47:26.706 I/AI_ELLA_OKHTTP( 6929): 
03-02 19:47:26.706 I/AI_ELLA_OKHTTP( 6929): {"metadata":{"code":204,"debugMessage":"No Content","requestID":"D75_20260302_190326_026_jleMLzzX","requestDelta":"","elapsed":0,"timestamp":"1772461047034","debugStack":null}}
03-02 19:47:26.706 I/AI_ELLA_OKHTTP( 6929): <-- END HTTP (176-byte body)
03-02 19:47:26.869 E/ApplicationHelper( 1562): Fail to get PackageManager
03-02 19:47:26.869 E/ApplicationHelper( 1562): Fail to get PackageManager
03-02 19:47:26.874 E/ApplicationHelper( 1562): Fail to get PackageManager
03-02 19:47:26.874 E/ApplicationHelper( 1562): Fail to get PackageManager
03-02 19:47:26.888 W/Settings( 2198): Setting airplane_mode_on has moved from android.provider.Settings.System to android.provider.Settings.Global, returning read-only value.
03-02 19:47:26.888 W/Settings( 2198): Setting airplane_mode_on has moved from android.provider.Settings.System to android.provider.Settings.Global, returning read-only value.
03-02 19:47:26.891 W/SystemServiceRegistry( 2198): No service published for: wifirtt
03-02 19:47:26.900 W/wificond( 1244): Failed to get NL80211_ATTR_MAX_NUM_AKM_SUITES
03-02 19:47:26.904 W/wificond( 1244): Failed to get NL80211_ATTR_MAX_NUM_AKM_SUITES
03-02 19:47:26.907 W/wificond( 1244): Failed to get NL80211_ATTR_MAX_NUM_AKM_SUITES
03-02 19:47:26.915 I/TranTele/TranPhoneInterfaceManager( 2426): TTC - onCellInfoChanged
03-02 19:47:27.178 I/BufferQueueProducer(  994): [com.whatsapp.w4b/com.whatsapp.Conversation#23600](this:0xb400007144b92fc8,id:-1,api:0,p:-1,c:994) queueBuffer: fps=1.96 dur=1021.23 max=521.63 min=499.60
03-02 19:47:27.182 I/hwcomposer(  928): [HWCDisplay] [Display_0 (type:1)] fps:3.916662,dur:1021.28,max:500.20,min:6.87  
03-02 19:47:27.271 E/ApplicationHelper( 1562): Fail to get PackageManager
03-02 19:47:27.276 E/ApplicationHelper( 1562): Fail to get PackageManager
03-02 19:47:27.288 E/ApplicationHelper( 1562): Fail to get PackageManager
03-02 19:47:27.290 E/ApplicationHelper( 1562): Fail to get PackageManager
03-02 19:47:27.348 I/bt_shim_scanner(30162): [le_scanning_manager.cc(851)] handle_remote_properties: handle_remote_properties  device_type= 3
03-02 19:47:27.352 I/NearbyDiscovery( 2198): (REDACTED) BloomFilterAdvManager: Detected bloom filter but too far away, ignoring. %sm, %s
03-02 19:47:27.477 I/libPerfCtl(  941): xgfGetFPS pid:2206 fps:-1
03-02 19:47:27.477 I/AppThermalMode(  941): [perfNotifyThermalState] hdl:0
03-02 19:47:27.477 I/AppThermalMode(  941): [findAppThermalIdx] Fail: appThermalModeEnable: 0,currentFPS: -1,fg->pid:27882
03-02 19:47:27.477 I/AppThermalMode(  941): [perfNotifyThermalState] appThermalIdx -1:
03-02 19:47:27.477 I/libPerfCtl(  941): xgfGetFPS pid:4620 fps:-1
03-02 19:47:27.477 I/AppThermalMode(  941): [perfNotifyThermalState] hdl:0
03-02 19:47:27.477 I/AppThermalMode(  941): [findAppThermalIdx] Fail: appThermalModeEnable: 0,currentFPS: -1,fg->pid:27882
03-02 19:47:27.477 I/AppThermalMode(  941): [perfNotifyThermalState] appThermalIdx -1:
03-02 19:47:27.477 I/libPerfCtl(  941): xgfGetFPS pid:27882 fps:-1
03-02 19:47:27.477 I/AppThermalMode(  941): [perfNotifyThermalState] hdl:0
03-02 19:47:27.477 I/AppThermalMode(  941): [findAppThermalIdx] Fail: appThermalModeEnable: 0,currentFPS: -1,fg->pid:27882
03-02 19:47:27.477 I/AppThermalMode(  941): [perfNotifyThermalState] appThermalIdx -1:
03-02 19:47:27.689 I/Hiber/nativeServiceClient( 1562): check binder uid=10267
03-02 19:47:28.477 I/libPerfCtl(  941): xgfGetFPS pid:2206 fps:-1
03-02 19:47:28.477 I/AppThermalMode(  941): [perfNotifyThermalState] hdl:0
03-02 19:47:28.477 I/AppThermalMode(  941): [findAppThermalIdx] Fail: appThermalModeEnable: 0,currentFPS: -1,fg->pid:27882
03-02 19:47:28.477 I/AppThermalMode(  941): [perfNotifyThermalState] appThermalIdx -1:
03-02 19:47:28.477 I/libPerfCtl(  941): xgfGetFPS pid:4620 fps:-1
03-02 19:47:28.477 I/AppThermalMode(  941): [perfNotifyThermalState] hdl:0
03-02 19:47:28.478 I/AppThermalMode(  941): [findAppThermalIdx] Fail: appThermalModeEnable: 0,currentFPS: -1,fg->pid:27882
03-02 19:47:28.478 I/AppThermalMode(  941): [perfNotifyThermalState] appThermalIdx -1:
03-02 19:47:28.478 I/libPerfCtl(  941): xgfGetFPS pid:27882 fps:-1
03-02 19:47:28.478 I/AppThermalMode(  941): [perfNotifyThermalState] hdl:0
03-02 19:47:28.478 I/AppThermalMode(  941): [findAppThermalIdx] Fail: appThermalModeEnable: 0,currentFPS: -1,fg->pid:27882
03-02 19:47:28.478 I/AppThermalMode(  941): [perfNotifyThermalState] appThermalIdx -1:
03-02 19:47:28.675 I/BufferQueueProducer(  994): [com.whatsapp.w4b/com.whatsapp.Conversation#23600](this:0xb400007144b92fc8,id:-1,api:0,p:-1,c:994) queueBuffer: fps=2.00 dur=1497.30 max=499.72 min=498.16
03-02 19:47:28.679 I/hwcomposer(  928): [HWCDisplay] [Display_0 (type:1)] fps:2.004040,dur:1496.98,max:499.88,min:497.69  
03-02 19:47:28.748 I/bt_shim_scanner(30162): [le_scanning_manager.cc(851)] handle_remote_properties: handle_remote_properties  device_type= 3
03-02 19:47:28.752 I/NearbyDiscovery( 2198): (REDACTED) BloomFilterAdvManager: Detected bloom filter but too far away, ignoring. %sm, %s
03-02 1