03-02 19:47:02.510 E/ApplicationHelper( 1562): Fail to get PackageManager
03-02 19:47:02.512 W/TranVerifyKeyManager(21633): AppKey is null
03-02 19:47:02.513 E/ApplicationHelper( 1562): Fail to get PackageManager
03-02 19:47:02.513 E/ApplicationHelper( 1562): Fail to get PackageManager
03-02 19:47:02.513 E/ApplicationHelper( 1562): Fail to get PackageManager
03-02 19:47:02.518 I/keystore2(  644): system/security/keystore2/src/security_level.rs:235 - create_operation start
03-02 19:47:02.518 I/keystore2(  644): system/security/keystore2/src/security_level.rs:237 - caller_pid=21633
03-02 19:47:02.518 I/keystore2(  644): system/security/keystore2/src/security_level.rs:238 - caller_uid=10184
03-02 19:47:02.518 I/keystore2(  644): system/security/keystore2/src/security_level.rs:239 - forced=false
03-02 19:47:02.518 I/keystore2(  644): system/security/keystore2/src/security_level.rs:240 - key.domain=r#KEY_ID
03-02 19:47:02.518 I/keystore2(  644): system/security/keystore2/src/security_level.rs:241 - key.alias=None
03-02 19:47:02.518 I/keystore2(  644): system/security/keystore2/src/security_level.rs:277 - with_try_import start
03-02 19:47:02.519 I/keystore2(  644): system/security/keystore2/src/security_level.rs:299 - with_try_import end
03-02 19:47:02.519 I/keystore2(  644): system/security/keystore2/src/security_level.rs:333 - authorize_create start
03-02 19:47:02.519 I/keystore2(  644): system/security/keystore2/src/security_level.rs:344 - authorize_create end
03-02 19:47:02.519 I/keystore2(  644): system/security/keystore2/src/security_level.rs:345 - unwrap_key_if_required start
03-02 19:47:02.519 I/keystore2(  644): system/security/keystore2/src/security_level.rs:353 - unwrap_key_if_required end
03-02 19:47:02.519 I/keystore2(  644): system/security/keystore2/src/security_level.rs:354 - upgrade_keyblob_if_required_with start
03-02 19:47:02.520 I/keystore2(  644): system/security/keystore2/src/security_level.rs:395 - upgrade_keyblob_if_required_with end
03-02 19:47:02.520 I/keystore2(  644): system/security/keystore2/src/enforcements.rs:249 - finalize_create_authorization self.state=NoAuthRequired
03-02 19:47:02.520 I/keystore2(  644): system/security/keystore2/src/security_level.rs:401 - operation_db.create_operation start
03-02 19:47:02.520 I/keystore2(  644): system/security/keystore2/src/security_level.rs:419 - operation_db.create_operation end
03-02 19:47:02.521 I/TranAthena(21633): user_experience: false
03-02 19:47:02.521 E/ApplicationHelper( 1562): Fail to get PackageManager
03-02 19:47:02.522 E/ApplicationHelper( 1562): Fail to get PackageManager
03-02 19:47:02.522 E/ApplicationHelper( 1562): Fail to get PackageManager
03-02 19:47:02.522 E/ApplicationHelper( 1562): Fail to get PackageManager
03-02 19:47:02.522 E/ApplicationHelper( 1562): Fail to get PackageManager
03-02 19:47:02.522 E/ApplicationHelper( 1562): Fail to get PackageManager
03-02 19:47:02.523 E/ApplicationHelper( 1562): Fail to get PackageManager
03-02 19:47:02.530 E/TlcKM   (  645): lookup_operation: op 0x31e0d7a0f611e5bb not found
03-02 19:47:02.530 E/TlcKM   (  645): lookup_operation(session, operation_handle, &op) == -28
03-02 19:47:02.530 I/FaceSDK.FaceUnlockService(21633): onBind
03-02 19:47:02.532 I/FaceUnlockApiSdk( 2206): onServiceConnected
03-02 19:47:02.532 I/FaceUnlockApiSdk( 2206): addFaceUnlockCallback 
03-02 19:47:02.533 E/ApplicationHelper( 1562): Fail to get PackageManager
03-02 19:47:02.533 E/ApplicationHelper( 1562): Fail to get PackageManager
03-02 19:47:02.536 I/TranTrancareNative(21616): TranThubTrancareNative
03-02 19:47:02.558 E/ApplicationHelper( 1562): Fail to get PackageManager
03-02 19:47:02.558 E/ApplicationHelper( 1562): Fail to get PackageManager
03-02 19:47:02.558 E/ApplicationHelper( 1562): Fail to get PackageManager
03-02 19:47:02.558 W/FileUtil(21633): file not exist! path: /data/user/0/com.transsion.faceid/files/area.co
03-02 19:47:02.558 I/FaceAuthManager(21633): did not set areaCode yet
03-02 19:47:02.559 E/ApplicationHelper( 1562): Fail to get PackageManager
03-02 19:47:02.559 E/ApplicationHelper( 1562): Fail to get PackageManager
03-02 19:47:02.559 E/ApplicationHelper( 1562): Fail to get PackageManager
03-02 19:47:02.565 W/ranssion.faceid(21633): userfaultfd: MOVE ioctl seems unsupported: Socket operation on non-socket
03-02 19:47:02.567 I/ranssion.faceid(21633): Explicit concurrent mark compact GC freed 7933KB AllocSpace bytes, 10(456KB) LOS objects, 49% free, 1883KB/3767KB, paused 92us,523us total 6.127ms
03-02 19:47:02.627 I/mtkpower_client( 1063): perf_lock_rel, hdl:57034, tid:1063
03-02 19:47:02.628 I/libPowerHal(  941): [PD] fpsgo update cmd:1408300 param:0
03-02 19:47:02.651 I/mtkpower_client( 1063): perf_lock_acq, hdl:0, dur:30000, num:2, tid:1063
03-02 19:47:02.653 I/mtkpower_client( 1063): ret_hdl:57035
03-02 19:47:02.845 E/MtkPhoneIntfMgrEx( 2426): MainThreadHandler.handleMessage : 3
03-02 19:47:03.124 I/mtkpower_client( 1063): perf_lock_rel, hdl:57035, tid:1063
03-02 19:47:03.125 I/libPowerHal(  941): [PD] fpsgo update cmd:1408300 param:0
03-02 19:47:03.149 I/mtkpower_client( 1063): perf_lock_acq, hdl:0, dur:30000, num:2, tid:1063
03-02 19:47:03.150 I/mtkpower_client( 1063): ret_hdl:57036
03-02 19:47:03.465 I/libPerfCtl(  941): xgfGetFPS pid:2206 fps:-1
03-02 19:47:03.465 I/AppThermalMode(  941): [perfNotifyThermalState] hdl:0
03-02 19:47:03.465 I/AppThermalMode(  941): [findAppThermalIdx] Fail: appThermalModeEnable: 0,currentFPS: -1,fg->pid:16962
03-02 19:47:03.465 I/AppThermalMode(  941): [perfNotifyThermalState] appThermalIdx -1:
03-02 19:47:03.465 I/libPerfCtl(  941): xgfGetFPS pid:5615 fps:-1
03-02 19:47:03.465 I/AppThermalMode(  941): [perfNotifyThermalState] hdl:0
03-02 19:47:03.465 I/AppThermalMode(  941): [findAppThermalIdx] Fail: appThermalModeEnable: 0,currentFPS: -1,fg->pid:16962
03-02 19:47:03.465 I/AppThermalMode(  941): [perfNotifyThermalState] appThermalIdx -1:
03-02 19:47:03.465 I/libPerfCtl(  941): xgfGetFPS pid:16962 fps:-1
03-02 19:47:03.465 I/AppThermalMode(  941): [perfNotifyThermalState] hdl:0
03-02 19:47:03.465 I/AppThermalMode(  941): [findAppThermalIdx] Fail: appThermalModeEnable: 0,currentFPS: -1,fg->pid:16962
03-02 19:47:03.465 I/AppThermalMode(  941): [perfNotifyThermalState] appThermalIdx -1:
03-02 19:47:03.533 I/FaceSDK.ThreadScheduler(21633): set id = 21633
03-02 19:47:03.536 I/FaceSDK.ThreadScheduler(21633): set Process big
03-02 19:47:03.546 I/FaceSDK.ThreadScheduler(21633): set id = 21666
03-02 19:47:03.547 I/FaceSDK.ThreadScheduler(21633): set Process big
03-02 19:47:03.548 I/FaceSDK.ThreadScheduler(21633): set id = 21667
03-02 19:47:03.550 I/FaceSDK.ThreadScheduler(21633): set Process big
03-02 19:47:03.551 I/FaceSDK.ThreadScheduler(21633): set id = 21670
03-02 19:47:03.553 I/FaceSDK.ThreadScheduler(21633): set Process big
03-02 19:47:03.554 I/FaceSDK.ThreadScheduler(21633): set id = 21671
03-02 19:47:03.555 I/FaceSDK.ThreadScheduler(21633): set Process big
03-02 19:47:03.556 I/FaceSDK.ThreadScheduler(21633): set id = 21672
03-02 19:47:03.558 I/FaceSDK.ThreadScheduler(21633): set Process big
03-02 19:47:03.558 I/FaceSDK.ThreadScheduler(21633): set id = 21673
03-02 19:47:03.560 I/FaceSDK.ThreadScheduler(21633): set Process big
03-02 19:47:03.561 I/FaceSDK.ThreadScheduler(21633): set id = 21674
03-02 19:47:03.563 I/FaceSDK.ThreadScheduler(21633): set Process big
03-02 19:47:03.564 I/FaceSDK.ThreadScheduler(21633): set id = 21675
03-02 19:47:03.566 I/FaceSDK.ThreadScheduler(21633): set Process big
03-02 19:47:03.566 I/FaceSDK.ThreadScheduler(21633): set id = 21676
03-02 19:47:03.568 I/FaceSDK.ThreadScheduler(21633): set Process big
03-02 19:47:03.569 I/FaceSDK.ThreadScheduler(21633): set id = 21677
03-02 19:47:03.571 I/FaceSDK.ThreadScheduler(21633): set Process big
03-02 19:47:03.572 I/FaceSDK.ThreadScheduler(21633): set id = 21678
03-02 19:47:03.573 I/FaceSDK.ThreadScheduler(21633): set Process big
03-02 19:47:03.574 I/FaceSDK.ThreadScheduler(21633): set id = 21679
03-02 19:47:03.576 I/FaceSDK.ThreadScheduler(21633): set Process big
03-02 19:47:03.577 I/FaceSDK.ThreadScheduler(21633): set id = 21680
03-02 19:47:03.579 I/FaceSDK.ThreadScheduler(21633): set Process big
03-02 19:47:03.579 I/FaceSDK.ThreadScheduler(21633): set id = 21681
03-02 19:47:03.581 I/FaceSDK.ThreadScheduler(21633): set Process big
03-02 19:47:03.582 I/FaceSDK.ThreadScheduler(21633): set id = 21682
03-02 19:47:03.584 I/FaceSDK.ThreadScheduler(21633): set Process big
03-02 19:47:03.585 I/FaceSDK.ThreadScheduler(21633): set id = 21683
03-02 19:47:03.587 I/FaceSDK.ThreadScheduler(21633): set Process big
03-02 19:47:03.587 I/FaceSDK.ThreadScheduler(21633): set id = 21684
03-02 19:47:03.589 I/FaceSDK.ThreadScheduler(21633): set Process big
03-02 19:47:03.590 I/FaceSDK.ThreadScheduler(21633): set id = 21685
03-02 19:47:03.591 I/FaceSDK.ThreadScheduler(21633): set Process big
03-02 19:47:03.592 I/FaceSDK.ThreadScheduler(21633): set id = 21686
03-02 19:47:03.595 I/FaceSDK.ThreadScheduler(21633): set Process big
03-02 19:47:03.595 I/FaceSDK.ThreadScheduler(21633): set id = 21687
03-02 19:47:03.597 I/FaceSDK.ThreadScheduler(21633): set Process big
03-02 19:47:03.623 I/mtkpower_client( 1063): perf_lock_rel, hdl:57036, tid:1063
03-02 19:47:03.624 I/libPowerHal(  941): [PD] fpsgo update cmd:1408300 param:0
03-02 19:47:03.631 I/BufferQueueProducer(  994): [SurfaceView[com.anonmousfriend.app/com.callto.app.MainActivity](BLAST)#23566](this:0xb400007144b049a8,id:-1,api:0,p:-1,c:994) queueBuffer: fps=2.01 dur=1491.79 max=499.40 min=493.58
03-02 19:47:03.636 I/hwcomposer(  928): [HWCDisplay] [Display_0 (type:1)] fps:2.688154,dur:1488.01,max:500.23,min:15.22  
03-02 19:47:03.649 I/mtkpower_client( 1063): perf_lock_acq, hdl:0, dur:30000, num:2, tid:1063
03-02 19:47:03.651 I/mtkpower_client( 1063): ret_hdl:57037
03-02 19:47:03.748 I/BufferQueueProducer(  994): [StatusBar#102](this:0xb400007144a5f708,id:-1,api:0,p:-1,c:994) queueBuffer: fps=2.60 dur=2688.01 max=2638.43 min=7.90
03-02 19:47:03.749 I/BufferQueueProducer(  994): [NotificationShade#23584](this:0xb400007144a76388,id:-1,api:0,p:-1,c:994) queueBuffer: fps=16.37 dur=2871.41 max=2488.73 min=7.92
03-02 19:47:03.834 E/SurfaceFlinger(  994): MtkDuration override mode is disabled
03-02 19:47:03.834 I/PowerHalWrapper(  994): updateFps(): 60
03-02 19:47:03.835 I/hwcomposer(  928): [HWC] (0) displaySetActiveConfig config:2  
03-02 19:47:03.836 I/DisplayDeviceRepository( 1562): Display device changed: DisplayDeviceInfo{"Built-in Screen": uniqueId="local:0", 1080 x 2436, modeId 1, renderFrameRate 120.00001, defaultModeId 1, userPreferredModeId -1, supportedModes [{id=1, width=1080, height=2436, fps=120.00001, vsync=120.00001, synthetic=false, alternativeRefreshRates=[60.0, 90.0], supportedHdrTypes=[2, 3, 4]}, {id=2, width=1080, height=2436, fps=90.0, vsync=90.0, synthetic=false, alternativeRefreshRates=[60.0, 120.00001], supportedHdrTypes=[2, 3, 4]}, {id=3, width=1080, height=2436, fps=60.0, vsync=60.0, synthetic=false, alternativeRefreshRates=[90.0, 120.00001], supportedHdrTypes=[2, 3, 4]}], colorMode 0, supportedColorModes [0, 7, 9], hdrCapabilities HdrCapabilities{mSupportedHdrTypes=[2, 3, 4], mMaxLuminance=500.0, mMaxAverageLuminance=500.0, mMinLuminance=0.0}, allmSupported false, gameContentTypeSupported false, density 480, 392.783 x 392.828 dpi, appVsyncOff 1099999, presDeadline 13300000, cutout DisplayCutout{insets=Rect(0, 108 - 0, 0) waterfall=Insets{left=0, top=0, right=0, bottom=0} boundingRect={Bounds=[Rect(0, 0 - 0, 0), Rect(468, 0 - 612, 108), Rect(0, 0 - 0, 0), Rect(0, 0 - 0, 0)]} cutoutPathParserInfo={CutoutPathParserInfo{displayWidth=1080 displayHeight=2436 physicalDisplayWidth=1080 physicalDisplayHeight=2436 density={3.0} cutoutSpec={M -24,0 L -24,36 L 24,36 L 24,0 Z @dp} rotation={0} scale={1.0} physicalPixelDisplaySizeRatio={1.0}}} sideOverrides={}}, touch INTERNAL, rotation 0, type INTERNAL, address {port=0}, deviceProductInfo null, state ON, committedState ON, frameRateOverride {uid=10184 frameRateHz=60.000004} {uid=10217 frameRateHz=60.000004} {uid=10304 frameRateHz=60.000004} , brightnessMinimum 0.0, brightnessMaximum 1.0, brightnessDefault 0.19685039, hdrSdrRatio NaN, FLAG_ALLOWED_TO_BE_DEFAULT_DISPLAY, FLAG_ROTATES_WITH_CONTENT, FLAG_SECURE, FLAG_SUPPORTS_PROTECTED_BUFFERS, FLAG_TRUSTED, installOrientation 0, displayShape DisplayShape{ spec=596679847 displayWidth=1080 displayHeight=2436 physicalPixelDisplaySizeRatio=1.0 rotation=0 offsetX=0 offsetY=0 scale=1.0}}
03-02 19:47:03.836 I/Griffin/DeviceState( 1562): virtualDisplayPackageName :{}
03-02 19:47:03.841 I/PowerHalWrapper(  994): updateFps(): 60
03-02 19:47:03.842 I/DisplayDeviceRepository( 1562): Display device changed render timings: "Built-in Screen", renderFrameRate=60.000004, presentationDeadlineNanos=16600000, appVsyncOffsetNanos=1133334
03-02 19:47:03.843 I/PowerHalWrapper(  994): updateFps(): 60
03-02 19:47:03.844 I/Griffin/DeviceState( 1562): virtualDisplayPackageName :{}
03-02 19:47:03.847 I/SmartPanelService( 4620): mDisplayListener onDisplayChanged
03-02 19:47:03.848 I/AudioFlinger(  964): setParameters: filtered keyvalue screen_state=on
03-02 19:47:03.848 I/AudioFlinger(  964): +mAudioHwDevs(primary)->setParameters(): screen_state=on
03-02 19:47:03.850 I/AudioFlinger(  964): -mAudioHwDevs(primary)->setParameters(): screen_state=on
03-02 19:47:03.850 I/AudioFlinger(  964): +mAudioHwDevs(bluetooth)->setParameters(): screen_state=on
03-02 19:47:03.851 I/AudioFlinger(  964): -mAudioHwDevs(bluetooth)->setParameters(): screen_state=on
03-02 19:47:03.851 I/AudioFlinger(  964): +mAudioHwDevs(usb)->setParameters(): screen_state=on
03-02 19:47:03.852 I/AudioFlinger(  964): -mAudioHwDevs(usb)->setParameters(): screen_state=on
03-02 19:47:03.852 I/AudioFlinger(  964): +mAudioHwDevs(r_submix)->setParameters(): screen_state=on
03-02 19:47:03.852 I/AudioFlinger(  964): -mAudioHwDevs(r_submix)->setParameters(): screen_state=on
03-02 19:47:03.853 E/TranFlinger(  964): setPareters is is 0
03-02 19:47:04.135 I/mtkpower_client( 1063): perf_lock_rel, hdl:57037, tid:1063
03-02 19:47:04.136 I/libPowerHal(  941): [PD] fpsgo update cmd:1408300 param:0
03-02 19:47:04.169 I/mtkpower_client( 1063): perf_lock_acq, hdl:0, dur:30000, num:2, tid:1063
03-02 19:47:04.170 I/mtkpower_client( 1063): ret_hdl:57038
03-02 19:47:04.200 I/android.hardware.thermal@2.0-service.mtk(  935): fill_temperatures filterType1 name: SKIN type: SKIN throttlingStatus: NONE value: 48.166 ret_temps size 0
03-02 19:47:04.280 I/tranpm/NormalReclaimer( 1562): memAvailable : 1929704
03-02 19:47:04.281 I/tranpm/NormalReclaimer( 1562): doReclaim gap: 15896
03-02 19:47:04.285 I/tranpm/AppPurner( 1562):  kill info -- AppPruner: Reclaimed 0KB while requirement is 15896KB effective:false
03-02 19:47:04.286 I/tranpm/NormalReclaimer( 1562): prunerReclaimSizeKb=0
03-02 19:47:04.324 I/tranpm/CommonReclaim-recentReclaim( 1562): Final candidate bg apps size 2 while expect size 9,isCritical:false
03-02 19:47:04.381 I/Process ( 1562): Sending signal quietly. PID: 18570 SIG: 9
03-02 19:47:04.383 I/tranpm/CommonReclaim-ProcessReclaimer( 1562): Kill process: com.transsion.iotcard, pid: 18570, adj: 905, Rss: 108228, taskId:-1 , frozen:false ,rssAnon:69116 kB ,rssFile:74340 kB ,rssShmem:3888 kB ,vmSwap[swapRss]:336 kB
03-02 19:47:04.383 I/tranpm/CommonReclaim-ProcessReclaimer( 1562): reclaimSize∩╝Ü 108228 reuqireMemorySize: 15896 reclaim enough !
03-02 19:47:04.383 I/tranpm/CommonReclaim-ProcessReclaimer( 1562): kill info -- processReclaim:  request: 15896 releaseSize: 108228 killTaskCount: 1 exemptCount∩╝Ü 25 effective: true
03-02 19:47:04.421 I/Zygote  (  912): Process 18570 exited due to signal 9 (Killed)
03-02 19:47:04.427 I/ActivityManager( 1562): Process com.transsion.iotcard (pid 18570) has died: cch+5 IMPF
03-02 19:47:04.427 I/ActivityManager( 1562): need getLruProcesses
03-02 19:47:04.433 I/tranpm/ServicePolicy( 1562): limitServiceRestartLocked limit: os process, target packageName:[com.transsion.iotcard] process:[com.transsion.iotcard] 
03-02 19:47:04.453 E/DeviceProviderService(18861): initAppDevices onError UNAVAILABLE: End of stream or IOException
03-02 19:47:04.456 W/scheduleServiceRestartLocked( 1562):  skip ServiceRestart Service :[{com.transsion.iotcard/com.transsion.iotcard_business.appstart.IotCardStartService}]
03-02 19:47:04.458 I/libprocessgroup( 1562): Removed cgroup /sys/fs/cgroup/uid_10203/pid_18570
03-02 19:47:04.465 I/libPerfCtl(  941): xgfGetFPS pid:2206 fps:-1
03-02 19:47:04.465 I/AppThermalMode(  941): [perfNotifyThermalState] hdl:0
03-02 19:47:04.465 I/AppThermalMode(  941): [findAppThermalIdx] Fail: appThermalModeEnable: 0,currentFPS: -1,fg->pid:16962
03-02 19:47:04.465 I/AppThermalMode(  941): [perfNotifyThermalState] appThermalIdx -1:
03-02 19:47:04.465 I/libPerfCtl(  941): xgfGetFPS pid:5615 fps:-1
03-02 19:47:04.465 I/AppThermalMode(  941): [perfNotifyThermalState] hdl:0
03-02 19:47:04.465 I/AppThermalMode(  941): [findAppThermalIdx] Fail: appThermalModeEnable: 0,currentFPS: -1,fg->pid:16962
03-02 19:47:04.465 I/AppThermalMode(  941): [perfNotifyThermalState] appThermalIdx -1:
03-02 19:47:04.465 I/libPerfCtl(  941): xgfGetFPS pid:16962 fps:-1
03-02 19:47:04.465 I/AppThermalMode(  941): [perfNotifyThermalState] hdl:0
03-02 19:47:04.465 I/AppThermalMode(  941): [findAppThermalIdx] Fail: appThermalModeEnable: 0,currentFPS: -1,fg->pid:16962
03-02 19:47:04.465 I/AppThermalMode(  941): [perfNotifyThermalState] appThermalIdx -1:
03-02 19:47:04.469 E/ApplicationHelper( 1562): Fail to get PackageManager
03-02 19:47:04.472 E/ApplicationHelper( 1562): Fail to get PackageManager
03-02 19:47:04.474 I/Hiber/appStateMachine( 1562): uid:10203 exit RunningState
03-02 19:47:04.474 I/mtkpower_client( 1562): [PowerHal_Wrap_notifyAppState] com.transsion.iotcard/com.transsion.iotcard pid=18570 activityId:18570 state:3
03-02 19:47:04.474 I/mtkpower_client( 1562): [Legacy][PowerHal_Wrap_notifyAppState] com.transsion.iotcard/com.transsion.iotcard pid=18570 state:18570
03-02 19:47:04.475 I/libPowerHal(  941): [perfNotifyAppState] pack:com.transsion.iotcard, act:com.transsion.iotcard, state:3, pid:18570, uid:10203, fps:-1
03-02 19:47:04.475 I/libPowerHal(  941): [perfNotifyAppState] pack:com.transsion.iotcard, pid:18570, STATE_DEAD
03-02 19:47:04.480 E/ApplicationHelper( 1562): Fail to get PackageManager
03-02 19:47:04.483 I/netd    (  911): tetherGetStats() -> {[TetherStatsParcel{iface: ccmni2, rxBytes: 110690, rxPackets: 710, txBytes: 128857, txPackets: 1996, ifIndex: 0}, TetherStatsParcel{iface: v4-ccmni2, rxBytes: 193298056, rxPackets: 332735, txBytes: 327541851, txPackets: 359380, ifIndex: 0}]} <3.48ms>
03-02 19:47:04.554 I/Hiber/importantScene( 1562): isTrafficActive uid:10281 speed :0
03-02 19:47:04.554 I/Hiber/appStateMachine( 1562): uid:10281 enter FrozenState
03-02 19:47:04.559 I/Hiber/stateManager( 1562): freeze uid: 10281 com.whatsapp.w4b costTime=5ms ,last unfreeze 5s ago
03-02 19:47:04.560 I/Hiber/restrictionPolicy( 1562): uid:10281  pkgName:com.whatsapp.w4b isAllowedNet
03-02 19:47:04.560 I/Hiber/hiber( 1562): msg for start proxy frozen state
03-02 19:47:04.561 I/Hiber/nativeServiceClient( 1562): watch app network uid=10281, persistent=0
03-02 19:47:04.561 I/Hiber/proxyManager( 1562): p_service: 10281
03-02 19:47:04.561 I/Hiber/proxyManager( 1562): p_job: 10281 pkgName=com.whatsapp.w4b which=2
03-02 19:47:04.562 I/Hiber/proxyWakeLock( 1562): add uid: 10281 wakelock: lock:236312647PARTIAL_WAKE_LOCK                 '*job*/@androidx.work.systemjobscheduler@com.whatsapp.w4b/androidx.work.impl.background.systemjob.SystemJobService (uid=1000 pid=1562 ws=WorkSource{10281 com.whatsapp.w4b})  to FroceReleaseWakeLock list
03-02 19:47:04.562 E/ApplicationHelper( 1562): Fail to get PackageManager
03-02 19:47:04.563 I/Hiber/hiber( 1562): proxy alarm (uid=10281, pkgName=com.whatsapp.w4b)
03-02 19:47:04.563 I/Hiber/proxyManager( 1562): p_alarm: uid=10281, pkgName=com.whatsapp.w4b
03-02 19:47:04.563 I/Hiber/proxyManager( 1562): p_sensor: uid=10281, pkgName=com.whatsapp.w4b
03-02 19:47:04.565 I/DisplayPowerController2[0]( 1562): BrightnessEvent: disp=0, physDisp=local:0, displayState=ON, displayPolicy=BRIGHT, brt=0.15777214, initBrt=0.15777214, rcmdBrt=0.15777214, preBrt=NaN, lux=63.206257, preLux=36.600826, hbmMax=1.0, hbmMode=off, rbcStrength=50, thrmMax=1.0, powerFactor=1.0, wasShortTermModelActive=false, flags=, reason=automatic, autoBrightness=true, strategy=InvalidBrightnessStrategy, autoBrightnessMode=default
03-02 19:47:04.568 I/Hiber/stateManager( 1562): unfreeze uid: 10281 com.whatsapp.w4b pids:[27882]  reason:asyncBinderWhiteList   cpninfo:TRANSACTION_2 costTime=4ms ,last freeze 0s ago
03-02 19:47:04.568 I/Hiber/appStateMachine( 1562): uid=10281, pkg=com.whatsapp.w4b, transition from Frozen to Running, reason=asyncBinderWhiteList
03-02 19:47:04.568 I/Hiber/appStateMachine( 1562): uid:10281 exit FrozenState
03-02 19:47:04.569 I/Hiber/proxyManager( 1562): up_service: 10281
03-02 19:47:04.569 I/Hiber/proxyManager( 1562): un_job: 10281
03-02 19:47:04.574 E/JobScheduler.JobStatus( 1562): Hasn't been prepared: JobStatus{68c3758 androidx.work.systemjobscheduler:u0a281/1524 @androidx.work.systemjobscheduler@com.whatsapp.w4b/androidx.work.impl.background.systemjob.SystemJobService u=0 s=10281 NET READY}
03-02 19:47:04.575 E/ApplicationHelper( 1562): Fail to get PackageManager
03-02 19:47:04.575 E/ApplicationHelper( 1562): Fail to get PackageManager
03-02 19:47:04.575 E/JobScheduler.JobStatus( 1562): Was already unprepared at 
03-02 19:47:04.575 E/JobScheduler.JobStatus( 1562): java.lang.Throwable
03-02 19:47:04.575 E/JobScheduler.JobStatus( 1562): 	at com.android.server.job.controllers.JobStatus.unprepareLocked(JobStatus.java:1033)
03-02 19:47:04.575 E/JobScheduler.JobStatus( 1562): 	at com.android.server.job.JobSchedulerService.cancelJobImplLocked(JobSchedulerService.java:2359)
03-02 19:47:04.575 E/JobScheduler.JobStatus( 1562): 	at java.lang.reflect.Method.invoke(Native Method)
03-02 19:47:04.575 E/JobScheduler.JobStatus( 1562): 	at com.android.server.job.TranJobSchedulerServiceExtImpl.cancelJobImplInner(TranJobSchedulerServiceExtImpl.java:72)
03-02 19:47:04.575 E/JobScheduler.JobStatus( 1562): 	at com.android.server.job.TranJobSchedulerServiceExtImpl.proxyJobsInner(TranJobSchedulerServiceExtImpl.java:117)
03-02 19:47:04.575 E/JobScheduler.JobStatus( 1562): 	at com.android.server.job.TranJobSchedulerServiceExtImpl.proxyJobs(TranJobSchedulerServiceExtImpl.java:92)
03-02 19:47:04.575 E/JobScheduler.JobStatus( 1562): 	at com.android.server.job.TranJobSchedulerServiceExtImpl$TranLocalService.proxyJobs(TranJobSchedulerServiceExtImpl.java:171)
03-02 19:47:04.575 E/JobScheduler.JobStatus( 1562): 	at com.transsion.base.usf.policy.hiber.proxy.TranProxyManager.proxyJob(TranProxyManager.java:138)
03-02 19:47:04.575 E/JobScheduler.JobStatus( 1562): 	at com.transsion.base.usf.policy.hiber.TranHiber.handleProxyForFrozen(TranHiber.java:449)
03-02 19:47:04.575 E/JobScheduler.JobStatus( 1562): 	at com.transsion.base.usf.policy.hiber.TranHiber.access$000(TranHiber.java:64)
03-02 19:47:04.575 E/JobScheduler.JobStatus( 1562): 	at com.transsion.base.usf.policy.hiber.TranHiber$TranBgHandler.handleMessage(TranHiber.java:399)
03-02 19:47:04.575 E/JobScheduler.JobStatus( 1562): 	at android.os.Handler.dispatchMessage(Handler.java:107)
03-02 19:47:04.575 E/JobScheduler.JobStatus( 1562): 	at android.os.Looper.loopOnce(Looper.java:311)
03-02 19:47:04.575 E/JobScheduler.JobStatus( 1562): 	at android.os.Looper.loop(Looper.java:408)
03-02 19:47:04.575 E/JobScheduler.JobStatus( 1562): 	at android.os.HandlerThread.run(HandlerThread.java:85)
03-02 19:47:04.575 E/TranExceptionReporterComponentImpl( 1562): init: ro.product.succ.bbcollect.log.support==1
03-02 19:47:04.576 E/TranExceptionReporterComponentImpl( 1562): init: ro.product.succ.bbcollect.log.support==1
03-02 19:47:04.576 I/Hiber/proxyManager( 1562): up_sensor: uid=10281, pkgName=com.whatsapp.w4b
03-02 19:47:04.578 I/WM-WorkerWrapper(27882): Work [ id=61d2e6e7-7630-44a0-8a21-62877fac9a87, tags={ com.whatsapp.xmpp.messaging.XmppLifecycleWorker } ] was cancelled
03-02 19:47:04.578 I/WM-WorkerWrapper(27882): X.J0m
03-02 19:47:04.578 I/WM-WorkerWrapper(27882): 	at X.IPM.A01(:6)
03-02 19:47:04.578 I/WM-WorkerWrapper(27882): 	at X.IsF.run(:84)
03-02 19:47:04.578 I/WM-WorkerWrapper(27882): 	at X.IrX.run(:2)
03-02 19:47:04.578 I/WM-WorkerWrapper(27882): 	at java.util.concurrent.ThreadPoolExecutor.runWorker(ThreadPoolExecutor.java:1154)
03-02 19:47:04.578 I/WM-WorkerWrapper(27882): 	at java.util.concurrent.ThreadPoolExecutor$Worker.run(ThreadPoolExecutor.java:652)
03-02 19:47:04.578 I/WM-WorkerWrapper(27882): 	at java.lang.Thread.run(Thread.java:1564)
03-02 19:47:04.579 E/ApplicationHelper( 1562): Fail to get PackageManager
03-02 19:47:04.579 E/ApplicationHelper( 1562): Fail to get PackageManager
03-02 19:47:04.616 I/system_server( 1562): Background young concurrent mark compact GC freed 18MB AllocSpace bytes, 293(5800KB) LOS objects, 17% free, 93MB/113MB, paused 5.644ms,18.668ms total 273.851ms
03-02 19:47:04.623 I/BpBinder( 1562): onLastStrongRef automatically unlinking death recipients: 
03-02 19:47:04.623 I/BpBinder( 1562): onLastStrongRef automatically unlinking death recipients: 
03-02 19:47:04.634 W/System  ( 1562): A resource failed to call close. 
03-02 19:47:04.636 I/mtkpower_client( 1063): perf_lock_rel, hdl:57038, tid:1063
03-02 19:47:04.637 I/libPowerHal(  941): [PD] fpsgo update cmd:1408300 param:0
03-02 19:47:04.651 I/BufferQueueProducer(  994): [SurfaceView[com.anonmousfriend.app/com.callto.app.MainActivity](BLAST)#23566](this:0xb400007144b049a8,id:-1,api:0,p:-1,c:994) queueBuffer: fps=1.96 dur=1019.25 max=517.08 min=502.17
03-02 19:47:04.655 I/hwcomposer(  928): [HWCDisplay] [Display_0 (type:1)] fps:4.904116,dur:1019.55,max:503.45,min:5.34  
03-02 19:47:04.670 I/mtkpower_client( 1063): perf_lock_acq, hdl:0, dur:30000, num:2, tid:1063
03-02 19:47:04.671 I/mtkpower_client( 1063): ret_hdl:57039
03-02 19:47:04.760 I/BufferQueueProducer(  994): [StatusBar#102](this:0xb400007144a5f708,id:-1,api:0,p:-1,c:994) queueBuffer: fps=0.99 dur=1012.00 max=1012.00 min=1012.00
03-02 19:47:04.761 I/BufferQueueProducer(  994): [NotificationShade#23584](this:0xb400007144a76388,id:-1,api:0,p:-1,c:994) queueBuffer: fps=0.99 dur=1012.05 max=1012.05 min=1012.05
03-02 19:47:04.953 I/TranTele/TranPhoneInterfaceManager( 2426): TTC - onSignalStrengthsChanged
03-02 19:47:04.957 I/TranPhoneSwitcher( 2426): mDefaultsign:4subid :2
03-02 19:47:05.130 I/mtkpower_client( 1063): perf_lock_rel, hdl:57039, tid:1063
03-02 19:47:05.130 I/libPowerHal(  941): [PD] fpsgo update cmd:1408300 param:0
03-02 19:47:05.164 I/mtkpower_client( 1063): perf_lock_acq, hdl:0, dur:30000, num:2, tid:1063
03-02 19:47:05.165 I/mtkpower_client( 1063): ret_hdl:57040
03-02 19:47:05.191 I/TranTele/TranPhoneInterfaceManager( 2426): TTC - onSignalStrengthsChanged
03-02 19:47:05.195 I/TranPhoneSwitcher( 2426): mOthersign:3subid :1
03-02 19:47:05.428 I/os.permission( 1562): Grant permission: android.permission.POST_NOTIFICATIONS to uid: 10203
03-02 19:47:05.446 I/ActivityManager( 1562): Start proc 21693:com.transsion.iotcard/u0a203 for service {com.transsion.iotcard/com.transsion.iotcard_business.appstart.IotCardStartService}
03-02 19:47:05.459 I/anssion.iotcard(21693): Using CollectorTypeCMC GC.
03-02 19:47:05.465 I/libPerfCtl(  941): xgfGetFPS pid:2206 fps:-1
03-02 19:47:05.465 I/AppThermalMode(  941): [perfNotifyThermalState] hdl:0
03-02 19:47:05.465 I/AppThermalMode(  941): [findAppThermalIdx] Fail: appThermalModeEnable: 0,currentFPS: -1,fg->pid:16962
03-02 19:47:05.465 I/AppThermalMode(  941): [perfNotifyThermalState] appThermalIdx -1:
03-02 19:47:05.466 I/libPerfCtl(  941): xgfGetFPS pid:5615 fps:-1
03-02 19:47:05.466 I/AppThermalMode(  941): [perfNotifyThermalState] hdl:0
03-02 19:47:05.466 I/AppThermalMode(  941): [findAppThermalIdx] Fail: appThermalModeEnable: 0,currentFPS: -1,fg->pid:16962
03-02 19:47:05.466 I/AppThermalMode(  941): [perfNotifyThermalState] appThermalIdx -1:
03-02 19:47:05.466 I/libPerfCtl(  941): xgfGetFPS pid:16962 fps:-1
03-02 19:47:05.466 I/AppThermalMode(  941): [perfNotifyThermalState] hdl:0
03-02 19:47:05.466 I/AppThermalMode(  941): [findAppThermalIdx] Fail: appThermalModeEnable: 0,currentFPS: -1,fg->pid:16962
03-02 19:47:05.466 I/AppThermalMode(  941): [perfNotifyThermalState] appThermalIdx -1:
03-02 19:47:05.468 W/TranInstanceHelper(21693): Failed to instance com.transsion.hubcore.linkplus.implement.app.TranActivityThreadLinkplusImpl, java.lang.ClassNotFoundException: com.transsion.hubcore.linkplus.implement.app.TranActivityThreadLinkplusImpl
03-02 19:47:05.475 E/ApplicationHelper( 1562): Fail to get PackageManager
03-02 19:47:05.476 I/Hiber/appStateMachine( 1562): uid:10203 enter RunningState
03-02 19:47:05.481 I/netd    (  911): tetherGetStats() -> {[TetherStatsParcel{iface: ccmni2, rxBytes: 110690, rxPackets: 710, txBytes: 128857, txPackets: 1996, ifIndex: 0}, TetherStatsParcel{iface: v4-ccmni2, rxBytes: 193401172, rxPackets: 332785, txBytes: 327551092, txPackets: 359403, ifIndex: 0}]} <3.80ms>
03-02 19:47:05.509 I/LoadedApk(21693): No resource references to update in package com.transsion.theme.icon
03-02 19:47:05.559 I/TranVersion(21693): TranVersion static initializer: default = 35.3.9.1
03-02 19:47:05.559 I/TranVersion(21693):  debug = false, debug_version = 35.3.9.1
03-02 19:47:05.559 I/TranVersion(21693): initializer: version = 35.3.9.1, THUBCORE_VERSION = 35391
03-02 19:47:05.559 I/TranVersion(21693): ro.build.version.sdk = 35
03-02 19:47:05.559 I/TranVerifyKeyManager(21693): TranThubVerifyKeyManager
03-02 19:47:05.561 I/Hiber/nativeServiceClient( 1562): check binder uid=10281
03-02 19:47:05.567 W/HeartRateOximetryLiceFactory(21693): HeartRateOximetryLice is not supported
03-02 19:47:05.573 E/ApplicationHelper( 1562): Fail to get PackageManager
03-02 19:47:05.584 I/keystore2(  644): system/security/keystore2/src/security_level.rs:235 - create_operation start
03-02 19:47:05.584 I/keystore2(  644): system/security/keystore2/src/security_level.rs:237 - caller_pid=21693
03-02 19:47:05.584 I/keystore2(  644): system/security/keystore2/src/security_level.rs:238 - caller_uid=10203
03-02 19:47:05.584 I/keystore2(  644): system/security/keystore2/src/security_level.rs:239 - forced=false
03-02 19:47:05.584 I/keystore2(  644): system/security/keystore2/src/security_level.rs:240 - key.domain=r#KEY_ID
03-02 19:47:05.584 I/keystore2(  644): system/security/keystore2/src/security_level.rs:241 - key.alias=None
03-02 19:47:05.584 I/keystore2(  644): system/security/keystore2/src/security_level.rs:277 - with_try_import start
03-02 19:47:05.585 I/keystore2(  644): system/security/keystore2/src/security_level.rs:299 - with_try_import end
03-02 19:47:05.585 I/keystore2(  644): system/security/keystore2/src/security_level.rs:333 - authorize_create start
03-02 19:47:05.585 I/keystore2(  644): system/security/keystore2/src/security_level.rs:344 - authorize_create end
03-02 19:47:05.585 I/keystore2(  644): system/security/keystore2/src/security_level.rs:345 - unwrap_key_if_required start
03-02 19:47:05.585 I/keystore2(  644): system/security/keystore2/src/security_level.rs:353 - unwrap_key_if_required end
03-02 19:47:05.585 I/keystore2(  644): system/security/keystore2/src/security_level.rs:354 - upgrade_keyblob_if_required_with start
03-02 19:47:05.585 I/TranActivityManager(21693): TranThubActivityManager
03-02 19:47:05.588 I/keystore2(  644): system/security/keystore2/src/security_level.rs:395 - upgrade_keyblob_if_required_with end
03-02 19:47:05.588 I/keystore2(  644): system/security/keystore2/src/enforcements.rs:249 - finalize_create_authorization self.state=NoAuthRequired
03-02 19:47:05.588 I/keystore2(  644): system/security/keystore2/src/security_level.rs:401 - operation_db.create_operation start
03-02 19:47:05.588 I/keystore2(  644): system/security/keystore2/src/security_level.rs:419 - operation_db.create_operation end
03-02 19:47:05.591 I/keystore2(  644): system/security/keystore2/src/security_level.rs:235 - create_operation start
03-02 19:47:05.591 I/keystore2(  644): system/security/keystore2/src/security_level.rs:237 - caller_pid=21693
03-02 19:47:05.591 I/keystore2(  644): system/security/keystore2/src/security_level.rs:238 - caller_uid=10203
03-02 19:47:05.591 I/keystore2(  644): system/security/keystore2/src/security_level.rs:239 - forced=false
03-02 19:47:05.591 I/keystore2(  644): system/security/keystore2/src/security_level.rs:240 - key.domain=r#KEY_ID
03-02 19:47:05.591 I/keystore2(  644): system/security/keystore2/src/security_level.rs:241 - key.alias=None
03-02 19:47:05.591 I/keystore2(  644): system/security/keystore2/src/security_level.rs:277 - with_try_import start
03-02 19:47:05.592 I/keystore2(  644): system/security/keystore2/src/security_level.rs:299 - with_try_import end
03-02 19:47:05.592 I/keystore2(  644): system/security/keystore2/src/security_level.rs:333 - authorize_create start
03-02 19:47:05.592 I/keystore2(  644): system/security/keystore2/src/security_level.rs:344 - authorize_create end
03-02 19:47:05.592 I/keystore2(  644): system/security/keystore2/src/security_level.rs:345 - unwrap_key_if_required start
03-02 19:47:05.592 I/keystore2(  644): system/security/keystore2/src/security_level.rs:353 - unwrap_key_if_required end
03-02 19:47:05.592 I/keystore2(  644): system/security/keystore2/src/security_level.rs:354 - upgrade_keyblob_if_required_with start
03-02 19:47:05.594 E/ApplicationHelper( 1562): Fail to get PackageManager
03-02 19:47:05.604 E/ApplicationHelper( 1562): Fail to get PackageManager
03-02 19:47:05.604 E/ApplicationHelper( 1562): Fail to get PackageManager
03-02 19:47:05.604 E/ApplicationHelper( 1562): Fail to get PackageManager
03-02 19:47:05.605 E/TlcKM   (  645): lookup_operation: op 0x115f22e5fb3a594 not found
03-02 19:47:05.605 E/TlcKM   (  645): lookup_operation(session, operation_handle, &op) == -28
03-02 19:47:05.605 I/keystore2(  644): system/security/keystore2/src/security_level.rs:395 - upgrade_keyblob_if_required_with end
03-02 19:47:05.605 I/keystore2(  644): system/security/keystore2/src/enforcements.rs:249 - finalize_create_authorization self.state=NoAuthRequired
03-02 19:47:05.606 I/keystore2(  644): system/security/keystore2/src/security_level.rs:401 - operation_db.create_operation start
03-02 19:47:05.606 I/keystore2(  644): system/security/keystore2/src/security_level.rs:419 - operation_db.create_operation end
03-02 19:47:05.607 E/ApplicationHelper( 1562): Fail to get PackageManager
03-02 19:47:05.607 E/ApplicationHelper( 1562): Fail to get PackageManager
03-02 19:47:05.607 E/ApplicationHelper( 1562): Fail to get PackageManager
03-02 19:47:05.607 I/TranActivityManager(21693): TranThubActivityManager
03-02 19:47:05.608 I/TranActivityManager(21693): TranThubActivityManager
03-02 19:47:05.609 I/TranPackageManager(21693): TranThubPackageManager
03-02 19:47:05.609 I/TranPackageManager(21693): TranThubPackageManager
03-02 19:47:05.612 I/TranActivityManager(21693): TranThubActivityManager
03-02 19:47:05.613 I/TranActivityManager(21693): TranThubActivityManager
03-02 19:47:05.613 I/TranPackageManager(21693): TranThubPackageManager
03-02 19:47:05.613 I/TranPackageManager(21693): TranThubPackageManager
03-02 19:47:05.616 E/TlcKM   (  645): lookup_operation: op 0x755d74c64481f8b0 not found
03-02 19:47:05.616 E/TlcKM   (  645): lookup_operation(session, operation_handle, &op) == -28
03-02 19:47:05.624 I/TranActivityManager(21693): TranThubActivityManager
03-02 19:47:05.624 I/TranActivityManager(21693): TranThubActivityManager
03-02 19:47:05.625 I/TranPackageManager(21693): TranThubPackageManager
03-02 19:47:05.625 I/TranPackageManager(21693): TranThubPackageManager
03-02 19:47:05.628 I/TranActivityManager(21693): TranThubActivityManager
03-02 19:47:05.628 I/TranPackageManager(21693): TranThubPackageManager
03-02 19:47:05.629 I/TranActivityManager(21693): TranThubActivityManager
03-02 19:47:05.629 I/TranPackageManager(21693): TranThubPackageManager
03-02 19:47:05.631 I/mtkpower_client( 1063): perf_lock_rel, hdl:57040, tid:1063
03-02 19:47:05.631 I/libPowerHal(  941): [PD] fpsgo update cmd:1408300 param:0
03-02 19:47:05.633 I/ActivityManager( 1562): Start proc 21730:com.smartlife.nebula/u0a267 for service {com.smartlife.nebula/com.transsion.iotcard.service.WelifeStartService}
03-02 19:47:05.636 E/ApplicationHelper( 1562): Fail to get PackageManager
03-02 19:47:05.636 I/TranActivityManager(21693): TranThubActivityManager
03-02 19:47:05.636 I/TranPackageManager(21693): TranThubPackageManager
03-02 19:47:05.637 E/ApplicationHelper( 1562): Fail to get PackageManager
03-02 19:47:05.637 E/ApplicationHelper( 1562): Fail to get PackageManager
03-02 19:47:05.639 I/TranActivityManager(21693): TranThubActivityManager
03-02 19:47:05.639 I/TranPackageManager(21693): TranThubPackageManager
03-02 19:47:05.640 I/keystore2(  644): system/security/keystore2/src/security_level.rs:235 - create_operation start
03-02 19:47:05.640 I/keystore2(  644): system/security/keystore2/src/security_level.rs:237 - caller_pid=21693
03-02 19:47:05.640 I/keystore2(  644): system/security/keystore2/src/security_level.rs:238 - caller_uid=10203
03-02 19:47:05.640 I/keystore2(  644): system/security/keystore2/src/security_level.rs:239 - forced=false
03-02 19:47:05.640 I/keystore2(  644): system/security/keystore2/src/security_level.rs:240 - key.domain=r#KEY_ID
03-02 19:47:05.640 I/keystore2(  644): system/security/keystore2/src/security_level.rs:241 - key.alias=None
03-02 19:47:05.640 I/keystore2(  644): system/security/keystore2/src/security_level.rs:277 - with_try_import start
03-02 19:47:05.641 I/keystore2(  644): system/security/keystore2/src/security_level.rs:299 - with_try_import end
03-02 19:47:05.641 I/keystore2(  644): system/security/keystore2/src/security_level.rs:333 - authorize_create start
03-02 19:47:05.641 I/keystore2(  644): system/security/keystore2/src/security_level.rs:344 - authorize_create end
03-02 19:47:05.641 I/keystore2(  644): system/security/keystore2/src/security_level.rs:345 - unwrap_key_if_required start
03-02 19:47:05.641 I/keystore2(  644): system/security/keystore2/src/security_level.rs:353 - unwrap_key_if_required end
03-02 19:47:05.641 I/keystore2(  644): system/security/keystore2/src/security_level.rs:354 - upgrade_keyblob_if_required_with start
03-02 19:47:05.643 I/keystore2(  644): system/security/keystore2/src/security_level.rs:395 - upgrade_keyblob_if_required_with end
03-02 19:47:05.643 I/keystore2(  644): system/security/keystore2/src/enforcements.rs:249 - finalize_create_authorization self.state=NoAuthRequired
03-02 19:47:05.643 I/keystore2(  644): system/security/keystore2/src/security_level.rs:401 - operation_db.create_operation start
03-02 19:47:05.643 I/keystore2(  644): system/security/keystore2/src/security_level.rs:419 - operation_db.create_operation end
03-02 19:47:05.644 I/martlife.nebula(21730): Using CollectorTypeCMC GC.
03-02 19:47:05.652 W/TranInstanceHelper(21730): Failed to instance com.transsion.hubcore.linkplus.implement.app.TranActivityThreadLinkplusImpl, java.lang.ClassNotFoundException: com.transsion.hubcore.linkplus.implement.app.TranActivityThreadLinkplusImpl
03-02 19:47:05.652 I/resolv  (  911): GetAddrInfoHandler::run: {100 786532 100 983140 1000 0}
03-02 19:47:05.653 E/TlcKM   (  645): lookup_operation: op 0xaedeeb3c5858415 not found
03-02 19:47:05.653 E/TlcKM   (  645): lookup_operation(session, operation_handle, &op) == -28
03-02 19:47:05.663 I/mtkpower_client( 1063): perf_lock_acq, hdl:0, dur:30000, num:2, tid:1063
03-02 19:47:05.664 I/TranActivityManager(21693): TranThubActivityManager
03-02 19:47:05.664 I/mtkpower_client( 1063): ret_hdl:57041
03-02 19:47:05.664 I/TranPackageManager(21693): TranThubPackageManager
03-02 19:47:05.666 E/ApplicationHelper( 1562): Fail to get PackageManager
03-02 19:47:05.667 E/ApplicationHelper( 1562): Fail to get PackageManager
03-02 19:47:05.667 I/Hiber/appStateMachine( 1562): uid:10267 enter RunningState
03-02 19:47:05.668 I/ActivityManager( 1562): Start proc 21754:com.transsion.pcconnect/u0a212 for service {com.transsion.pcconnect/com.transsion.iotservice.multiscreen.pc.iotcard.PCConnectionStartService}
03-02 19:47:05.675 E/ApplicationHelper( 1562): Fail to get PackageManager
03-02 19:47:05.675 E/ApplicationHelper( 1562): Fail to get PackageManager
03-02 19:47:05.675 E/ApplicationHelper( 1562): Fail to get PackageManager
03-02 19:47:05.676 E/ApplicationHelper( 1562): Fail to get PackageManager
03-02 19:47:05.676 E/ApplicationHelper( 1562): Fail to get PackageManager
03-02 19:47:05.676 E/ApplicationHelper( 1562): Fail to get PackageManager
03-02 19:47:05.684 I/ssion.pcconnect(21754): Using CollectorTypeCMC GC.
03-02 19:47:05.694 W/TranInstanceHelper(21754): Failed to instance com.transsion.hubcore.linkplus.implement.app.TranActivityThreadLinkplusImpl, java.lang.ClassNotFoundException: com.transsion.hubcore.linkplus.implement.app.TranActivityThreadLinkplusImpl
03-02 19:47:05.706 E/ApplicationHelper( 1562): Fail to get PackageManager
03-02 19:47:05.713 W/GservicesPersistence( 2198): Package com.transsion.iotcard is not approved to access the device ID
03-02 19:47:05.739 I/LoadedApk(21730): No resource references to update in package com.transsion.theme.icon
03-02 19:47:05.779 I/LoadedApk(21754): No resource references to update in package com.transsion.theme.icon
03-02 19:47:05.805 I/FirebaseApp(21730): Device unlocked: initializing all Firebase APIs for app [DEFAULT]
03-02 19:47:05.814 I/FirebaseInitProvider(21730): FirebaseApp initialization successful
03-02 19:47:05.822 E/ApplicationHelper( 1562): Fail to get PackageManager
03-02 19:47:05.822 E/ApplicationHelper( 1562): Fail to get PackageManager
03-02 19:47:05.829 W/martlife.nebula(21730): ClassLoaderContext classpath size mismatch. expected=1, found=0 (DLC[];PCL[base.apk*1782853586]{PCL[/system/framework/org.apache.http.legacy.jar*437079508]#PCL[/system/framework/com.android.location.provider.jar*3414091812]#PCL[/system/framework/com.android.media.remotedisplay.jar*2042759013]#PCL[/system_ext/framework/androidx.window.extensions.jar*4272317285]#PCL[/system_ext/framework/androidx.window.sidecar.jar*894206342]} | DLC[];PCL[])
03-02 19:47:05.834 I/DynamiteModule(21730): Considering local module com.google.android.gms.measurement.dynamite:92 and remote module com.google.android.gms.measurement.dynamite:177
03-02 19:47:05.834 I/DynamiteModule(21730): Selected remote version of com.google.android.gms.measurement.dynamite, version >= 177
03-02 19:47:05.843 I/os_widgets(21730): 16.1.0.11-alpha01 widgetslib.Utils_getOsVersionCode.version:xos15.1.2 type:xos
03-02 19:47:05.843 I/os_widgets(21730): 16.1.0.11-alpha01 widgetslib.Utils_OS version($version) :15.1.2
03-02 19:47:05.844 I/WelifeApplication(21730): welife versionName:3.17.1.664 GlobalLogUtil open:false
03-02 19:47:05.845 I/[Koin]  (21730): [init] declare Android Context
03-02 19:47:05.847 W/System  (21730): ClassLoader referenced unknown path: 
03-02 19:47:05.853 W/martlife.nebula(21730): ClassLoaderContext classpath element checksum mismatch. expected=1782853586, found=3366749924 (DLC[];PCL[base.apk*1782853586]{PCL[/system/framework/org.apache.http.legacy.jar*437079508]#PCL[/system/framework/com.android.location.provider.jar*3414091812]#PCL[/system/framework/com.android.media.remotedisplay.jar*2042759013]#PCL[/system_ext/framework/androidx.window.extensions.jar*4272317285]#PCL[/system_ext/framework/androidx.window.sidecar.jar*894206342]} | DLC[];PCL[/data/app/~~DRkss4-I1D_PDc-tPla1Lw==/com.smartlife.nebula-DwA3DW9cKVN1mlVOgo5T-Q==/base.apk*3366749924]{PCL[/system_ext/framework/androidx.window.extensions.jar*4272317285]#PCL[/system_ext/framework/androidx.window.sidecar.jar*894206342]#PCL[/system/framework/org.apache.http.legacy.jar*437079508]})
03-02 19:47:05.867 I/TranVersion(21754): TranVersion static initializer: default = 35.3.9.1
03-02 19:47:05.867 I/TranVersion(21754):  debug = false, debug_version = 35.3.9.1
03-02 19:47:05.868 I/TranVersion(21754): initializer: version = 35.3.9.1, THUBCORE_VERSION = 35391
03-02 19:47:05.868 I/TranVersion(21754): ro.build.version.sdk = 35
03-02 19:47:05.868 I/TranSystemProperties(21754): TranThubSystemProperties
03-02 19:47:05.873 I/TranVerifyKeyManager(21754): TranThubVerifyKeyManager
03-02 19:47:05.881 I/os_widgets(21754): 15.1.1.1-alpha12 widgetslib.Utils_isAfterOS14.version:xos15.1.2type:xos
03-02 19:47:05.881 I/os_widgets(21754): 15.1.1.1-alpha12 widgetslib.Utils_OS version($version) :15.1.2
03-02 19:47:05.881 I/os_widgets(21754): 15.1.1.1-alpha12 widgetslib.Utils_isAfterOS15.version:xos15.1.2type:xos
03-02 19:47:05.881 I/os_widgets(21754): 15.1.1.1-alpha12 widgetslib.Utils_OS version($version) :15.1.2
03-02 19:47:05.881 I/os_widgets(21754): 15.1.1.1-alpha12 widgetslib.Utils_getOsVersionCode.version:xos15.1.2 type:xos
03-02 19:47:05.881 I/os_widgets(21754): 15.1.1.1-alpha12 widgetslib.Utils_OS version($version) :15.1.2
03-02 19:47:05.889 I/PCConnectApplication(21754): onCreate,inTestEnvironment:true,inDebugModel:true,versionName:1.3.0.057
03-02 19:47:05.892 I/AthenaUtil(21693): mAppId:2760,sendAthenaData:IoT_Card_Show_click, bundle:Bundle[{IoT_Card_show_click_card_quantity=0}] Thread:main|2 
03-02 19:47:05.893 I/pcconnect-ConnectionManager(21754): initStateMachine
03-02 19:47:05.894 I/pcconnect-ConnectionManager(21754): emit state from Initial to Initial
03-02 19:47:05.894 I/pcconnect-PcModuleServiceLife(21754): onCreate
03-02 19:47:05.895 I/pcconnect-PcModuleServiceLife(21754): updateLocalPhoneData
03-02 19:47:05.896 I/pcconnect-PhoneDataRepository(21754): call getPhoneDataRemote, isOver24H:false, currentTimestamp:1772461025896, latestTimestamp:1772428559053
03-02 19:47:05.898 I/pcconnect-AppSharedPreference(21754): isCheckFunctionGuideResourceUpdate: false
03-02 19:47:05.900 E/ApplicationHelper( 1562): Fail to get PackageManager
03-02 19:47:05.901 I/pcconnect-TranNetApiProxy(21754): init supportNewTranNet:true
03-02 19:47:05.901 I/PhenotypeResourceReader( 2198): unable to find any Phenotype resource metadata for com.smartlife.nebula
03-02 19:47:05.906 E/ApplicationHelper( 1562): Fail to get PackageManager
03-02 19:47:05.906 E/ApplicationHelper( 1562): Fail to get PackageManager
03-02 19:47:05.916 I/TranVersion(21730): TranVersion static initializer: default = 35.3.9.1
03-02 19:47:05.916 I/TranVersion(21730):  debug = false, debug_version = 35.3.9.1
03-02 19:47:05.919 I/Athena  (21754): Athena Worker, handleMessage(w.java:353)
03-02 19:47:05.919 I/Athena  (21754): Athena SDK Version is [2.3.6.6]
03-02 19:47:05.920 I/PowerHalWrapper(21754): PowerHalWrapper.getInstance 
03-02 19:47:05.925 W/HeartRateOximetryLiceFactory(21754): HeartRateOximetryLice is not supported
03-02 19:47:05.925 E/ApplicationHelper( 1562): Fail to get PackageManager
03-02 19:47:05.925 E/ApplicationHelper( 1562): Fail to get PackageManager
03-02 19:47:05.925 E/ApplicationHelper( 1562): Fail to get PackageManager
03-02 19:47:05.925 E/ApplicationHelper( 1562): Fail to get PackageManager
03-02 19:47:05.925 E/ApplicationHelper( 1562): Fail to get PackageManager
03-02 19:47:05.928 I/M-ProMotion(21754): M-ProMotion is disabled
03-02 19:47:05.933 I/resolv  (  911): GetAddrInfoHandler::run: {100 100 100 983140 10267 0}
03-02 19:47:05.933 I/resolv  (  911): GetAddrInfoHandler::run: network access blocked
03-02 19:47:05.936 I/TranVerify( 1562): uid's package list only has one name:com.smartlife.nebula
03-02 19:47:05.938 I/GlobalLogUtil(21730): openLog:false
03-02 19:47:05.939 I/TranRadioNetManager(21754): onServiceConnected with mServiceConnId = 1008
03-02 19:47:05.943 I/pcconnect-ConnectSdkProxy(21754): disconnectService
03-02 19:47:05.943 I/CastSourceApi(21754): disconnectService
03-02 19:47:05.944 E/ApplicationHelper( 1562): Fail to get PackageManager
03-02 19:47:05.945 E/CastSourceApi(21754): disconnectService exception
03-02 19:47:05.945 E/CastSourceApi(21754): java.lang.IllegalArgumentException: Service not registered: com.transsion.connectx.sdk.TCCPSourceApi$2@96837c4
03-02 19:47:05.945 E/CastSourceApi(21754): 	at android.app.LoadedApk.forgetServiceDispatcher(LoadedApk.java:2054)
03-02 19:47:05.945 E/CastSourceApi(21754): 	at android.app.ContextImpl.unbindService(ContextImpl.java:2428)
03-02 19:47:05.945 E/CastSourceApi(21754): 	at android.content.ContextWrapper.unbindService(ContextWrapper.java:946)
03-02 19:47:05.945 E/CastSourceApi(21754): 	at com.transsion.connectx.sdk.TCCPSourceApi.disconnectService(Unknown Source:16)
03-02 19:47:05.945 E/CastSourceApi(21754): 	at z9.a.l(Unknown Source:16)
03-02 19:47:05.945 E/CastSourceApi(21754): 	at z9.b.e(Unknown Source:7)
03-02 19:47:05.945 E/CastSourceApi(21754): 	at com.transsion.iotservice.multiscreen.pc.service.KeepLiveService$c.invokeSuspend(Unknown Source:103)
03-02 19:47:05.945 E/CastSourceApi(21754): 	at kotlin.coroutines.jvm.internal.BaseContinuationImpl.resumeWith(Unknown Source:10)
03-02 19:47:05.945 E/CastSourceApi(21754): 	at om.h1.run(Unknown Source:125)
03-02 19:47:05.945 E/CastSourceApi(21754): 	at ym.a.C0(Unknown Source:0)
03-02 19:47:05.945 E/CastSourceApi(21754): 	at ym.a$c.b(Unknown Source:59)
03-02 19:47:05.945 E/CastSourceApi(21754): 	at ym.a$c.r(Unknown Source:28)
03-02 19:47:05.945 E/CastSourceApi(21754): 	at ym.a$c.run(Unknown Source:0)
03-02 19:47:05.945 E/ApplicationHelper( 1562): Fail to get PackageManager
03-02 19:47:05.946 I/Athena  (21754): DefaultDispatcher-worker-2, u(g.java:16)
03-02 19:47:05.946 I/Athena  (21754): setEnable isEnable = false
03-02 19:47:05.949 E/UPDATE_SDK_S_update(21730): DefaultDispatcher-worker-3, run(DispatchedTask.java:125)
03-02 19:47:05.949 E/UPDATE_SDK_S_update(21730): ******isWidgetslibExist∩╝Ütrue******
03-02 19:47:05.949 I/UPDATE_SDK_S_update(21730): DefaultDispatcher-worker-3, run(a.java:117)
03-02 19:47:05.950 I/UPDATE_SDK_S_update(21730): update SDK Version is 1.3.3
