03-02 19:47:05.953 I/PowerHalWrapper(21730): PowerHalWrapper.getInstance 
03-02 19:47:05.955 I/pcconnect-PCConnectApplication(21754): onServiceConnected
03-02 19:47:05.956 I/keystore2(  644): system/security/keystore2/src/security_level.rs:235 - create_operation start
03-02 19:47:05.956 I/keystore2(  644): system/security/keystore2/src/security_level.rs:237 - caller_pid=21754
03-02 19:47:05.956 I/keystore2(  644): system/security/keystore2/src/security_level.rs:238 - caller_uid=10212
03-02 19:47:05.956 I/keystore2(  644): system/security/keystore2/src/security_level.rs:239 - forced=false
03-02 19:47:05.956 I/keystore2(  644): system/security/keystore2/src/security_level.rs:240 - key.domain=r#KEY_ID
03-02 19:47:05.956 I/keystore2(  644): system/security/keystore2/src/security_level.rs:241 - key.alias=None
03-02 19:47:05.956 I/keystore2(  644): system/security/keystore2/src/security_level.rs:277 - with_try_import start
03-02 19:47:05.957 I/keystore2(  644): system/security/keystore2/src/security_level.rs:235 - create_operation start
03-02 19:47:05.957 I/keystore2(  644): system/security/keystore2/src/security_level.rs:237 - caller_pid=21754
03-02 19:47:05.957 I/keystore2(  644): system/security/keystore2/src/security_level.rs:238 - caller_uid=10212
03-02 19:47:05.957 I/keystore2(  644): system/security/keystore2/src/security_level.rs:239 - forced=false
03-02 19:47:05.957 I/keystore2(  644): system/security/keystore2/src/security_level.rs:240 - key.domain=r#KEY_ID
03-02 19:47:05.957 I/keystore2(  644): system/security/keystore2/src/security_level.rs:241 - key.alias=None
03-02 19:47:05.957 I/keystore2(  644): system/security/keystore2/src/security_level.rs:277 - with_try_import start
03-02 19:47:05.957 I/keystore2(  644): system/security/keystore2/src/security_level.rs:299 - with_try_import end
03-02 19:47:05.957 I/keystore2(  644): system/security/keystore2/src/security_level.rs:333 - authorize_create start
03-02 19:47:05.957 I/keystore2(  644): system/security/keystore2/src/security_level.rs:344 - authorize_create end
03-02 19:47:05.957 I/keystore2(  644): system/security/keystore2/src/security_level.rs:345 - unwrap_key_if_required start
03-02 19:47:05.957 I/keystore2(  644): system/security/keystore2/src/security_level.rs:353 - unwrap_key_if_required end
03-02 19:47:05.957 I/keystore2(  644): system/security/keystore2/src/security_level.rs:354 - upgrade_keyblob_if_required_with start
03-02 19:47:05.957 I/M-ProMotion(21730): M-ProMotion is disabled
03-02 19:47:05.959 I/keystore2(  644): system/security/keystore2/src/security_level.rs:235 - create_operation start
03-02 19:47:05.959 I/keystore2(  644): system/security/keystore2/src/security_level.rs:237 - caller_pid=21730
03-02 19:47:05.959 I/keystore2(  644): system/security/keystore2/src/security_level.rs:238 - caller_uid=10267
03-02 19:47:05.959 I/keystore2(  644): system/security/keystore2/src/security_level.rs:239 - forced=false
03-02 19:47:05.959 I/keystore2(  644): system/security/keystore2/src/security_level.rs:240 - key.domain=r#KEY_ID
03-02 19:47:05.959 I/keystore2(  644): system/security/keystore2/src/security_level.rs:241 - key.alias=None
03-02 19:47:05.959 I/keystore2(  644): system/security/keystore2/src/security_level.rs:277 - with_try_import start
03-02 19:47:05.959 I/keystore2(  644): system/security/keystore2/src/security_level.rs:299 - with_try_import end
03-02 19:47:05.959 I/keystore2(  644): system/security/keystore2/src/security_level.rs:333 - authorize_create start
03-02 19:47:05.959 I/keystore2(  644): system/security/keystore2/src/security_level.rs:344 - authorize_create end
03-02 19:47:05.959 I/keystore2(  644): system/security/keystore2/src/security_level.rs:345 - unwrap_key_if_required start
03-02 19:47:05.959 I/keystore2(  644): system/security/keystore2/src/security_level.rs:353 - unwrap_key_if_required end
03-02 19:47:05.959 I/keystore2(  644): system/security/keystore2/src/security_level.rs:354 - upgrade_keyblob_if_required_with start
03-02 19:47:05.960 I/keystore2(  644): system/security/keystore2/src/security_level.rs:235 - create_operation start
03-02 19:47:05.960 I/keystore2(  644): system/security/keystore2/src/security_level.rs:237 - caller_pid=21730
03-02 19:47:05.960 I/keystore2(  644): system/security/keystore2/src/security_level.rs:238 - caller_uid=10267
03-02 19:47:05.960 I/keystore2(  644): system/security/keystore2/src/security_level.rs:239 - forced=false
03-02 19:47:05.960 I/keystore2(  644): system/security/keystore2/src/security_level.rs:240 - key.domain=r#KEY_ID
03-02 19:47:05.960 I/keystore2(  644): system/security/keystore2/src/security_level.rs:241 - key.alias=None
03-02 19:47:05.960 I/keystore2(  644): system/security/keystore2/src/security_level.rs:277 - with_try_import start
03-02 19:47:05.961 E/martlife.nebula(21730): No package ID 6a found for resource ID 0x6a0b0013.
03-02 19:47:05.961 I/keystore2(  644): system/security/keystore2/src/security_level.rs:395 - upgrade_keyblob_if_required_with end
03-02 19:47:05.961 I/keystore2(  644): system/security/keystore2/src/enforcements.rs:249 - finalize_create_authorization self.state=NoAuthRequired
03-02 19:47:05.961 I/keystore2(  644): system/security/keystore2/src/security_level.rs:401 - operation_db.create_operation start
03-02 19:47:05.961 I/keystore2(  644): system/security/keystore2/src/security_level.rs:419 - operation_db.create_operation end
03-02 19:47:05.962 I/keystore2(  644): system/security/keystore2/src/security_level.rs:395 - upgrade_keyblob_if_required_with end
03-02 19:47:05.962 I/keystore2(  644): system/security/keystore2/src/enforcements.rs:249 - finalize_create_authorization self.state=NoAuthRequired
03-02 19:47:05.962 I/keystore2(  644): system/security/keystore2/src/security_level.rs:401 - operation_db.create_operation start
03-02 19:47:05.962 I/keystore2(  644): system/security/keystore2/src/security_level.rs:419 - operation_db.create_operation end
03-02 19:47:05.962 I/keystore2(  644): system/security/keystore2/src/security_level.rs:299 - with_try_import end
03-02 19:47:05.962 I/keystore2(  644): system/security/keystore2/src/security_level.rs:333 - authorize_create start
03-02 19:47:05.962 I/keystore2(  644): system/security/keystore2/src/security_level.rs:299 - with_try_import end
03-02 19:47:05.962 I/keystore2(  644): system/security/keystore2/src/security_level.rs:344 - authorize_create end
03-02 19:47:05.962 I/keystore2(  644): system/security/keystore2/src/security_level.rs:345 - unwrap_key_if_required start
03-02 19:47:05.962 I/keystore2(  644): system/security/keystore2/src/security_level.rs:353 - unwrap_key_if_required end
03-02 19:47:05.962 I/keystore2(  644): system/security/keystore2/src/security_level.rs:354 - upgrade_keyblob_if_required_with start
03-02 19:47:05.962 I/keystore2(  644): system/security/keystore2/src/security_level.rs:333 - authorize_create start
03-02 19:47:05.962 I/keystore2(  644): system/security/keystore2/src/security_level.rs:344 - authorize_create end
03-02 19:47:05.962 I/keystore2(  644): system/security/keystore2/src/security_level.rs:345 - unwrap_key_if_required start
03-02 19:47:05.962 I/keystore2(  644): system/security/keystore2/src/security_level.rs:353 - unwrap_key_if_required end
03-02 19:47:05.962 I/keystore2(  644): system/security/keystore2/src/security_level.rs:354 - upgrade_keyblob_if_required_with start
03-02 19:47:05.963 I/FA      (21730): App measurement initialized, version: 153006
03-02 19:47:05.963 I/FA      (21730): To enable debug logging run: adb shell setprop log.tag.FA VERBOSE
03-02 19:47:05.963 I/FA      (21730): To enable faster debug mode event logging run:
03-02 19:47:05.963 I/FA      (21730):   adb shell setprop debug.firebase.analytics.app com.smartlife.nebula
03-02 19:47:05.964 I/pcconnect-PCIotCardManager(21754): <initListener>
03-02 19:47:05.965 I/pcconnect-PCIotCardManager(21754): unRegisterDevice: is iot card not shown
03-02 19:47:05.965 I/pcconnect-PCIotCardManager(21754): <initListener> launch
03-02 19:47:05.967 I/keystore2(  644): system/security/keystore2/src/security_level.rs:395 - upgrade_keyblob_if_required_with end
03-02 19:47:05.967 I/BluetoothProfileHelper(21730): init mBluetoothA2dp success Thread:main|2 
03-02 19:47:05.967 I/keystore2(  644): system/security/keystore2/src/enforcements.rs:249 - finalize_create_authorization self.state=NoAuthRequired
03-02 19:47:05.967 I/keystore2(  644): system/security/keystore2/src/security_level.rs:401 - operation_db.create_operation start
03-02 19:47:05.967 I/keystore2(  644): system/security/keystore2/src/security_level.rs:419 - operation_db.create_operation end
03-02 19:47:05.967 I/pcconnect-GlobalSettingManager(21754): initSetting:airTransfer:true, mirror:true
03-02 19:47:05.967 I/keystore2(  644): system/security/keystore2/src/security_level.rs:395 - upgrade_keyblob_if_required_with end
03-02 19:47:05.968 I/keystore2(  644): system/security/keystore2/src/enforcements.rs:249 - finalize_create_authorization self.state=NoAuthRequired
03-02 19:47:05.968 I/keystore2(  644): system/security/keystore2/src/security_level.rs:401 - operation_db.create_operation start
03-02 19:47:05.968 I/keystore2(  644): system/security/keystore2/src/security_level.rs:419 - operation_db.create_operation end
03-02 19:47:05.968 I/BluetoothProfileHelper(21730): mHfp2ServiceListener onServiceConnected profile:1 Thread:main|2 
03-02 19:47:05.968 I/BluetoothProfileHelper(21730): init mBluetoothHeadset success Thread:main|2 
03-02 19:47:05.968 E/TlcKM   (  645): lookup_operation: op 0x3b32ffaaa5e87559 not found
03-02 19:47:05.968 E/TlcKM   (  645): lookup_operation(session, operation_handle, &op) == -28
03-02 19:47:05.969 I/keystore2(  644): system/security/keystore2/src/security_level.rs:235 - create_operation start
03-02 19:47:05.969 I/keystore2(  644): system/security/keystore2/src/security_level.rs:237 - caller_pid=21730
03-02 19:47:05.969 I/keystore2(  644): system/security/keystore2/src/security_level.rs:238 - caller_uid=10267
03-02 19:47:05.969 I/keystore2(  644): system/security/keystore2/src/security_level.rs:239 - forced=false
03-02 19:47:05.969 I/keystore2(  644): system/security/keystore2/src/security_level.rs:240 - key.domain=r#KEY_ID
03-02 19:47:05.969 I/keystore2(  644): system/security/keystore2/src/security_level.rs:241 - key.alias=None
03-02 19:47:05.969 I/keystore2(  644): system/security/keystore2/src/security_level.rs:277 - with_try_import start
03-02 19:47:05.970 I/keystore2(  644): system/security/keystore2/src/security_level.rs:299 - with_try_import end
03-02 19:47:05.970 I/keystore2(  644): system/security/keystore2/src/security_level.rs:333 - authorize_create start
03-02 19:47:05.970 I/keystore2(  644): system/security/keystore2/src/security_level.rs:344 - authorize_create end
03-02 19:47:05.970 I/keystore2(  644): system/security/keystore2/src/security_level.rs:345 - unwrap_key_if_required start
03-02 19:47:05.970 I/keystore2(  644): system/security/keystore2/src/security_level.rs:353 - unwrap_key_if_required end
03-02 19:47:05.970 I/keystore2(  644): system/security/keystore2/src/security_level.rs:354 - upgrade_keyblob_if_required_with start
03-02 19:47:05.991 E/TlcKM   (  645): lookup_operation: op 0xfdf70832b0818a3d not found
03-02 19:47:05.991 E/TlcKM   (  645): lookup_operation(session, operation_handle, &op) == -28
03-02 19:47:05.991 I/keystore2(  644): system/security/keystore2/src/security_level.rs:395 - upgrade_keyblob_if_required_with end
03-02 19:47:05.991 E/TlcKM   (  645): lookup_operation: op 0x5b0b278f39200dd4 not found
03-02 19:47:05.991 I/keystore2(  644): system/security/keystore2/src/enforcements.rs:249 - finalize_create_authorization self.state=NoAuthRequired
03-02 19:47:05.991 I/keystore2(  644): system/security/keystore2/src/security_level.rs:401 - operation_db.create_operation start
03-02 19:47:05.991 I/keystore2(  644): system/security/keystore2/src/security_level.rs:419 - operation_db.create_operation end
03-02 19:47:05.991 E/TlcKM   (  645): lookup_operation(session, operation_handle, &op) == -28
03-02 19:47:05.991 E/TlcKM   (  645): lookup_operation: op 0x764aecf66ac3c464 not found
03-02 19:47:05.991 E/TlcKM   (  645): lookup_operation(session, operation_handle, &op) == -28
03-02 19:47:05.996 I/Athena  (21754): Athena Worker, H(w.java:121)
03-02 19:47:05.997 I/Athena  (21754): Current device support DCS
03-02 19:47:06.006 E/TlcKM   (  645): lookup_operation: op 0x7c6756c43653d7cd not found
03-02 19:47:06.006 E/TlcKM   (  645): lookup_operation(session, operation_handle, &op) == -28
03-02 19:47:06.008 I/keystore2(  644): system/security/keystore2/src/security_level.rs:235 - create_operation start
03-02 19:47:06.008 I/keystore2(  644): system/security/keystore2/src/security_level.rs:237 - caller_pid=21754
03-02 19:47:06.008 I/keystore2(  644): system/security/keystore2/src/security_level.rs:238 - caller_uid=10212
03-02 19:47:06.008 I/keystore2(  644): system/security/keystore2/src/security_level.rs:239 - forced=false
03-02 19:47:06.008 I/keystore2(  644): system/security/keystore2/src/security_level.rs:240 - key.domain=r#KEY_ID
03-02 19:47:06.008 I/keystore2(  644): system/security/keystore2/src/security_level.rs:241 - key.alias=None
03-02 19:47:06.008 I/keystore2(  644): system/security/keystore2/src/security_level.rs:277 - with_try_import start
03-02 19:47:06.008 I/keystore2(  644): system/security/keystore2/src/security_level.rs:299 - with_try_import end
03-02 19:47:06.008 I/keystore2(  644): system/security/keystore2/src/security_level.rs:333 - authorize_create start
03-02 19:47:06.008 I/keystore2(  644): system/security/keystore2/src/security_level.rs:344 - authorize_create end
03-02 19:47:06.008 I/keystore2(  644): system/security/keystore2/src/security_level.rs:345 - unwrap_key_if_required start
03-02 19:47:06.008 I/keystore2(  644): system/security/keystore2/src/security_level.rs:353 - unwrap_key_if_required end
03-02 19:47:06.008 I/keystore2(  644): system/security/keystore2/src/security_level.rs:354 - upgrade_keyblob_if_required_with start
03-02 19:47:06.010 I/keystore2(  644): system/security/keystore2/src/security_level.rs:395 - upgrade_keyblob_if_required_with end
03-02 19:47:06.010 I/keystore2(  644): system/security/keystore2/src/enforcements.rs:249 - finalize_create_authorization self.state=NoAuthRequired
03-02 19:47:06.010 I/keystore2(  644): system/security/keystore2/src/security_level.rs:401 - operation_db.create_operation start
03-02 19:47:06.010 I/keystore2(  644): system/security/keystore2/src/security_level.rs:419 - operation_db.create_operation end
03-02 19:47:06.019 I/AdvertisingIdClient( 3249): shouldSendLog 32271279
03-02 19:47:06.020 E/TlcKM   (  645): lookup_operation: op 0x9a85f8248b0a89a3 not found
03-02 19:47:06.020 E/TlcKM   (  645): lookup_operation(session, operation_handle, &op) == -28
03-02 19:47:06.020 I/AdvertisingIdClient( 3249): GetInfoInternal elapse 9ms
03-02 19:47:06.030 I/keystore2(  644): system/security/keystore2/src/security_level.rs:235 - create_operation start
03-02 19:47:06.030 I/keystore2(  644): system/security/keystore2/src/security_level.rs:237 - caller_pid=21730
03-02 19:47:06.030 I/keystore2(  644): system/security/keystore2/src/security_level.rs:238 - caller_uid=10267
03-02 19:47:06.030 I/keystore2(  644): system/security/keystore2/src/security_level.rs:239 - forced=false
03-02 19:47:06.030 I/keystore2(  644): system/security/keystore2/src/security_level.rs:240 - key.domain=r#KEY_ID
03-02 19:47:06.030 I/keystore2(  644): system/security/keystore2/src/security_level.rs:241 - key.alias=None
03-02 19:47:06.030 I/keystore2(  644): system/security/keystore2/src/security_level.rs:277 - with_try_import start
03-02 19:47:06.031 I/keystore2(  644): system/security/keystore2/src/security_level.rs:299 - with_try_import end
03-02 19:47:06.031 I/keystore2(  644): system/security/keystore2/src/security_level.rs:333 - authorize_create start
03-02 19:47:06.031 I/keystore2(  644): system/security/keystore2/src/security_level.rs:344 - authorize_create end
03-02 19:47:06.031 I/keystore2(  644): system/security/keystore2/src/security_level.rs:345 - unwrap_key_if_required start
03-02 19:47:06.031 I/keystore2(  644): system/security/keystore2/src/security_level.rs:353 - unwrap_key_if_required end
03-02 19:47:06.031 I/keystore2(  644): system/security/keystore2/src/security_level.rs:354 - upgrade_keyblob_if_required_with start
03-02 19:47:06.034 I/keystore2(  644): system/security/keystore2/src/security_level.rs:395 - upgrade_keyblob_if_required_with end
03-02 19:47:06.034 I/keystore2(  644): system/security/keystore2/src/enforcements.rs:249 - finalize_create_authorization self.state=NoAuthRequired
03-02 19:47:06.034 I/keystore2(  644): system/security/keystore2/src/security_level.rs:401 - operation_db.create_operation start
03-02 19:47:06.034 I/keystore2(  644): system/security/keystore2/src/security_level.rs:419 - operation_db.create_operation end
03-02 19:47:06.036 I/resolv  (  911): GetAddrInfoHandler::run: {100 100 100 983140 10267 0}
03-02 19:47:06.037 I/resolv  (  911): GetAddrInfoHandler::run: network access blocked
03-02 19:47:06.045 E/TlcKM   (  645): lookup_operation: op 0x8b81495027f0b901 not found
03-02 19:47:06.045 E/TlcKM   (  645): lookup_operation(session, operation_handle, &op) == -28
03-02 19:47:06.057 W/GservicesPersistence( 2198): Package com.transsion.pcconnect is not approved to access the device ID
03-02 19:47:06.073 W/GservicesPersistence( 2198): Package com.smartlife.nebula is not approved to access the device ID
03-02 19:47:06.128 I/mtkpower_client( 1063): perf_lock_rel, hdl:57041, tid:1063
03-02 19:47:06.130 I/libPowerHal(  941): [PD] fpsgo update cmd:1408300 param:0
03-02 19:47:06.141 I/BufferQueueProducer(  994): [SurfaceView[com.anonmousfriend.app/com.callto.app.MainActivity](BLAST)#23566](this:0xb400007144b049a8,id:-1,api:0,p:-1,c:994) queueBuffer: fps=2.01 dur=1490.66 max=500.07 min=492.16
03-02 19:47:06.147 I/hwcomposer(  928): [HWCDisplay] [Display_0 (type:1)] fps:2.682070,dur:1491.39,max:502.93,min:109.37  
03-02 19:47:06.162 I/mtkpower_client( 1063): perf_lock_acq, hdl:0, dur:30000, num:2, tid:1063
03-02 19:47:06.164 I/mtkpower_client( 1063): ret_hdl:57042
03-02 19:47:06.276 E/EventHub( 1562): Failed to read sysfs battery info: No such file or directory
03-02 19:47:06.282 I/resolv  (  911): GetAddrInfoHandler::run: {100 262244 100 983140 10212 0}
03-02 19:47:06.297 I/TranActivityManager(21693): TranThubActivityManager
03-02 19:47:06.298 I/TranPackageManager(21693): TranThubPackageManager
03-02 19:47:06.312 I/resolv  (  911): GetAddrInfoHandler::run: {100 100 100 983140 10203 0}
03-02 19:47:06.321 E/wg.r2   (21754): Exception while executing runnable wg.u2$c$c@2296138
03-02 19:47:06.321 E/wg.r2   (21754): java.lang.RuntimeException: Field packageNameRequest_ for ic.f not found. Known fields are [public java.lang.String ic.f.a, public static final int ic.f.b, public static final ic.f ic.f.c, public static volatile com.google.protobuf.Parser ic.f.d]
03-02 19:47:06.321 E/wg.r2   (21754): 	at com.google.protobuf.MessageSchema.reflectField(Unknown Source:62)
03-02 19:47:06.321 E/wg.r2   (21754): 	at com.google.protobuf.MessageSchema.newSchemaForRawMessageInfo(Unknown Source:647)
03-02 19:47:06.321 E/wg.r2   (21754): 	at com.google.protobuf.MessageSchema.newSchema(Unknown Source:12)
03-02 19:47:06.321 E/wg.r2   (21754): 	at com.google.protobuf.ManifestSchemaFactory.newSchema(Unknown Source:60)
03-02 19:47:06.321 E/wg.r2   (21754): 	at com.google.protobuf.ManifestSchemaFactory.createSchema(Unknown Source:57)
03-02 19:47:06.321 E/wg.r2   (21754): 	at com.google.protobuf.Protobuf.schemaFor(SourceFile:3)
03-02 19:47:06.321 E/wg.r2   (21754): 	at com.google.protobuf.Protobuf.schemaFor(SourceFile:5)
03-02 19:47:06.321 E/wg.r2   (21754): 	at com.google.protobuf.GeneratedMessageLite.parsePartialFrom(SourceFile:2)
03-02 19:47:06.321 E/wg.r2   (21754): 	at com.google.protobuf.GeneratedMessageLite$DefaultInstanceBasedParser.parsePartialFrom(SourceFile:4)
03-02 19:47:06.321 E/wg.r2   (21754): 	at com.google.protobuf.GeneratedMessageLite$DefaultInstanceBasedParser.parsePartialFrom(SourceFile:2)
03-02 19:47:06.321 E/wg.r2   (21754): 	at com.google.protobuf.AbstractParser.parseFrom(SourceFile:13)
03-02 19:47:06.321 E/wg.r2   (21754): 	at com.google.protobuf.AbstractParser.parseFrom(SourceFile:4)
03-02 19:47:06.321 E/wg.r2   (21754): 	at dh.b$a.g(Unknown Source:4)
03-02 19:47:06.321 E/wg.r2   (21754): 	at dh.b$a.f(Unknown Source:151)
03-02 19:47:06.321 E/wg.r2   (21754): 	at dh.b$a.c(Unknown Source:0)
03-02 19:47:06.321 E/wg.r2   (21754): 	at wg.s2$a.i(Unknown Source:26)
03-02 19:47:06.321 E/wg.r2   (21754): 	at wg.s2$a.a(Unknown Source:15)
03-02 19:47:06.321 E/wg.r2   (21754): 	at wg.u2$c$c.a(Unknown Source:26)
03-02 19:47:06.321 E/wg.r2   (21754): 	at wg.a0.run(Unknown Source:6)
03-02 19:47:06.321 E/wg.r2   (21754): 	at wg.r2.run(Unknown Source:17)
03-02 19:47:06.321 E/wg.r2   (21754): 	at java.util.concurrent.ThreadPoolExecutor.runWorker(ThreadPoolExecutor.java:1154)
03-02 19:47:06.321 E/wg.r2   (21754): 	at java.util.concurrent.ThreadPoolExecutor$Worker.run(ThreadPoolExecutor.java:652)
03-02 19:47:06.321 E/wg.r2   (21754): 	at java.lang.Thread.run(Thread.java:1564)
03-02 19:47:06.322 I/TranActivityManager(21693): TranThubActivityManager
03-02 19:47:06.323 I/TranPackageManager(21693): TranThubPackageManager
03-02 19:47:06.427 W/MessageQueue(21730): Handler (android.os.Handler) {bce6174} sending message to a Handler on a dead thread
03-02 19:47:06.427 W/MessageQueue(21730): java.lang.IllegalStateException: Handler (android.os.Handler) {bce6174} sending message to a Handler on a dead thread
03-02 19:47:06.427 W/MessageQueue(21730): 	at android.os.MessageQueue.enqueueMessage(MessageQueue.java:614)
03-02 19:47:06.427 W/MessageQueue(21730): 	at android.os.Handler.enqueueMessage(Handler.java:787)
03-02 19:47:06.427 W/MessageQueue(21730): 	at android.os.Handler.sendMessageAtTime(Handler.java:736)
03-02 19:47:06.427 W/MessageQueue(21730): 	at android.os.Handler.sendMessageDelayed(Handler.java:706)
03-02 19:47:06.427 W/MessageQueue(21730): 	at android.os.Handler.post(Handler.java:436)
03-02 19:47:06.427 W/MessageQueue(21730): 	at android.app.LoadedApk$ReceiverDispatcher.performReceive(LoadedApk.java:1944)
03-02 19:47:06.427 W/MessageQueue(21730): 	at android.app.LoadedApk$ReceiverDispatcher$InnerReceiver.performReceive(LoadedApk.java:1758)
03-02 19:47:06.427 W/MessageQueue(21730): 	at android.app.ActivityThread$ApplicationThread.scheduleRegisteredReceiver(ActivityThread.java:1561)
03-02 19:47:06.427 W/MessageQueue(21730): 	at android.app.IApplicationThread$Stub.onTransact(IApplicationThread.java:776)
03-02 19:47:06.427 W/MessageQueue(21730): 	at android.app.ActivityThread$ApplicationThread.onTransact(ActivityThread.java:2261)
03-02 19:47:06.427 W/MessageQueue(21730): 	at android.os.Binder.execTransactInternal(Binder.java:1534)
03-02 19:47:06.427 W/MessageQueue(21730): 	at android.os.Binder.execTransact(Binder.java:1460)
03-02 19:47:06.442 E/ApplicationHelper( 1562): Fail to get PackageManager
03-02 19:47:06.465 I/libPerfCtl(  941): xgfGetFPS pid:2206 fps:-1
03-02 19:47:06.465 I/AppThermalMode(  941): [perfNotifyThermalState] hdl:0
03-02 19:47:06.465 I/AppThermalMode(  941): [findAppThermalIdx] Fail: appThermalModeEnable: 0,currentFPS: -1,fg->pid:16962
03-02 19:47:06.465 I/AppThermalMode(  941): [perfNotifyThermalState] appThermalIdx -1:
03-02 19:47:06.466 I/libPerfCtl(  941): xgfGetFPS pid:5615 fps:-1
03-02 19:47:06.466 I/AppThermalMode(  941): [perfNotifyThermalState] hdl:0
03-02 19:47:06.466 I/AppThermalMode(  941): [findAppThermalIdx] Fail: appThermalModeEnable: 0,currentFPS: -1,fg->pid:16962
03-02 19:47:06.466 I/AppThermalMode(  941): [perfNotifyThermalState] appThermalIdx -1:
03-02 19:47:06.466 I/libPerfCtl(  941): xgfGetFPS pid:16962 fps:-1
03-02 19:47:06.466 I/AppThermalMode(  941): [perfNotifyThermalState] hdl:0
03-02 19:47:06.466 I/AppThermalMode(  941): [findAppThermalIdx] Fail: appThermalModeEnable: 0,currentFPS: -1,fg->pid:16962
03-02 19:47:06.466 I/AppThermalMode(  941): [perfNotifyThermalState] appThermalIdx -1:
03-02 19:47:06.505 W/TouchableRegionManager( 2206): onHeadsUpPinnedModeChanged
03-02 19:47:06.507 I/SysUI(260105)_OverviewSysUiProxyService( 2206):  isEnabled mIsEnabled false mIsFoldExpanded true
03-02 19:47:06.507 I/TranNotificationExpandButton( 2206): Call setExpandedVisibility
03-02 19:47:06.523 I/BufferQueueProducer(  994): [StatusBar#102](this:0xb400007144a5f708,id:-1,api:0,p:-1,c:994) queueBuffer: fps=0.57 dur=1762.76 max=1762.76 min=1762.76
03-02 19:47:06.523 I/BufferQueueProducer(  994): [NotificationShade#23584](this:0xb400007144a76388,id:-1,api:0,p:-1,c:994) queueBuffer: fps=0.57 dur=1762.53 max=1762.53 min=1762.53
03-02 19:47:06.525 I/Process ( 1562): String at 0: 0x7404dbca01 = ProcessCapacityNormal
03-02 19:47:06.525 I/mtkpower_client( 1562): perf_cus_lock_hint hint:112, dur:100, pid:1562
03-02 19:47:06.525 I/mtkpower_client( 1562): perf_cus_lock_hint, ret_hdl:0
03-02 19:47:06.526 I/PowerHalMgrImpl( 1562): hdl:0, pid:1562 
03-02 19:47:06.526 I/mtkpower_client( 1562): perf_lock_acq, hdl:57032, dur:0, num:2, pid:1562, tid:1718
03-02 19:47:06.527 I/mtkpower_client( 1562): ret_hdl:57043
03-02 19:47:06.527 I/PowerHalMgrImpl( 1562): hdl:57043, pid:1562 
03-02 19:47:06.527 I/mtkpower_client( 1562): perf_lock_rel, hdl:57043, tid:1718
03-02 19:47:06.527 I/libPowerHal(  941): [fpsgo_ctrl_render_thread] 2342, 0xb400007079743388
03-02 19:47:06.529 I/libPowerHal(  941): [fpsgo_ctrl_render_thread] 2342, 0xb400007079743388
03-02 19:47:06.530 I/libPowerHal(  941): [PD] system_server update ONESHOT cmd:2000300 param:2342
03-02 19:47:06.534 I/mtkpower_client( 1063): perf_lock_rel, hdl:57042, tid:1063
03-02 19:47:06.534 I/libPowerHal(  941): [PD] fpsgo update cmd:1408300 param:0
03-02 19:47:06.958 I/Process ( 1562): String at 0: 0x7404dbca01 = SFMainPolicy
03-02 19:47:06.958 I/mtkpower_client( 1562): perf_lock_acq, hdl:57043, dur:0, num:2, pid:1562, tid:1718
03-02 19:47:06.960 I/mtkpower_client( 1562): ret_hdl:57044
03-02 19:47:06.960 I/PowerHalMgrImpl( 1562): hdl:57044, pid:1562 
03-02 19:47:06.960 I/libPowerHal(  941): [fpsgo_ctrl_render_thread] -2342, 0xb400007079742400
03-02 19:47:06.960 I/mtkpower_client( 1562): perf_lock_rel, hdl:57044, tid:1718
03-02 19:47:06.962 I/libPowerHal(  941): [fpsgo_ctrl_render_thread] -2342, 0xb400007079742400
03-02 19:47:06.962 I/libPowerHal(  941): [PD] system_server update ONESHOT cmd:2000300 param:-2342
03-02 19:47:06.964 I/CollapsedStatusBarViewModel( 2206): setShouldHideStatusBarIconsWhenExpanded: false
03-02 19:47:06.964 I/ControlCenterController( 2206): updateStatusBarIcons: showIconsWhenExpanded=true
03-02 19:47:06.965 I/CollapsedStatusBarViewModel( 2206): setShouldHideStatusBarIconsWhenExpanded: false
03-02 19:47:06.967 W/WindowOnBackDispatcher( 2206): sendCancelIfRunning: isInProgress=false callback=androidx.appcompat.widget.Toolbar$Api33Impl$$ExternalSyntheticLambda0@8a37547
03-02 19:47:06.974 I/SysUI(260105)_TrNotificationShadeWindowView( 2206): onWindowVisibilityChanged  visibility 4
03-02 19:47:06.979 I/BufferQueueDebug(  994): [Surface(name=c8c267b StatusBar)/@0xa143cd5 - animation-leash of insets_animation#23585](this:0xb400007144b98ae8,id:-1,api:0,p:-1,c:-1) BufferQueue core=(994:/system/bin/surfaceflinger)
03-02 19:47:06.979 E/ApplicationHelper( 1562): Fail to get PackageManager
03-02 19:47:06.990 I/netd    (  911): tetherGetStats() -> {[TetherStatsParcel{iface: ccmni2, rxBytes: 110690, rxPackets: 710, txBytes: 128857, txPackets: 1996, ifIndex: 0}, TetherStatsParcel{iface: v4-ccmni2, rxBytes: 193401277, rxPackets: 332787, txBytes: 327551161, txPackets: 359404, ifIndex: 0}]} <4.60ms>
03-02 19:47:07.001 I/WindowManager( 1562):   isAnimating=false  okToAnimate=true  win=Window{ba55e67 u0 NotificationShade}
03-02 19:47:07.007 I/SurfaceFlinger(  994): onHandleDestroyed: name=Surface(name=c8c267b StatusBar)/@0xa143cd5 - animation-leash of insets_animation#23583, layerId=23583, parentId=0
03-02 19:47:07.025 W/ActivityManager( 1562): Unable to start service Intent { act=com.transsion.aiot.mulcollaboration.MulCooperateService pkg=com.transsion.iotservice } U=0: not found
03-02 19:47:07.025 I/BufferQueueDebug(  994): [Surface(name=c8c267b StatusBar)/@0xa143cd5 - animation-leash of insets_animation#23583](this:0xb400007144b23ed8,id:-1,api:0,p:-1,c:994) onDestructor()
03-02 19:47:07.026 I/SurfaceFlinger(  994): onHandleDestroyed: name=NotificationShade#23584, layerId=23584, parentId=0
03-02 19:47:07.041 I/BufferQueueDebug(  994): [NotificationShade#23584](this:0xb400007144a76388,id:-1,api:0,p:-1,c:994) onDestructor()
03-02 19:47:07.053 E/DeviceProviderService(21730): initAppDevices onError UNAVAILABLE: Channel shutdownNow invoked
03-02 19:47:07.055 I/resolv  (  911): GetAddrInfoHandler::run: {100 100 100 983140 10267 0}
03-02 19:47:07.055 I/resolv  (  911): GetAddrInfoHandler::run: network access blocked
03-02 19:47:07.056 I/resolv  (  911): GetAddrInfoHandler::run: {100 100 100 983140 10267 0}
03-02 19:47:07.056 I/resolv  (  911): GetAddrInfoHandler::run: network access blocked
03-02 19:47:07.154 I/TranTele/TranPhoneInterfaceManager( 2426): TTC - onSignalStrengthsChanged
03-02 19:47:07.159 I/TranPhoneSwitcher( 2426): mDefaultsign:4subid :2
03-02 19:47:07.164 I/mtkpower_client( 1063): perf_lock_acq, hdl:0, dur:30000, num:2, tid:1063
03-02 19:47:07.165 I/mtkpower_client( 1063): ret_hdl:57045
03-02 19:47:07.466 I/libPerfCtl(  941): xgfGetFPS pid:2206 fps:61
03-02 19:47:07.466 I/AppThermalMode(  941): [perfNotifyThermalState] hdl:0
03-02 19:47:07.466 I/AppThermalMode(  941): [findAppThermalIdx] Fail: appThermalModeEnable: 0,currentFPS: -1,fg->pid:16962
03-02 19:47:07.466 I/AppThermalMode(  941): [perfNotifyThermalState] appThermalIdx -1:
03-02 19:47:07.466 I/libPerfCtl(  941): xgfGetFPS pid:5615 fps:-1
03-02 19:47:07.466 I/AppThermalMode(  941): [perfNotifyThermalState] hdl:0
03-02 19:47:07.466 I/AppThermalMode(  941): [findAppThermalIdx] Fail: appThermalModeEnable: 0,currentFPS: -1,fg->pid:16962
03-02 19:47:07.466 I/AppThermalMode(  941): [perfNotifyThermalState] appThermalIdx -1:
03-02 19:47:07.466 I/libPerfCtl(  941): xgfGetFPS pid:16962 fps:-1
03-02 19:47:07.466 I/AppThermalMode(  941): [perfNotifyThermalState] hdl:0
03-02 19:47:07.466 I/AppThermalMode(  941): [findAppThermalIdx] Fail: appThermalModeEnable: 0,currentFPS: -1,fg->pid:16962
03-02 19:47:07.466 I/AppThermalMode(  941): [perfNotifyThermalState] appThermalIdx -1:
03-02 19:47:07.626 I/mtkpower_client( 1063): perf_lock_rel, hdl:57045, tid:1063
03-02 19:47:07.628 I/libPowerHal(  941): [PD] fpsgo update cmd:1408300 param:0
03-02 19:47:07.639 I/BufferQueueProducer(  994): [SurfaceView[com.anonmousfriend.app/com.callto.app.MainActivity](BLAST)#23566](this:0xb400007144b049a8,id:-1,api:0,p:-1,c:994) queueBuffer: fps=2.00 dur=1497.62 max=499.33 min=498.97
03-02 19:47:07.643 I/hwcomposer(  928): [HWCDisplay] [Display_0 (type:1)] fps:22.061155,dur:1495.84,max:499.57,min:14.78  
03-02 19:47:07.659 I/mtkpower_client( 1063): perf_lock_acq, hdl:0, dur:30000, num:2, tid:1063
03-02 19:47:07.660 I/mtkpower_client( 1063): ret_hdl:57046
03-02 19:47:08.125 I/mtkpower_client( 1063): perf_lock_rel, hdl:57046, tid:1063
03-02 19:47:08.127 I/libPowerHal(  941): [PD] fpsgo update cmd:1408300 param:0
03-02 19:47:08.158 I/mtkpower_client( 1063): perf_lock_acq, hdl:0, dur:30000, num:2, tid:1063
03-02 19:47:08.159 I/mtkpower_client( 1063): ret_hdl:57047
03-02 19:47:08.468 I/libPerfCtl(  941): xgfGetFPS pid:2206 fps:-1
03-02 19:47:08.468 I/AppThermalMode(  941): [perfNotifyThermalState] hdl:0
03-02 19:47:08.468 I/AppThermalMode(  941): [findAppThermalIdx] Fail: appThermalModeEnable: 0,currentFPS: -1,fg->pid:16962
03-02 19:47:08.468 I/AppThermalMode(  941): [perfNotifyThermalState] appThermalIdx -1:
03-02 19:47:08.468 I/libPerfCtl(  941): xgfGetFPS pid:5615 fps:-1
03-02 19:47:08.468 I/AppThermalMode(  941): [perfNotifyThermalState] hdl:0
03-02 19:47:08.468 I/AppThermalMode(  941): [findAppThermalIdx] Fail: appThermalModeEnable: 0,currentFPS: -1,fg->pid:16962
03-02 19:47:08.468 I/AppThermalMode(  941): [perfNotifyThermalState] appThermalIdx -1:
03-02 19:47:08.468 I/libPerfCtl(  941): xgfGetFPS pid:16962 fps:-1
03-02 19:47:08.468 I/AppThermalMode(  941): [perfNotifyThermalState] hdl:0
03-02 19:47:08.468 I/AppThermalMode(  941): [findAppThermalIdx] Fail: appThermalModeEnable: 0,currentFPS: -1,fg->pid:16962
03-02 19:47:08.468 I/AppThermalMode(  941): [perfNotifyThermalState] appThermalIdx -1:
03-02 19:47:08.624 I/mtkpower_client( 1063): perf_lock_rel, hdl:57047, tid:1063
03-02 19:47:08.626 I/libPowerHal(  941): [PD] fpsgo update cmd:1408300 param:0
03-02 19:47:08.657 I/mtkpower_client( 1063): perf_lock_acq, hdl:0, dur:30000, num:2, tid:1063
03-02 19:47:08.659 I/mtkpower_client( 1063): ret_hdl:57048
03-02 19:47:08.919 E/Athena  (21754): ------------------------------------------------------------
03-02 19:47:08.922 E/Athena  (21754): 
03-02 19:47:08.922 E/Athena  (21754):   - Athena is in Release mode with log enabled. Please set AthenaAnalytics.setDebug(false) to release this APK ∩╝êDebugµ¿íσ╝Å∩╝ë[com.transsion.pcconnect]
03-02 19:47:08.922 E/Athena  (21754): 
03-02 19:47:08.922 E/Athena  (21754): ------------------------------------------------------------
03-02 19:47:09.124 I/mtkpower_client( 1063): perf_lock_rel, hdl:57048, tid:1063
03-02 19:47:09.125 I/libPowerHal(  941): [PD] fpsgo update cmd:1408300 param:0
03-02 19:47:09.138 I/BufferQueueProducer(  994): [SurfaceView[com.anonmousfriend.app/com.callto.app.MainActivity](BLAST)#23566](this:0xb400007144b049a8,id:-1,api:0,p:-1,c:994) queueBuffer: fps=2.00 dur=1498.95 max=500.62 min=499.11
03-02 19:47:09.142 I/hwcomposer(  928): [HWCDisplay] [Display_0 (type:1)] fps:2.001330,dur:1499.00,max:500.99,min:498.95  
03-02 19:47:09.157 I/mtkpower_client( 1063): perf_lock_acq, hdl:0, dur:30000, num:2, tid:1063
03-02 19:47:09.158 I/mtkpower_client( 1063): ret_hdl:57049
03-02 19:47:09.428 I/TranHBMComponentImpl( 1562): updateBatteryLevel:81
03-02 19:47:09.438 I/ChargeAnima( 2206): TrSysChargeUtils-updateNativeCharge pumpstat Not fast charge}
03-02 19:47:09.442 I/TranTele/TranPhoneInterfaceManager( 2426): [onReceive] action: android.intent.action.BATTERY_CHANGED
03-02 19:47:09.445 W/BatteryLabPowerSaveUtils( 4774): isPowerSaveOpen: false
03-02 19:47:09.454 I/TranClouldConfigObserver( 5230): onReceive called: Intent.action = android.intent.action.BATTERY_CHANGED
03-02 19:47:09.468 I/libPerfCtl(  941): xgfGetFPS pid:2206 fps:-1
03-02 19:47:09.468 I/AppThermalMode(  941): [perfNotifyThermalState] hdl:0
03-02 19:47:09.468 I/AppThermalMode(  941): [findAppThermalIdx] Fail: appThermalModeEnable: 0,currentFPS: -1,fg->pid:16962
03-02 19:47:09.468 I/AppThermalMode(  941): [perfNotifyThermalState] appThermalIdx -1:
03-02 19:47:09.468 I/libPerfCtl(  941): xgfGetFPS pid:5615 fps:-1
03-02 19:47:09.468 I/AppThermalMode(  941): [perfNotifyThermalState] hdl:0
03-02 19:47:09.468 I/AppThermalMode(  941): [findAppThermalIdx] Fail: appThermalModeEnable: 0,currentFPS: -1,fg->pid:16962
03-02 19:47:09.468 I/AppThermalMode(  941): [perfNotifyThermalState] appThermalIdx -1:
03-02 19:47:09.468 I/libPerfCtl(  941): xgfGetFPS pid:16962 fps:-1
03-02 19:47:09.468 I/AppThermalMode(  941): [perfNotifyThermalState] hdl:0
03-02 19:47:09.468 I/AppThermalMode(  941): [findAppThermalIdx] Fail: appThermalModeEnable: 0,currentFPS: -1,fg->pid:16962
03-02 19:47:09.468 I/AppThermalMode(  941): [perfNotifyThermalState] appThermalIdx -1:
03-02 19:47:09.485 I/BufferQueueProducer(  994): [StatusBar#102](this:0xb400007144a5f708,id:-1,api:0,p:-1,c:994) queueBuffer: fps=4.73 dur=2962.30 max=2745.25 min=16.41
03-02 19:47:09.570 I/Hiber/importantScene( 1562): isTrafficActive uid:10281 speed :0
03-02 19:47:09.571 I/Hiber/appStateMachine( 1562): uid:10281 enter FrozenState
03-02 19:47:09.575 I/Hiber/hiber( 1562): unfreeze syncBinder (type=1,callerPid=1562,callerUid=1000,targetPid=27882,targetUid=10281), rpcName: SYNC_BINDER, code: -1
03-02 19:47:09.576 I/Hiber/stateManager( 1562): freeze uid: 10281 com.whatsapp.w4b costTime=5ms ,last unfreeze 5s ago
03-02 19:47:09.576 I/Hiber/restrictionPolicy( 1562): uid:10281  pkgName:com.whatsapp.w4b isAllowedNet
03-02 19:47:09.577 I/Hiber/nativeServiceClient( 1562): watch app network uid=10281, persistent=0
03-02 19:47:09.577 I/Hiber/hiber( 1562): msg for start proxy frozen state
03-02 19:47:09.577 I/Hiber/proxyManager( 1562): p_service: 10281
03-02 19:47:09.577 I/Hiber/proxyManager( 1562): p_job: 10281 pkgName=com.whatsapp.w4b which=2
03-02 19:47:09.578 E/ApplicationHelper( 1562): Fail to get PackageManager
03-02 19:47:09.580 I/Hiber/hiber( 1562): proxy alarm (uid=10281, pkgName=com.whatsapp.w4b)
03-02 19:47:09.580 I/Hiber/proxyManager( 1562): p_alarm: uid=10281, pkgName=com.whatsapp.w4b
03-02 19:47:09.581 I/Hiber/stateManager( 1562): unfreeze uid: 10281 com.whatsapp.w4b pids:[27882]  reason:syncBinder   cpninfo:TRANSACTION_-1 costTime=4ms ,last freeze 0s ago
03-02 19:47:09.581 I/Hiber/proxyManager( 1562): p_sensor: uid=10281, pkgName=com.whatsapp.w4b
03-02 19:47:09.581 I/Hiber/appStateMachine( 1562): uid=10281, pkg=com.whatsapp.w4b, transition from Frozen to Running, reason=syncBinder
03-02 19:47:09.581 I/Hiber/appStateMachine( 1562): uid:10281 exit FrozenState
03-02 19:47:09.582 I/Hiber/proxyManager( 1562): up_service: 10281
03-02 19:47:09.582 I/Hiber/proxyManager( 1562): un_job: 10281
03-02 19:47:09.591 E/ApplicationHelper( 1562): Fail to get PackageManager
03-02 19:47:09.596 I/netd    (  911): tetherGetStats() -> {[TetherStatsParcel{iface: ccmni2, rxBytes: 110690, rxPackets: 710, txBytes: 128857, txPackets: 1996, ifIndex: 0}, TetherStatsParcel{iface: v4-ccmni2, rxBytes: 193401434, rxPackets: 332790, txBytes: 327551271, txPackets: 359406, ifIndex: 0}]} <2.32ms>
03-02 19:47:09.597 E/ApplicationHelper( 1562): Fail to get PackageManager
03-02 19:47:09.601 E/ApplicationHelper( 1562): Fail to get PackageManager
03-02 19:47:09.602 I/Hiber/proxyManager( 1562): up_sensor: uid=10281, pkgName=com.whatsapp.w4b
03-02 19:47:09.606 E/ApplicationHelper( 1562): Fail to get PackageManager
03-02 19:47:09.614 W/NotificationCloudRule( 1562): no need to handle notification for same key, notification = NotificationRecord(0x0f889cb3: pkg=com.whatsapp.w4b user=UserHandle{0} id=1 tag=Rzf3KBCOahABbDJmAK1UZjUxI65keoiPBedDp52Exx8=
03-02 19:47:09.614 W/NotificationCloudRule( 1562):  importance=4 key=0|com.whatsapp.w4b|1|Rzf3KBCOahABbDJmAK1UZjUxI65keoiPBedDp52Exx8=
03-02 19:47:09.614 W/NotificationCloudRule( 1562): |10281: Notification(channel=individual_chat_defaults_4 shortcut=67968528560358@lid contentView=null vibrate=null sound=null defaults=0 flags=ONLY_ALERT_ONCE color=0xff1b8755 groupKey=group_key_messages sortKey=001 actions=3 vis=PRIVATE publicVersion=Notification(channel=null shortcut=null contentView=null vibrate=null sound=null defaults=0 flags=0 color=0xff1b8755 category=msg vis=PRIVATE)))
03-02 19:47:09.614 I/os.permission( 1562): Grant permission: android.permission.SYSTEM_ALERT_WINDOW to uid: 10161
03-02 19:47:09.617 E/ApplicationHelper( 1562): Fail to get PackageManager
03-02 19:47:09.622 W/JobScheduler( 1562): Job didn't exist in JobStore: bdc8464 #u0a112/123 com.transsnet.store/com.transsion.playautoinstall.services.PlayAutoInstallJobService
03-02 19:47:09.622 E/ApplicationHelper( 1562): Fail to get PackageManager
03-02 19:47:09.623 I/mtkpower_client( 1063): perf_lock_rel, hdl:57049, tid:1063
03-02 19:47:09.624 I/libPowerHal(  941): [PD] fpsgo update cmd:1408300 param:0
03-02 19:47:09.629 E/ApplicationHelper( 1562): Fail to get PackageManager
03-02 19:47:09.634 E/ApplicationHelper( 1562): Fail to get PackageManager
03-02 19:47:09.634 E/ApplicationHelper( 1562): Fail to get PackageManager
03-02 19:47:09.636 E/ApplicationHelper( 1562): Fail to get PackageManager
03-02 19:47:09.638 W/NotificationCloudRule( 1562): no need to handle group notification , notification = NotificationRecord(0x0e471f88: pkg=com.whatsapp.w4b user=UserHandle{0} id=1 tag=null importance=4 key=0|com.whatsapp.w4b|1|null|10281: Notification(channel=individual_chat_defaults_4 shortcut=67968528560358@lid contentView=null vibrate=null sound=null tick defaults=0 flags=SHOW_LIGHTS|GROUP_SUMMARY color=0xff1b8755 category=msg groupKey=group_key_messages vis=PRIVATE publicVersion=Notification(channel=null shortcut=null contentView=null vibrate=null sound=null defaults=0 flags=0 color=0xff1b8755 category=msg vis=PRIVATE)))
03-02 19:47:09.644 I/AiAiTextClassifier( 3700): onCreateTextClassificationSession = TextClassificationSessionId {aab31ffa-c377-4988-91ff-06b286619d73}
03-02 19:47:09.646 I/AiAiTextClassifier( 3700): AiaiTextClassifierService.onSuggestConversationActions
03-02 19:47:09.647 I/TranTele/TranPhoneInterfaceManager( 2426): TTC - onSignalStrengthsChanged
03-02 19:47:09.649 I/TranPhoneSwitcher( 2426): mDefaultsign:4subid :2
03-02 19:47:09.651 I/resolv  (  911): GetAddrInfoHandler::run: {100 100 100 983140 10267 0}
03-02 19:47:09.651 I/resolv  (  911): GetAddrInfoHandler::run: network access blocked
03-02 19:47:09.655 I/mtkpower_client( 1063): perf_lock_acq, hdl:0, dur:30000, num:2, tid:1063
03-02 19:47:09.657 I/mtkpower_client( 1063): ret_hdl:57050
03-02 19:47:09.659 I/AiAiTextClassifier( 3700): onDestroyTextClassificationSession = TextClassificationSessionId {aab31ffa-c377-4988-91ff-06b286619d73}
03-02 19:47:09.673 I/tBadge_transsionapp-RECEIVE-( 2197): XLauncherUnreadProvider#call ,callingPackage=com.whatsapp.w4b
03-02 19:47:09.674 I/TAG_BadgeDelegate-( 2197): BadgeDelegate#changeBadge ,componentName =ComponentInfo{com.whatsapp.w4b/com.whatsapp.Main} , userId=0 , unreadNum=171 ,isNeedRefresh=true
03-02 19:47:09.857 I/AS.AudioService( 1562): shouldNotificationSoundPlay false: muted stream:5 attr:AudioAttributes: usage=USAGE_NOTIFICATION content=CONTENT_TYPE_SONIFICATION flags=0x800 tags= bundle=null
03-02 19:47:09.862 I/FlashNotifController( 1562): startFlashNotification: type=1, tag=android
03-02 19:47:09.863 E/ApplicationHelper( 1562): Fail to get PackageManager
03-02 19:47:09.870 I/TurboNotificationUtil( 4620): post  hasRemove==true   sbn==StatusBarNotification(pkg=com.whatsapp.w4b user=UserHandle{0} id=1 tag=Rzf3KBCOahABbDJmAK1UZjUxI65keoiPBedDp52Exx8=
03-02 19:47:09.870 I/TurboNotificationUtil( 4620):  key=0|com.whatsapp.w4b|1|Rzf3KBCOahABbDJmAK1UZjUxI65keoiPBedDp52Exx8=
03-02 19:47:09.870 I/TurboNotificationUtil( 4620): |10281: Notification(channel=individual_chat_defaults_4 shortcut=67968528560358@lid contentView=null vibrate=null sound=null defaults=0 flags=ONLY_ALERT_ONCE color=0xff1b8755 groupKey=group_key_messages sortKey=001 actions=3 vis=PRIVATE publicVersion=Notification(channel=null shortcut=null contentView=null vibrate=null sound=null defaults=0 flags=0 color=0xff1b8755 category=msg vis=PRIVATE))) , tickerText = null
03-02 19:47:09.871 I/ShowBarrageHelper( 4620): showBarrageWindow com.whatsapp.w4b
03-02 19:47:09.877 I/TurboNotificationUtil( 4620): post  hasRemove==true   sbn==StatusBarNotification(pkg=com.whatsapp.w4b user=UserHandle{0} id=1 tag=null key=0|com.whatsapp.w4b|1|null|10281: Notification(channel=individual_chat_defaults_4 shortcut=67968528560358@lid contentView=null vibrate=null sound=null tick defaults=0 flags=SHOW_LIGHTS|GROUP_SUMMARY color=0xff1b8755 category=msg groupKey=group_key_messages vis=PRIVATE publicVersion=Notification(channel=null shortcut=null contentView=null vibrate=null sound=null defaults=0 flags=0 color=0xff1b8755 category=msg vis=PRIVATE))) , tickerText = Message from +91 70394 14108
03-02 19:47:09.877 I/ShowBarrageHelper( 4620): showBarrageWindow com.whatsapp.w4b
03-02 19:47:09.904 I/SysUI(260105)_OverviewSysUiProxyService( 2206):  isEnabled mIsEnabled false mIsFoldExpanded true
03-02 19:47:09.906 I/TranNotificationExpandButton( 2206): Call setExpandedVisibility
03-02 19:47:09.919 I/SysUI(260105)_OverviewSysUiProxyService( 2206):  isEnabled mIsEnabled false mIsFoldExpanded true
03-02 19:47:09.922 I/TranNotificationExpandButton( 2206): Call setExpandedVisibility
03-02 19:47:10.122 I/SysUI(260105)_OverviewSysUiProxyService( 2206):  isEnabled mIsEnabled false mIsFoldExpanded true
03-02 19:47:10.123 I/TranNotificationExpandButton( 2206): Call setExpandedVisibility
03-02 19:47:10.124 I/mtkpower_client( 1063): perf_lock_rel, hdl:57050, tid:1063
03-02 19:47:10.125 I/libPowerHal(  941): [PD] fpsgo update cmd:1408300 param:0
03-02 19:47:10.156 I/mtkpower_client( 1063): perf_lock_acq, hdl:0, dur:30000, num:2, tid:1063
03-02 19:47:10.158 I/mtkpower_client( 1063): ret_hdl:57051
03-02 19:47:10.207 W/TouchableRegionManager( 2206): onHeadsUpPinnedModeChanged
03-02 19:47:10.215 I/SysUI(260105)_OverviewSysUiProxyService( 2206):  isEnabled mIsEnabled false mIsFoldExpanded true
03-02 19:47:10.216 I/TranNotificationExpandButton( 2206): Call setExpandedVisibility
03-02 19:47:10.217 E/ApplicationHelper( 1562): Fail to get PackageManager
03-02 19:47:10.225 E/ApplicationHelper( 1562): Fail to get PackageManager
03-02 19:47:10.226 E/uas-service( 1218): ioclt error: fd=3 cmd=1075336211 ux_data->pid=2206 ux_data->ux_tags=0x100420
03-02 19:47:10.227 E/uas-service( 1218): ioclt error: fd=3 cmd=1075336211 ux_data->pid=2342 ux_data->ux_tags=0x100420
03-02 19:47:10.228 E/uas-service( 1218): ioclt error: fd=3 cmd=1075336211 ux_data->pid=2342 ux_data->ux_tags=0x100420
03-02 19:47:10.229 I/Process ( 1562): String at 0: 0x741485b601 = ProcessCapacityNormal
03-02 19:47:10.229 I/mtkpower_client( 1562): perf_cus_lock_hint hint:112, dur:100, pid:1562
03-02 19:47:10.230 I/mtkpower_client( 1562): perf_cus_lock_hint, ret_hdl:0
03-02 19:47:10.230 I/PowerHalMgrImpl( 1562): hdl:0, pid:1562 
03-02 19:47:10.231 I/mtkpower_client( 1562): perf_lock_acq, hdl:57044, dur:0, num:2, pid:1562, tid:1718
03-02 19:47:10.232 I/mtkpower_client( 1562): ret_hdl:57052
03-02 19:47:10.232 I/PowerHalMgrImpl( 1562): hdl:57052, pid:1562 
03-02 19:47:10.232 I/mtkpower_client( 1562): perf_lock_rel, hdl:57052, tid:1718
03-02 19:47:10.233 I/libPowerHal(  941): [fpsgo_ctrl_render_thread] 2342, 0xb400007079743388
03-02 19:47:10.235 I/SysUI(260105)_TrNotificationShadeWindowView( 2206): onWindowVisibilityChanged  visibility 0
03-02 19:47:10.235 I/BufferQueueDebug(  994): [Surface(name=c8c267b StatusBar)/@0xa143cd5 - animation-leash of insets_animation#23586](this:0xb400007144ae5478,id:-1,api:0,p:-1,c:-1) BufferQueue core=(994:/system/bin/surfaceflinger)
03-02 19:47:10.237 I/libPowerHal(  941): [fpsgo_ctrl_render_thread] 2342, 0xb400007079743388
03-02 19:47:10.237 I/libPowerHal(  941): [PD] system_server update ONESHOT cmd:2000300 param:2342
03-02 19:47:10.239 E/ApplicationHelper( 1562): Fail to get PackageManager
03-02 19:47:10.242 I/BufferQueueDebug(  994): [NotificationShade#23587](this:0xb400007144a92b28,id:-1,api:0,p:-1,c:-1) BufferQueue core=(994:/system/bin/surfaceflinger)
03-02 19:47:10.244 I/mtkpower_client( 1063): perf_lock_rel, hdl:57051, tid:1063
03-02 19:47:10.245 I/libPowerHal(  941): [PD] fpsgo update cmd:1408300 param:0
03-02 19:47:10.248 I/WindowManager( 1562): Relayout Window{ba55e67 u0 NotificationShade}: oldVis=4 newVis=0 focusMayChange = true requestedWidth = 1080 requestedHeight = 2436 outFrames = ClientWindowFrames{frame=[0,0][1080,2436] display=[0,0][1080,2436] parentFrame=[0,0][0,0]} outSurfaceControl = Surface(name=NotificationShade)/@0xb96075a
03-02 19:47:10.252 I/hwcomposer(  928): [HWCDisplay] [Display_0 (type:1)] fps:5.403933,dur:1110.30,max:346.55,min:15.97  
03-02 19:47:10.266 I/WindowManager( 1562):   isAnimating=false  okToAnimate=true  win=Window{ba55e67 u0 NotificationShade}
03-02 19:47:10.268 I/SurfaceFlinger(  994): onHandleDestroyed: name=Surface(name=c8c267b StatusBar)/@0xa143cd5 - animation-leash of insets_animation#23585, layerId=23585, parentId=0
03-02 19:47:10.284 I/BufferQueueDebug(  994): [Surface(name=c8c267b StatusBar)/@0xa143cd5 - animation-leash of insets_animation#23585](this:0xb400007144b98ae8,id:-1,api:0,p:-1,c:994) onDestructor()
03-02 19:47:10.293 I/tranpm/NormalReclaimer( 1562): memAvailable : 1932944
03-02 19:47:10.295 I/tranpm/NormalReclaimer( 1562): doReclaim gap: 12656
03-02 19:47:10.298 I/tranpm/AppPurner( 1562):  kill info -- AppPruner: Reclaimed 0KB while requirement is 12656KB effective:false
03-02 19:47:10.298 I/tranpm/NormalReclaimer( 1562): prunerReclaimSizeKb=0
03-02 19:47:10.308 I/TranTele/TranPhoneInterfaceManager( 2426): TTC - onSignalStrengthsChanged
03-02 19:47:10.310 I/TranPhoneSwitcher( 2426): mOthersign:3subid :1
03-02 19:47:10.342 I/tranpm/CommonReclaim-recentReclaim( 1562): Final candidate bg apps size 3 while expect size 0,isCritical:true
03-02 19:47:10.347 I/Process ( 1562): Sending signal quietly. PID: 8946 SIG: 9
03-02 19:47:10.348 I/tranpm/CommonReclaim-recentReclaim( 1562): kill(-9) RecentApp{mUserId=0, mUid=10112, mPkg='com.transsnet.store', mIndex=9, mLocked=-1, mTaskId=8, mFrozen=false, mLastRss=215744, mRssAnon=56712, mRssFile=101036, mRssShmem=1284, mVmSwap=46660},minAdj:500,weight:620 for low memory
03-02 19:47:10.348 I/tranpm/CommonReclaim-recentReclaim( 1562): recentReclaim end by enough!
03-02 19:47:10.364 I/VibratorManager( 1562): [SystemVibratorManager vibrate] going to service.vibrate for pkg: android
03-02 19:47:10.367 I/Vibrator(  957): Vibrator on for timeoutMs: 300
03-02 19:47:10.423 I/NearbyMediums( 2198): No BLE Fast/GATT advertisements found in the latest cycle.
03-02 19:47:10.423 I/NearbyMediums( 2198): Current Tracked Scanning Clients are : {NearbyConnections.EnvironmentMonitor, NearbySharing, NearbyConnections.TxAdvertisement}
03-02 19:47:10.441 I/ActivityManager( 1562): Process com.transsnet.store (pid 8946) has died: svc SVC 
03-02 19:47:10.442 I/WindowManager( 1562): WIN DEATH: Window{15362e4 u0 com.transsnet.store}
03-02 19:47:10.442 W/InputManager-JNI( 1562): Input channel object '15362e4 com.transsnet.store (client)' was disposed without first being removed with the input manager!
