--------- beginning of system
03-02 23:21:29.471  1562  1706 E ApplicationHelper: Fail to get PackageManager
03-02 23:21:29.471  1562  1706 E ApplicationHelper: Fail to get PackageManager
03-02 23:21:29.476  1562  1562 I Griffin/MemoryMonitorSence: device is mWake= false
03-02 23:21:29.486  1562  1706 E ApplicationHelper: Fail to get PackageManager
03-02 23:21:29.488  1562  1706 E ApplicationHelper: Fail to get PackageManager
03-02 23:21:29.489  1562  1706 E ApplicationHelper: Fail to get PackageManager
03-02 23:21:29.492  1562  1706 E ApplicationHelper: Fail to get PackageManager
03-02 23:21:29.499  1562  1706 E ApplicationHelper: Fail to get PackageManager
03-02 23:21:29.499  1562  1706 E ApplicationHelper: Fail to get PackageManager
03-02 23:21:29.500  1562  1562 I StandbyHandler/SceneMonitor: screen off
03-02 23:21:29.511  1562  1706 E ApplicationHelper: Fail to get PackageManager
03-02 23:21:29.514  1562  1706 E ApplicationHelper: Fail to get PackageManager
03-02 23:21:29.523  1562  1706 E ApplicationHelper: Fail to get PackageManager
03-02 23:21:29.526  1562  1706 E ApplicationHelper: Fail to get PackageManager
03-02 23:21:29.528  1562  1706 E ApplicationHelper: Fail to get PackageManager
03-02 23:21:29.533  1562  1706 E ApplicationHelper: Fail to get PackageManager
03-02 23:21:29.534  1562  1706 E ApplicationHelper: Fail to get PackageManager
03-02 23:21:29.536  1562  1706 E ApplicationHelper: Fail to get PackageManager
03-02 23:21:29.547  1562  1706 E ApplicationHelper: Fail to get PackageManager
03-02 23:21:29.552  1562  2326 I WindowManager:   isAnimating=false  okToAnimate=true  win=Window{175993b u0 DynamicBar}
03-02 23:21:29.555  1562  1706 E ApplicationHelper: Fail to get PackageManager
03-02 23:21:29.555  1562  1706 E ApplicationHelper: Fail to get PackageManager
03-02 23:21:29.562  1562  1708 I DisplayDeviceRepository: Display device changed: DisplayDeviceInfo{"Built-in Screen": uniqueId="local:0", 1080 x 2436, modeId 3, renderFrameRate 60.000004, defaultModeId 1, userPreferredModeId -1, supportedModes [{id=1, width=1080, height=2436, fps=120.00001, vsync=120.00001, synthetic=false, alternativeRefreshRates=[60.0, 90.0], supportedHdrTypes=[2, 3, 4]}, {id=2, width=1080, height=2436, fps=90.0, vsync=90.0, synthetic=false, alternativeRefreshRates=[60.0, 120.00001], supportedHdrTypes=[2, 3, 4]}, {id=3, width=1080, height=2436, fps=60.0, vsync=60.0, synthetic=false, alternativeRefreshRates=[90.0, 120.00001], supportedHdrTypes=[2, 3, 4]}], colorMode 0, supportedColorModes [0, 7, 9], hdrCapabilities HdrCapabilities{mSupportedHdrTypes=[2, 3, 4], mMaxLuminance=500.0, mMaxAverageLuminance=500.0, mMinLuminance=0.0}, allmSupported false, gameContentTypeSupported false, density 480, 392.783 x 392.828 dpi, appVsyncOff 1133334, presDeadline 16600000, cutout DisplayCutout{insets=Rect(0, 108 - 0, 0) waterfall=Insets{left=0, top=0, right=0, bottom=0} boundingRect={Bounds=[Rect(0, 0 - 0, 0), Rect(468, 0 - 612, 108), Rect(0, 0 - 0, 0), Rect(0, 0 - 0, 0)]} cutoutPathParserInfo={CutoutPathParserInfo{displayWidth=1080 displayHeight=2436 physicalDisplayWidth=1080 physicalDisplayHeight=2436 density={3.0} cutoutSpec={M -24,0 L -24,36 L 24,36 L 24,0 Z @dp} rotation={0} scale={1.0} physicalPixelDisplaySizeRatio={1.0}}} sideOverrides={}}, touch INTERNAL, rotation 0, type INTERNAL, address {port=0}, deviceProductInfo null, state DOZE, committedState DOZE, frameRateOverride {uid=1000 frameRateHz=60.000004} , brightnessMinimum 0.0, brightnessMaximum 1.0, brightnessDefault 0.19685039, hdrSdrRatio NaN, FLAG_ALLOWED_TO_BE_DEFAULT_DISPLAY, FLAG_ROTATES_WITH_CONTENT, FLAG_SECURE, FLAG_SUPPORTS_PROTECTED_BUFFERS, FLAG_TRUSTED, installOrientation 0, displayShape DisplayShape{ spec=596679847 displayWidth=1080 displayHeight=2436 physicalPixelDisplaySizeRatio=1.0 rotation=0 offsetX=0 offsetY=0 scale=1.0}}
03-02 23:21:29.564  1562  1708 I Griffin/DeviceState: virtualDisplayPackageName :{}
03-02 23:21:29.564  1562  1706 E ApplicationHelper: Fail to get PackageManager
03-02 23:21:29.568  1562  1706 E ApplicationHelper: Fail to get PackageManager
03-02 23:21:29.569  1562  1848 I ActivityTaskManager: isControllerAMonkey mController = null,mControllerIsAMonkey = true, mTrueTime = 2026-03-02 19:36:25.977, mFalseTime = null
03-02 23:21:29.571  1562  1706 E ApplicationHelper: Fail to get PackageManager
03-02 23:21:29.580  1562  1706 E ApplicationHelper: Fail to get PackageManager
03-02 23:21:29.580  1562  1706 E ApplicationHelper: Fail to get PackageManager
03-02 23:21:29.580  1562  1706 E ApplicationHelper: Fail to get PackageManager
03-02 23:21:29.586  1562  1706 E ApplicationHelper: Fail to get PackageManager
03-02 23:21:29.587  1562  1706 E ApplicationHelper: Fail to get PackageManager
03-02 23:21:29.601  1562  1706 E ApplicationHelper: Fail to get PackageManager
03-02 23:21:29.602  1562  1706 E ApplicationHelper: Fail to get PackageManager
03-02 23:21:29.602  1562  1706 E ApplicationHelper: Fail to get PackageManager
03-02 23:21:29.608  1562  1706 E ApplicationHelper: Fail to get PackageManager
03-02 23:21:29.610  1562  1706 E ApplicationHelper: Fail to get PackageManager
03-02 23:21:29.610  1562  1706 E ApplicationHelper: Fail to get PackageManager
03-02 23:21:29.611  1562  1706 E ApplicationHelper: Fail to get PackageManager
03-02 23:21:29.624  1562  1706 E ApplicationHelper: Fail to get PackageManager
03-02 23:21:29.625  1562  1706 E ApplicationHelper: Fail to get PackageManager
03-02 23:21:29.626  1562  1706 E ApplicationHelper: Fail to get PackageManager
03-02 23:21:29.626  1562  1706 E ApplicationHelper: Fail to get PackageManager
03-02 23:21:29.626  1562  1706 E ApplicationHelper: Fail to get PackageManager
03-02 23:21:29.626  1562  1706 E ApplicationHelper: Fail to get PackageManager
03-02 23:21:29.626  1562  1706 E ApplicationHelper: Fail to get PackageManager
03-02 23:21:29.630  1562  1706 E ApplicationHelper: Fail to get PackageManager
03-02 23:21:29.631  1562  1706 E ApplicationHelper: Fail to get PackageManager
03-02 23:21:29.633  1562  2326 I Hiber/stateManager: unfreeze uid: 10174 com.transsion.phonemaster pids:[6771]  reason:bindService   cpninfo:f-1/cpn # 1000 costTime=2ms ,last freeze 16s ago
03-02 23:21:29.633  1562  2178 I Hiber/appStateMachine: uid=10174, pkg=com.transsion.phonemaster, transition from Frozen to Running, reason=bindService
03-02 23:21:29.633  1562  2178 I Hiber/appStateMachine: uid:10174 exit FrozenState
03-02 23:21:29.633  1562  2179 I Hiber/proxyManager: up_service: 10174
03-02 23:21:29.633  1562  2179 I Hiber/proxyManager: un_job: 10174
03-02 23:21:29.634  1562  2179 I Hiber/proxyManager: up_sensor: uid=10174, pkgName=com.transsion.phonemaster
03-02 23:21:29.636  1562  1706 E ApplicationHelper: Fail to get PackageManager
03-02 23:21:29.637  1562  1706 E ApplicationHelper: Fail to get PackageManager
03-02 23:21:29.639  1562  1706 E ApplicationHelper: Fail to get PackageManager
03-02 23:21:29.640  1562  1706 E ApplicationHelper: Fail to get PackageManager
03-02 23:21:29.640  1562  1706 E ApplicationHelper: Fail to get PackageManager
03-02 23:21:29.642  1562 12336 I BackupManagerService: [UserID:0] got agent android.app.IBackupAgent$Stub$Proxy@771c442
03-02 23:21:29.644  1562  1706 E ApplicationHelper: Fail to get PackageManager
03-02 23:21:29.644  1562  1706 E ApplicationHelper: Fail to get PackageManager
03-02 23:21:29.645  1562  1706 E ApplicationHelper: Fail to get PackageManager
03-02 23:21:29.650  1562  1706 E ApplicationHelper: Fail to get PackageManager
03-02 23:21:29.650  1562  1706 E ApplicationHelper: Fail to get PackageManager
03-02 23:21:29.650  1562  1706 E ApplicationHelper: Fail to get PackageManager
03-02 23:21:29.650  1562  1706 E ApplicationHelper: Fail to get PackageManager
03-02 23:21:29.651  1562  1706 E ApplicationHelper: Fail to get PackageManager
03-02 23:21:29.654  1562  1706 E ApplicationHelper: Fail to get PackageManager
03-02 23:21:29.654  1562  1706 E ApplicationHelper: Fail to get PackageManager
03-02 23:21:29.654  1562  1706 E ApplicationHelper: Fail to get PackageManager
03-02 23:21:29.657  1562  1706 E ApplicationHelper: Fail to get PackageManager
03-02 23:21:29.658  1562  1706 E ApplicationHelper: Fail to get PackageManager
03-02 23:21:29.662  1562  1706 E ApplicationHelper: Fail to get PackageManager
03-02 23:21:29.669  1562  1706 E ApplicationHelper: Fail to get PackageManager
03-02 23:21:29.669  1562  1706 E ApplicationHelper: Fail to get PackageManager
03-02 23:21:29.671  1562  1706 E ApplicationHelper: Fail to get PackageManager
03-02 23:21:29.671  1562  1706 E ApplicationHelper: Fail to get PackageManager
03-02 23:21:29.673  1562  1706 E ApplicationHelper: Fail to get PackageManager
03-02 23:21:29.673  1562  1706 E ApplicationHelper: Fail to get PackageManager
03-02 23:21:29.675  1562  1706 E ApplicationHelper: Fail to get PackageManager
03-02 23:21:29.700  1562 12336 I BackupRestoreController: Getting widget state for user: 0
03-02 23:21:29.731  1562  1706 E ApplicationHelper: Fail to get PackageManager
03-02 23:21:29.744  1562  1740 I ActivityManager: Start proc 13300:com.google.android.cellbroadcastreceiver/u0a242 for backup {com.google.android.cellbroadcastreceiver/com.android.cellbroadcastreceiver.CellBroadcastBackupAgent}
03-02 23:21:29.776  1562  1706 E ApplicationHelper: Fail to get PackageManager
03-02 23:21:29.789  1562  3829 I ActivityTaskManager: isControllerAMonkey mController = null,mControllerIsAMonkey = true, mTrueTime = 2026-03-02 19:36:25.977, mFalseTime = null
03-02 23:21:29.797  6771  6828 E ActivityThread: Failed to find provider info for com.transsion.provider.NetworkControl
03-02 23:21:29.815  1562  1706 E ApplicationHelper: Fail to get PackageManager
03-02 23:21:29.819  1562  1706 E ApplicationHelper: Fail to get PackageManager
03-02 23:21:29.819  1562  1706 E ApplicationHelper: Fail to get PackageManager
03-02 23:21:29.819  1562  1706 E ApplicationHelper: Fail to get PackageManager
03-02 23:21:29.821  1562  1706 E ApplicationHelper: Fail to get PackageManager
03-02 23:21:29.821  1562  1706 E ApplicationHelper: Fail to get PackageManager
03-02 23:21:29.821  1562  1706 E ApplicationHelper: Fail to get PackageManager
03-02 23:21:29.822  1562  1848 I ActivityManager: Killing 23219:com.android.server.telecom:ui/1000 (adj 999): empty #49
03-02 23:21:29.824  1562  1706 E ApplicationHelper: Fail to get PackageManager
03-02 23:21:29.877  1562  1706 E ApplicationHelper: Fail to get PackageManager
03-02 23:21:29.882  1562 12336 I BackupManagerService: [UserID:0] got agent android.app.IBackupAgent$Stub$Proxy@176d344
03-02 23:21:29.897  1562 12336 I BackupRestoreController: Getting widget state for user: 0
03-02 23:21:29.902  1562  1706 E ApplicationHelper: Fail to get PackageManager
03-02 23:21:31.018  1562  2178 I Hiber/importantScene: default_sms: packageName=com.google.android.apps.messaging
03-02 23:21:31.018  1562  2178 I Hiber/appStateMachine: uid:10274, pkg=com.google.android.apps.messaging  can't transition from R to F ,importantcase is : default_sms
03-02 23:21:32.639  1562  1921 I ActivityManager: checkedOptions.getThunderBackSupport() = false, packageName = com.android.systemui , thunderbackUserId = 0
03-02 23:21:32.639  1562  1921 E TranDynamicBarAnimControllerImpl: TranDynamicBarAnimControllerImpl setFromDynamicIslandToWindow pkgName:com.android.systemui
03-02 23:21:32.639  1562  1921 E TranDynamicBarAnimControllerImpl: start setFromDynamicIslandToWindow startFromDynamicIsland:false
03-02 23:21:32.639  1562  1921 E TranDynamicBarAnimControllerImpl: end setFromDynamicIslandToWindow mDynamicIslandPkgName:com.android.systemui mStartFromDynamicIsland:false
03-02 23:21:32.641  1562  1921 I AlarmManager: going to acquire wakelock now
03-02 23:21:32.655  1562  1848 I TranPMSCoreImpl: onKeyguardLockChanged isKeyguardLocked=true
03-02 23:21:32.670   644  4965 I keystore2: system/security/keystore2/src/authorization.rs:180 - on_device_locked(user_id=0, unlocking_sids=[9105105409145125680], weak_unlock_enabled=false)
03-02 23:21:32.671   644  4965 I keystore2: system/security/keystore2/src/super_key.rs:976 - UnlockedDeviceRequired super keys for user 0 are biometric-encrypted.
03-02 23:21:32.672  2206  2263 W StageCoordinator: onKeyguardVisibilityChanged: mMainStage not active
03-02 23:21:32.682  1562  1757 I Hiber/fastState: do fastFreeze reason=cpuboost
03-02 23:21:32.682  1562  2881 W Hiber/fastState: uid=10135 is default-app
03-02 23:21:32.682  1562  2881 W Hiber/fastState: uid=10274 is default-app
03-02 23:21:32.682  1562  2881 W Hiber/fastState: uid=10175 is resume
03-02 23:21:32.682  1562  2106 I ActivityTaskManager: hookSetAuthenticateSucceed mGoingAwayQuicklyWhenNoKeyguard false
03-02 23:21:32.682  1562  2106 I TranMultiWindowManagerComponentImpl: hookNotifyKeyguardStateV4 
03-02 23:21:32.684  1562  2181 I Hiber/nativeServiceClient: check binder uid=10083
03-02 23:21:32.687  1562  1709 I Transition: ignoreThunderbackTransition back= false change= false
03-02 23:21:32.689  1562  1706 E ApplicationHelper: Fail to get PackageManager
03-02 23:21:32.690  1562  2181 I Hiber/nativeServiceClient: check binder uid=10095
03-02 23:21:32.693  1562  2181 I Hiber/nativeServiceClient: check binder uid=10137
03-02 23:21:32.694  1562  2181 I Hiber/nativeServiceClient: check binder uid=10160
03-02 23:21:32.696  1562  1757 I Hiber/fastState: do fastUnfreeze reason=cpuboost delay=0
03-02 23:21:32.696  1562  2326 W UserManagerService: Requested status bar icon for non-badged user 0
03-02 23:21:32.698  1562  1706 E ApplicationHelper: Fail to get PackageManager
03-02 23:21:32.700  1562  2181 I Hiber/nativeServiceClient: check binder uid=10174
03-02 23:21:32.701  1562  2180 I Hiber/fastState: skip fastFreeze, uid=10174 pkgName=com.transsion.phonemaster unFreezeReason=transBinder cpnInfo=TRANSACTION_1
03-02 23:21:32.701  1562  2181 I Hiber/nativeServiceClient: check binder uid=10181
03-02 23:21:32.702  1562  2181 I Hiber/nativeServiceClient: check binder uid=10203
03-02 23:21:32.703  1562  2180 I Hiber/stateManager: unfreeze uid: 10174 com.transsion.phonemaster pids:[6771]  reason:transBinder   cpninfo:TRANSACTION_1 costTime=2ms ,last freeze 19s ago
03-02 23:21:32.704  1562  2181 I Hiber/nativeServiceClient: check binder uid=10230
03-02 23:21:32.705  1562  2181 I Hiber/nativeServiceClient: check binder uid=10239
03-02 23:21:32.706  1562  2181 I Hiber/nativeServiceClient: check binder uid=10242
03-02 23:21:32.706  1562  2881 I Hiber/fastState: fastFreeze reason=cpuboost size=11 uids=[10083, 10095, 10137, 10160, 10174, 10181, 10203, 10230, 10239, 10242, 10270] about costTime=24ms
03-02 23:21:32.707  1562  2181 I Hiber/nativeServiceClient: check binder uid=10270
03-02 23:21:32.713  1562  2881 I Hiber/fastState: fastUnFreeze reason=cpuboost size=10 uids=[10083, 10095, 10137, 10160, 10181, 10203, 10230, 10239, 10242, 10270] about costTime=8ms
03-02 23:21:32.730  1562  2287 I WindowManager: Relayout Window{175993b u0 DynamicBar}: oldVis=8 newVis=0 focusMayChange = true requestedWidth = 1080 requestedHeight = 128 outFrames = ClientWindowFrames{frame=[0,12][1080,140] display=[0,0][1080,2436] parentFrame=[0,0][0,0]} outSurfaceControl = Surface(name=DynamicBar)/@0xcbacaa3
03-02 23:21:32.746  1562  1709 I WindowManager:   isAnimating=false  okToAnimate=true  win=Window{175993b u0 DynamicBar}
03-02 23:21:32.758  1562  3825 I WindowManager:   isAnimating=false  okToAnimate=true  win=Window{175993b u0 DynamicBar}
03-02 23:21:32.850  1562  3825 I StatusBarManagerService: disableLocked some feature ,what = 16777216 ,displayId = 0 ,pkg = com.android.systemui ,net1 = 16777216 ,net2= 0 ,userId = 0 ,token = android.os.BinderProxy@b0732d0 ,whichFlag = 1 ,state.disableEquals = false
03-02 23:21:32.870  1562  3825 W WindowManager: Changing focus from null to Window{ba55e67 u0 NotificationShade} displayId=0 Callers=com.android.server.wm.RootWindowContainer.updateFocusedWindowLocked:528 com.android.server.wm.WindowManagerService.updateFocusedWindowLocked:6847 com.android.server.wm.WindowManagerService.relayoutWindowInner:2854 com.android.server.wm.WindowManagerService.relayoutWindow:2515 
03-02 23:21:32.876  1562  3825 I StatusBarManagerService: setWindowState window:1, state:0, callingPid:1562, callingUid:1000
03-02 23:21:32.878  1562  3825 I WindowManager: Relayout Window{ba55e67 u0 NotificationShade}: oldVis=4 newVis=0 focusMayChange = true requestedWidth = 1080 requestedHeight = 2436 outFrames = ClientWindowFrames{frame=[0,0][1080,2436] display=[0,0][1080,2436] parentFrame=[0,0][0,0]} outSurfaceControl = Surface(name=NotificationShade)/@0xf047e94
03-02 23:21:32.923  1562  1709 I WindowManager:   isAnimating=false  okToAnimate=true  win=Window{ba55e67 u0 NotificationShade}
03-02 23:21:32.930  1562  2287 I WindowManager:   isAnimating=false  okToAnimate=true  win=Window{a126fb u0 NavigationBar0}
03-02 23:21:32.935  1562  1687 W UserManagerService: Requested status bar icon for non-badged user 0
03-02 23:21:32.956  1562  1708 I DisplayDeviceRepository: Display device changed: DisplayDeviceInfo{"Built-in Screen": uniqueId="local:0", 1080 x 2436, modeId 3, renderFrameRate 60.000004, defaultModeId 1, userPreferredModeId -1, supportedModes [{id=1, width=1080, height=2436, fps=120.00001, vsync=120.00001, synthetic=false, alternativeRefreshRates=[60.0, 90.0], supportedHdrTypes=[2, 3, 4]}, {id=2, width=1080, height=2436, fps=90.0, vsync=90.0, synthetic=false, alternativeRefreshRates=[60.0, 120.00001], supportedHdrTypes=[2, 3, 4]}, {id=3, width=1080, height=2436, fps=60.0, vsync=60.0, synthetic=false, alternativeRefreshRates=[90.0, 120.00001], supportedHdrTypes=[2, 3, 4]}], colorMode 0, supportedColorModes [0, 7, 9], hdrCapabilities HdrCapabilities{mSupportedHdrTypes=[2, 3, 4], mMaxLuminance=500.0, mMaxAverageLuminance=500.0, mMinLuminance=0.0}, allmSupported false, gameContentTypeSupported false, density 480, 392.783 x 392.828 dpi, appVsyncOff 1133334, presDeadline 16600000, cutout DisplayCutout{insets=Rect(0, 108 - 0, 0) waterfall=Insets{left=0, top=0, right=0, bottom=0} boundingRect={Bounds=[Rect(0, 0 - 0, 0), Rect(468, 0 - 612, 108), Rect(0, 0 - 0, 0), Rect(0, 0 - 0, 0)]} cutoutPathParserInfo={CutoutPathParserInfo{displayWidth=1080 displayHeight=2436 physicalDisplayWidth=1080 physicalDisplayHeight=2436 density={3.0} cutoutSpec={M -24,0 L -24,36 L 24,36 L 24,0 Z @dp} rotation={0} scale={1.0} physicalPixelDisplaySizeRatio={1.0}}} sideOverrides={}}, touch INTERNAL, rotation 0, type INTERNAL, address {port=0}, deviceProductInfo null, state DOZE, committedState DOZE, frameRateOverride {uid=1000 frameRateHz=60.000004} {uid=10184 frameRateHz=60.000004} , brightnessMinimum 0.0, brightnessMaximum 1.0, brightnessDefault 0.19685039, hdrSdrRatio NaN, FLAG_ALLOWED_TO_BE_DEFAULT_DISPLAY, FLAG_ROTATES_WITH_CONTENT, FLAG_SECURE, FLAG_SUPPORTS_PROTECTED_BUFFERS, FLAG_TRUSTED, installOrientation 0, displayShape DisplayShape{ spec=596679847 displayWidth=1080 displayHeight=2436 physicalPixelDisplaySizeRatio=1.0 rotation=0 offsetX=0 offsetY=0 scale=1.0}}
03-02 23:21:32.959  1562  1708 I Griffin/DeviceState: virtualDisplayPackageName :{}
03-02 23:21:33.376  1562  3825 I ActivityTaskManager: isControllerAMonkey mController = null,mControllerIsAMonkey = true, mTrueTime = 2026-03-02 19:36:25.977, mFalseTime = null
03-02 23:21:33.652  1562  1562 I AlarmManager: going to release wakelock now
03-02 23:21:33.728  1562  2178 I Hiber/importantScene: isTrafficActive uid:10270 speed :0
03-02 23:21:33.729  1562  2178 I Hiber/appStateMachine: uid:10270 enter FrozenState
03-02 23:21:33.731  1562  2178 I Hiber/stateManager: freeze uid: 10270 org.telegram.messenger costTime=2ms ,last unfreeze 1032s ago
03-02 23:21:33.731  1562  2178 I Hiber/restrictionPolicy: uid:10270  pkgName:org.telegram.messenger isAllowedNet
03-02 23:21:33.732  1562  2179 I Hiber/hiber: msg for start proxy frozen state
03-02 23:21:33.732  1562  2179 I Hiber/proxyManager: p_service: 10270
03-02 23:21:33.732  1562  2179 I Hiber/proxyManager: p_job: 10270 pkgName=org.telegram.messenger which=2
03-02 23:21:33.732  1562  2179 I Hiber/hiber: proxy alarm (uid=10270, pkgName=org.telegram.messenger)
03-02 23:21:33.732  1562  2179 I Hiber/proxyManager: p_alarm: uid=10270, pkgName=org.telegram.messenger
03-02 23:21:33.732  1562  1706 E ApplicationHelper: Fail to get PackageManager
03-02 23:21:33.734  1562  2181 I Hiber/nativeServiceClient: watch app network uid=10270, persistent=0
03-02 23:21:33.734  1562  2179 I Hiber/proxyManager: p_sensor: uid=10270, pkgName=org.telegram.messenger
03-02 23:21:33.982  1562  2326 I ActivityTaskManager: isControllerAMonkey mController = null,mControllerIsAMonkey = true, mTrueTime = 2026-03-02 19:36:25.977, mFalseTime = null
03-02 23:21:34.123  1562  2287 I ActivityTaskManager: isControllerAMonkey mController = null,mControllerIsAMonkey = true, mTrueTime = 2026-03-02 19:36:25.977, mFalseTime = null
03-02 23:21:34.350  1562  1687 I TranBrightnessController: setAodIsShow: false, pid: 13156, 1000
03-02 23:21:34.354  1562  2022 I TranFingerprintServiceExtImpl_mtk: updateFingerUiStatusChange mFingerUiShow=0
03-02 23:21:34.357  1562  2022 I TranFingerprintServiceExtImpl_mtk: finger ui status changed mFingerKeyDown=false  mAuthFailed=false mShowStatus=5  mKeyguardGoingAway=false mClientStatus=2  mIsDozeSuspend=false  mClientAuthSuccessfalse mEnrollVerified=false
03-02 23:21:34.359  1562  1769 I DisplayPowerController2[0]: set fast adjustment config false because of screen off/doze/doze_default
03-02 23:21:34.361  1562  1769 I DisplayPowerController2[0]: Blocking screen off
03-02 23:21:34.362  1562  1769 I DisplayPowerController2[0]: Unblocked screen off after 0 ms
03-02 23:21:34.363  1562  2064 I TranAppBrightnessChangeController: [onSystemBrightnessStrategyChange] brightnessState: -1.0
03-02 23:21:34.363  1562  1769 I TranHBMController[0]: HBM display state is OFF
03-02 23:21:34.375  1562  3825 I ActivityTaskManager: isControllerAMonkey mController = null,mControllerIsAMonkey = true, mTrueTime = 2026-03-02 19:36:25.977, mFalseTime = null
03-02 23:21:34.400  1562  1769 I TranMultiWindowManagerComponentImpl: hookMultiWindowVisible
03-02 23:21:34.400  1562  1769 I DisplayBrightnessStrategySelector: Changing the DisplayBrightnessStrategy from DozeBrightnessStrategy to ScreenOffBrightnessStrategy for display 0
03-02 23:21:34.400  1562  1769 I DisplayPowerController2[0]: set fast adjustment config false because of screen off/doze/doze_default
03-02 23:21:34.402  1562  1769 I TranHBMController[0]: hbm onBrightnessChanged brightness=0.003937008, sdrBrightness= 0.003937008,animate=false,duration=0.0,Inspire=false,isMaxBrightnessButApplimit=false
03-02 23:21:34.402  1562  1769 I DisplayPowerController2[0]: BrightnessEvent: disp=0, physDisp=local:0, displayState=OFF, displayPolicy=DOZE, brt=0.003937008, initBrt=0.17322835, rcmdBrt=NaN, preBrt=NaN, lux=0.0, preLux=0.0, hbmMax=1.0, hbmMode=off, rbcStrength=50, thrmMax=1.0, powerFactor=1.0, wasShortTermModelActive=true, flags=, reason=screen_off, autoBrightness=true, strategy=ScreenOffBrightnessStrategy, autoBrightnessMode=default
03-02 23:21:34.414  1562  1708 I DisplayDeviceRepository: Display device changed state: "Built-in Screen", OFF
03-02 23:21:34.416  1562  1708 I Griffin/DeviceState: virtualDisplayPackageName :{}
03-02 23:21:34.420  1562  1706 I DisplayDevice: [0] Layerstack set to -1 for local:0
03-02 23:21:34.611  1562  1708 I Griffin/DeviceState: virtualDisplayPackageName :{}
03-02 23:21:34.627  1562  1769 I DisplayPowerController2[0]: set fast adjustment config false because of screen off/doze/doze_default
03-02 23:21:34.636  1562  2178 I Hiber/importantScene: isTrafficActive uid:10174 speed :0
03-02 23:21:34.637  1562  2178 I Hiber/appStateMachine: uid:10174 enter FrozenState
03-02 23:21:34.639  1562  2178 I Hiber/stateManager: freeze uid: 10174 com.transsion.phonemaster costTime=3ms ,last unfreeze 5s ago
03-02 23:21:34.641  1562  2179 I Hiber/hiber: msg for start proxy frozen state
03-02 23:21:34.644  1562  2179 I Hiber/proxyManager: p_service: 10174
03-02 23:21:34.644  1562  2179 I Hiber/proxyManager: p_job: 10174 pkgName=com.transsion.phonemaster which=2
03-02 23:21:34.645  1562  1706 E ApplicationHelper: Fail to get PackageManager
03-02 23:21:34.647  1562  2179 I Hiber/hiber: proxy alarm (uid=10174, pkgName=com.transsion.phonemaster)
03-02 23:21:34.647  1562  2179 I Hiber/proxyManager: p_alarm: uid=10174, pkgName=com.transsion.phonemaster
03-02 23:21:34.648  1562  2179 I Hiber/proxyManager: p_sensor: uid=10174, pkgName=com.transsion.phonemaster
03-02 23:21:34.734  1562  2181 I Hiber/nativeServiceClient: check binder uid=10270
03-02 23:21:34.747  1562  2180 I Hiber/stateManager: unfreeze uid: 10270 org.telegram.messenger pids:[13189]  reason:transBinder   cpninfo:TRANSACTION_1 costTime=11ms ,last freeze 1s ago
03-02 23:21:34.747  1562  2178 I Hiber/appStateMachine: uid=10270, pkg=org.telegram.messenger, transition from Frozen to Running, reason=transBinder
03-02 23:21:34.747  1562  2178 I Hiber/appStateMachine: uid:10270 exit FrozenState
03-02 23:21:34.748  1562  2179 I Hiber/proxyManager: up_service: 10270
03-02 23:21:34.748  1562  2179 I Hiber/proxyManager: un_job: 10270
03-02 23:21:34.748  1562  2179 I Hiber/proxyManager: up_sensor: uid=10270, pkgName=org.telegram.messenger
03-02 23:21:35.018  1562  1706 E ApplicationHelper: Fail to get PackageManager
03-02 23:21:35.641  1562  2181 I Hiber/nativeServiceClient: check binder uid=10174
03-02 23:21:36.021  1562  2178 I Hiber/importantScene: default_sms: packageName=com.google.android.apps.messaging
03-02 23:21:36.022  1562  2178 I Hiber/appStateMachine: uid:10274, pkg=com.google.android.apps.messaging  can't transition from R to F ,importantcase is : default_sms
03-02 23:21:36.578  1562  1687 I ActivityTaskManager: isControllerAMonkey mController = null,mControllerIsAMonkey = true, mTrueTime = 2026-03-02 19:36:25.977, mFalseTime = null
03-02 23:21:37.642  1562  2880 I Hiber/hiber: begin socketDestroy, mUid: 10174
03-02 23:21:37.646  1562  2880 I Hiber/hiber: clearDnsCache again!!!
03-02 23:21:37.677  1562  1687 W ContextImpl: Calling a method in the system process without a qualified user: android.app.ContextImpl.sendBroadcastMultiplePermissions:1342 android.content.Context.sendBroadcastMultiplePermissions:2524 com.android.server.TelephonyRegistry.broadcastServiceStateChanged:3701 com.android.server.TelephonyRegistry.notifyServiceStateForPhoneId:1763 com.android.internal.telephony.ITelephonyRegistry$Stub.onTransact:546 
03-02 23:21:37.681  1562  1687 W ContextImpl: Calling a method in the system process without a qualified user: android.app.ContextImpl.sendBroadcastMultiplePermissions:1382 com.android.server.TelephonyRegistry.broadcastServiceStateChanged:3706 com.android.server.TelephonyRegistry.notifyServiceStateForPhoneId:1763 com.android.internal.telephony.ITelephonyRegistry$Stub.onTransact:546 android.os.Binder.execTransactInternal:1534 
03-02 23:21:37.685  1562  1687 W ContextImpl: Calling a method in the system process without a qualified user: android.app.ContextImpl.sendBroadcastMultiplePermissions:1382 com.android.server.TelephonyRegistry.broadcastServiceStateChanged:3715 com.android.server.TelephonyRegistry.notifyServiceStateForPhoneId:1763 com.android.internal.telephony.ITelephonyRegistry$Stub.onTransact:546 android.os.Binder.execTransactInternal:1534 
03-02 23:21:37.688  1562  1687 W ContextImpl: Calling a method in the system process without a qualified user: android.app.ContextImpl.sendBroadcastMultiplePermissions:1382 com.android.server.TelephonyRegistry.broadcastServiceStateChanged:3721 com.android.server.TelephonyRegistry.notifyServiceStateForPhoneId:1763 com.android.internal.telephony.ITelephonyRegistry$Stub.onTransact:546 android.os.Binder.execTransactInternal:1534 
03-02 23:21:37.695  1562  1706 E ApplicationHelper: Fail to get PackageManager
03-02 23:21:37.757  1562  1687 W ContextImpl: Calling a method in the system process without a qualified user: android.app.ContextImpl.sendBroadcastMultiplePermissions:1342 android.content.Context.sendBroadcastMultiplePermissions:2524 com.android.server.TelephonyRegistry.broadcastServiceStateChanged:3701 com.android.server.TelephonyRegistry.notifyServiceStateForPhoneId:1763 com.android.internal.telephony.ITelephonyRegistry$Stub.onTransact:546 
03-02 23:21:37.759  1562  1687 W ContextImpl: Calling a method in the system process without a qualified user: android.app.ContextImpl.sendBroadcastMultiplePermissions:1382 com.android.server.TelephonyRegistry.broadcastServiceStateChanged:3706 com.android.server.TelephonyRegistry.notifyServiceStateForPhoneId:1763 com.android.internal.telephony.ITelephonyRegistry$Stub.onTransact:546 android.os.Binder.execTransactInternal:1534 
03-02 23:21:37.762  1562  1687 W ContextImpl: Calling a method in the system process without a qualified user: android.app.ContextImpl.sendBroadcastMultiplePermissions:1382 com.android.server.TelephonyRegistry.broadcastServiceStateChanged:3715 com.android.server.TelephonyRegistry.notifyServiceStateForPhoneId:1763 com.android.internal.telephony.ITelephonyRegistry$Stub.onTransact:546 android.os.Binder.execTransactInternal:1534 
03-02 23:21:37.764  1562  4049 I ActivityManager: Killing 28022:com.google.android.packageinstaller/u0a170 (adj 995): empty #49
03-02 23:21:37.768  1562  1706 E ApplicationHelper: Fail to get PackageManager
03-02 23:21:37.769  1562  1687 W ContextImpl: Calling a method in the system process without a qualified user: android.app.ContextImpl.sendBroadcastMultiplePermissions:1382 com.android.server.TelephonyRegistry.broadcastServiceStateChanged:3721 com.android.server.TelephonyRegistry.notifyServiceStateForPhoneId:1763 com.android.internal.telephony.ITelephonyRegistry$Stub.onTransact:546 android.os.Binder.execTransactInternal:1534 
03-02 23:21:37.775  1562  1706 E ApplicationHelper: Fail to get PackageManager
03-02 23:21:37.778  1562  1706 E ApplicationHelper: Fail to get PackageManager
03-02 23:21:37.813  1562  1708 W ActivityManager: setHasOverlayUi called on unknown pid: 28022
03-02 23:21:37.961  1562  1562 W NetworkTypeHelper: Failed to call buildTemplateCarrierMetered, java.lang.reflect.InvocationTargetException
03-02 23:21:37.962  1562  1562 W NetworkTypeHelper: Failed to call buildTemplateCarrierMetered, java.lang.reflect.InvocationTargetException
03-02 23:21:37.962  1562  1562 W NetworkTypeHelper: Failed to call buildTemplateCarrierMetered, java.lang.reflect.InvocationTargetException
03-02 23:21:37.962  1562  1562 W NetworkTypeHelper: Failed to call buildTemplateCarrierMetered, java.lang.reflect.InvocationTargetException
03-02 23:21:38.831  1562  1706 E ApplicationHelper: Fail to get PackageManager
03-02 23:21:38.832  1562  1706 E ApplicationHelper: Fail to get PackageManager
03-02 23:21:38.832  1562  1706 E ApplicationHelper: Fail to get PackageManager
03-02 23:21:38.832  1562  1706 E ApplicationHelper: Fail to get PackageManager
03-02 23:21:38.834  1562  2016 I MR2ServiceImpl: Updating composite discovery preference | preference: RouteDiscoveryRequest{ preferredFeatures={}, activeScan=false }, active routers: []
03-02 23:21:39.752  1562  2178 I Hiber/importantScene: isTrafficActive uid:10270 speed :0
03-02 23:21:39.752  1562  2178 I Hiber/appStateMachine: uid:10270 enter FrozenState
03-02 23:21:39.754  1562  2178 I Hiber/stateManager: freeze uid: 10270 org.telegram.messenger costTime=1ms ,last unfreeze 5s ago
03-02 23:21:39.754  1562  2178 I Hiber/restrictionPolicy: uid:10270  pkgName:org.telegram.messenger isAllowedNet
03-02 23:21:39.755  1562  2181 I Hiber/nativeServiceClient: watch app network uid=10270, persistent=0
03-02 23:21:39.755  1562  2179 I Hiber/hiber: msg for start proxy frozen state
03-02 23:21:39.755  1562  2179 I Hiber/proxyManager: p_service: 10270
03-02 23:21:39.755  1562  2179 I Hiber/proxyManager: p_job: 10270 pkgName=org.telegram.messenger which=2
03-02 23:21:39.755  1562  2179 I Hiber/hiber: proxy alarm (uid=10270, pkgName=org.telegram.messenger)
03-02 23:21:39.755  1562  2179 I Hiber/proxyManager: p_alarm: uid=10270, pkgName=org.telegram.messenger
03-02 23:21:39.755  1562  2179 I Hiber/proxyManager: p_sensor: uid=10270, pkgName=org.telegram.messenger
03-02 23:21:39.756  1562  1706 E ApplicationHelper: Fail to get PackageManager
03-02 23:21:39.903  1562 12336 W BackupManagerService: [UserID:0] Timeout waiting for agent ApplicationInfo{52c63e5 com.whatsapp}
03-02 23:21:39.904  1562 12336 I BackupManagerService: [UserID:0] got agent null
03-02 23:21:39.905  1562 12336 W ActivityManager: Unbinding backup agent with no active backup
03-02 23:21:39.944  1562 12336 I BackupManagerService: [UserID:0] got agent android.app.IBackupAgent$Stub$Proxy@96f831f
03-02 23:21:39.989  1562 12336 I BackupRestoreController: Getting widget state for user: 0
03-02 23:21:40.009  1562  1904 W JobScheduler.Concurrency: Had fewer than 16 in existence
03-02 23:21:40.009  1562  1706 E ApplicationHelper: Fail to get PackageManager
03-02 23:21:40.010  1562  1904 W JobScheduler.Concurrency: Had fewer than 16 in existence
03-02 23:21:40.014  1562  1904 I tranpm/ServicePolicy: isBlockHsB1 true
03-02 23:21:40.014  1562  1904 I tranpm/ServicePolicy: limitBindServiceLocked by hs&job - cold: callingPackage = android, targetPkg = com.transsnet.store
03-02 23:21:40.015  1562  1904 W ActivityManager: Unbind failed: could not find connection for android.app.LoadedApk$ServiceDispatcher$InnerConnection@9214c2a
03-02 23:21:40.015  1562  1904 E JobScheduler.Concurrency: Error executing JobStatus{4dc6cec #u0a112/123 com.transsnet.store/com.transsion.playautoinstall.services.PlayAutoInstallJobService u=0 s=10112 TIME=-15m45s360ms:-45s360ms NET PERSISTED READY}
03-02 23:21:40.019  1562  1904 I tranpm/ServicePolicy: isBlockHsB1 true
03-02 23:21:40.019  1562  1904 I tranpm/ServicePolicy: limitBindServiceLocked by hs&job - cold: callingPackage = android, targetPkg = com.connecto
03-02 23:21:40.020  1562  1904 W ActivityManager: Unbind failed: could not find connection for android.app.LoadedApk$ServiceDispatcher$InnerConnection@e997b8
03-02 23:21:40.021  1562  1904 E JobScheduler.Concurrency: Error executing JobStatus{ec69354 #u0a302/-1806946920 com.connecto/com.google.android.datatransport.runtime.scheduling.jobscheduling.JobInfoSchedulerService u=0 s=10302 TIME=-17m10s336ms:none NET READY}
03-02 23:21:40.029  1562  1740 I ActivityManager: Start proc 13370:com.google.android.documentsui/u0a63 for backup {com.google.android.documentsui/com.android.documentsui.prefs.BackupAgent}
03-02 23:21:40.064  1562  1706 E ApplicationHelper: Fail to get PackageManager
03-02 23:21:40.157  1562  1706 E ApplicationHelper: Fail to get PackageManager
03-02 23:21:40.165  1562 12336 I BackupManagerService: [UserID:0] got agent android.app.IBackupAgent$Stub$Proxy@572278a
03-02 23:21:40.186  1562 12336 I BackupRestoreController: Getting widget state for user: 0
03-02 23:21:40.194  1562  1706 E ApplicationHelper: Fail to get PackageManager
03-02 23:21:40.203  1562  1740 I ActivityManager: Start proc 13399:com.google.android.apps.docs/u0a261 for content provider {com.google.android.apps.docs/com.google.android.apps.docs.common.storagebackend.StorageBackendContentProvider}
03-02 23:21:40.210  1562 12336 I BackupManagerService: [UserID:0] got agent android.app.IBackupAgent$Stub$Proxy@3add06
03-02 23:21:40.237  1562  1706 E ApplicationHelper: Fail to get PackageManager
03-02 23:21:40.239  1562  2178 I Hiber/appStateMachine: uid:10261 enter RunningState
03-02 23:21:40.419  1562  1706 E ApplicationHelper: Fail to get PackageManager
03-02 23:21:40.420  1562  1706 E ApplicationHelper: Fail to get PackageManager
03-02 23:21:40.464  1562 12336 I BackupRestoreController: Getting widget state for user: 0
03-02 23:21:40.474  1562  1706 E ApplicationHelper: Fail to get PackageManager
03-02 23:21:40.479  1562  1706 E ApplicationHelper: Fail to get PackageManager
03-02 23:21:40.479  1562  1706 E ApplicationHelper: Fail to get PackageManager
03-02 23:21:40.499  1562  1904 W JobScheduler.Concurrency: Had fewer than 16 in existence
03-02 23:21:40.501  1562  1904 W JobScheduler.Concurrency: Had fewer than 16 in existence
03-02 23:21:40.505  1562  1904 I tranpm/ServicePolicy: isBlockHsB1 true
03-02 23:21:40.505  1562  1904 I tranpm/ServicePolicy: limitBindServiceLocked by hs&job - cold: callingPackage = android, targetPkg = com.transsnet.store
03-02 23:21:40.505  1562  1904 W ActivityManager: Unbind failed: could not find connection for android.app.LoadedApk$ServiceDispatcher$InnerConnection@de5b89d
03-02 23:21:40.506  1562  1904 E JobScheduler.Concurrency: Error executing JobStatus{4dc6cec #u0a112/123 com.transsnet.store/com.transsion.playautoinstall.services.PlayAutoInstallJobService u=0 s=10112 TIME=-15m45s851ms:-45s851ms NET PERSISTED READY}
03-02 23:21:40.509  1562  1904 I tranpm/ServicePolicy: isBlockHsB1 true
03-02 23:21:40.509  1562  1904 I tranpm/ServicePolicy: limitBindServiceLocked by hs&job - cold: callingPackage = android, targetPkg = com.connecto
03-02 23:21:40.509  1562  1904 W ActivityManager: Unbind failed: could not find connection for android.app.LoadedApk$ServiceDispatcher$InnerConnection@2ea4199
03-02 23:21:40.510  1562  1904 E JobScheduler.Concurrency: Error executing JobStatus{ec69354 #u0a302/-1806946920 com.connecto/com.google.android.datatransport.runtime.scheduling.jobscheduling.JobInfoSchedulerService u=0 s=10302 TIME=-17m10s826ms:none NET READY}
03-02 23:21:40.515  1562  1706 E ApplicationHelper: Fail to get PackageManager
03-02 23:21:40.518  1562  2178 I Hiber/appStateMachine: uid:10102 enter RunningState
03-02 23:21:40.539  1562  1706 E ApplicationHelper: Fail to get PackageManager
03-02 23:21:40.542  1562  1706 E ApplicationHelper: Fail to get PackageManager
03-02 23:21:40.543  1562  1740 I ActivityManager: Start proc 13456:com.google.android.apps.nbu.files/u0a102 for backup {com.google.android.apps.nbu.files/com.google.android.apps.nbu.files.backup.FilesBackupAgent}
03-02 23:21:40.549  1562  1706 E ApplicationHelper: Fail to get PackageManager
03-02 23:21:40.550  1562  1706 E ApplicationHelper: Fail to get PackageManager
03-02 23:21:40.571  1562  1706 E ApplicationHelper: Fail to get PackageManager
03-02 23:21:40.571  1562  1706 E ApplicationHelper: Fail to get PackageManager
03-02 23:21:40.574  1562  1706 E ApplicationHelper: Fail to get PackageManager
03-02 23:21:40.575  1562  1706 E ApplicationHelper: Fail to get PackageManager
03-02 23:21:40.576  1562  1706 E ApplicationHelper: Fail to get PackageManager
03-02 23:21:40.596  1562  1706 E ApplicationHelper: Fail to get PackageManager
03-02 23:21:40.596  1562  1706 E ApplicationHelper: Fail to get PackageManager
03-02 23:21:40.606  1562  1706 E ApplicationHelper: Fail to get PackageManager
03-02 23:21:40.606  1562  1706 E ApplicationHelper: Fail to get PackageManager
03-02 23:21:40.744  1562  1706 E ApplicationHelper: Fail to get PackageManager
03-02 23:21:40.744  1562  1706 E ApplicationHelper: Fail to get PackageManager
03-02 23:21:40.756  1562  2181 I Hiber/nativeServiceClient: check binder uid=10270
03-02 23:21:40.793  1562  1706 E ApplicationHelper: Fail to get PackageManager
03-02 23:21:40.793  1562  1706 E ApplicationHelper: Fail to get PackageManager
03-02 23:21:40.793  1562  1706 E ApplicationHelper: Fail to get PackageManager
03-02 23:21:40.818  1562  1706 E ApplicationHelper: Fail to get PackageManager
03-02 23:21:40.818  1562  1706 E ApplicationHelper: Fail to get PackageManager
03-02 23:21:40.823  1562  1706 E ApplicationHelper: Fail to get PackageManager
03-02 23:21:40.823  1562  1706 E ApplicationHelper: Fail to get PackageManager
03-02 23:21:40.837  1562 12336 I BackupManagerService: [UserID:0] got agent android.app.IBackupAgent$Stub$Proxy@13e2875
03-02 23:21:40.883  1562 12336 I BackupRestoreController: Getting widget state for user: 0
03-02 23:21:40.885  1562  1706 E ApplicationHelper: Fail to get PackageManager
03-02 23:21:40.885  1562  1706 E ApplicationHelper: Fail to get PackageManager
03-02 23:21:40.890  1562  1706 E ApplicationHelper: Fail to get PackageManager
03-02 23:21:40.890  1562  1706 E ApplicationHelper: Fail to get PackageManager
03-02 23:21:40.893  1562  1706 E ApplicationHelper: Fail to get PackageManager
03-02 23:21:40.895  1562  1706 E ApplicationHelper: Fail to get PackageManager
03-02 23:21:40.895  1562  1706 E ApplicationHelper: Fail to get PackageManager
03-02 23:21:41.426  1562  1800 I AppsFilter: interaction: PackageSetting{edf6820 com.android.microdroid.empty_payload/10235} -> PackageSetting{885a1d1 com.google.android.apps.docs/10261} BLOCKED
03-02 23:21:41.427  1562  1800 I AppsFilter: interaction: PackageSetting{6610b9e com.xmartyclasses.app/10285} -> PackageSetting{885a1d1 com.google.android.apps.docs/10261} BLOCKED
03-02 23:21:41.484  1562  1904 W JobScheduler.Concurrency: Had fewer than 16 in existence
03-02 23:21:41.485  1562  1904 W JobScheduler.Concurrency: Had fewer than 16 in existence
03-02 23:21:41.495  1562  1706 E ApplicationHelper: Fail to get PackageManager
03-02 23:21:41.505  1562  1562 I Griffin/StateProvider: Package changed: android.intent.action.PACKAGE_CHANGED, pkg = com.google.android.apps.docs
03-02 23:21:41.519  1562  1706 E ApplicationHelper: Fail to get PackageManager
03-02 23:21:41.529  1562  1706 E ApplicationHelper: Fail to get PackageManager
03-02 23:21:41.537  1562  1706 E ApplicationHelper: Fail to get PackageManager
03-02 23:21:41.543  1562  3502 W AppOpService: Ignored setUidMode call for runtime permission app op: uid = 10274, code = READ_CELL_BROADCASTS, mode = allow, callingUid = 1001, oldMode = allow
03-02 23:21:41.574  1562  1717 W AccessibilitySecurityPolicy: Skipping accessibility service com.justdial.search/.chat.CallNotificationService: it does not require the permission android.permission.BIND_ACCESSIBILITY_SERVICE
03-02 23:21:41.577  1562  3830 W AppOpService: Ignored setUidMode call for runtime permission app op: uid = 1001, code = READ_SMS, mode = allow, callingUid = 1001, oldMode = allow
03-02 23:21:41.578  1562  2326 I os.permission: Grant permission: android.permission.SYSTEM_ALERT_WINDOW to uid: 10161
03-02 23:21:41.580  1562  3830 W AppOpService: Ignored setUidMode call for runtime permission app op: uid = 1001, code = RECEIVE_SMS, mode = allow, callingUid = 1001, oldMode = allow
03-02 23:21:41.582  1562  3502 W AppOpService: Ignored setUidMode call for runtime permission app op: uid = 1001, code = RECEIVE_WAP_PUSH, mode = allow, callingUid = 1001, oldMode = allow
03-02 23:21:41.583  1562  1706 E ApplicationHelper: Fail to get PackageManager
03-02 23:21:41.583  1562  3502 W AppOpService: Ignored setUidMode call for runtime permission app op: uid = 1001, code = SEND_SMS, mode = allow, callingUid = 1001, oldMode = allow
03-02 23:21:41.584  1562  3502 W AppOpService: Ignored setUidMode call for runtime permission app op: uid = 1001, code = READ_CELL_BROADCASTS, mode = allow, callingUid = 1001, oldMode = allow
03-02 23:21:41.605  1562  1706 E ApplicationHelper: Fail to get PackageManager
03-02 23:21:41.606  1562  2816 W JobScheduler: Job didn't exist in JobStore: d8842a1 #u0a161/555 com.transsion.plat.appupdate/com.transsion.appupdate.service.AppUpdateJobService
03-02 23:21:41.610  1562  1717 W MagnificationConnectionManager: requestConnection duplicated request: connect=false, mConnectionState=DISCONNECTED
03-02 23:21:41.616  1562  1706 E ApplicationHelper: Fail to get PackageManager
03-02 23:21:41.624  1562  1706 E ApplicationHelper: Fail to get PackageManager
03-02 23:21:41.647  1562  1705 I os.permission: Grant permission: android.permission.ACCESS_SHORTCUTS to uid: 10185
03-02 23:21:41.743  1562  3502 I os.permission: Grant permission: android.permission.BIND_APPWIDGET to uid: 10185
03-02 23:21:41.963  1562  1706 E ApplicationHelper: Fail to get PackageManager
03-02 23:21:41.963  1562  1706 E ApplicationHelper: Fail to get PackageManager
03-02 23:21:41.975  1562  1706 E ApplicationHelper: Fail to get PackageManager
03-02 23:21:41.975  1562  1706 E ApplicationHelper: Fail to get PackageManager
03-02 23:21:42.031  1562  1706 E ApplicationHelper: Fail to get PackageManager
03-02 23:21:42.031  1562  1706 E ApplicationHelper: Fail to get PackageManager
03-02 23:21:42.032  1562  1706 E ApplicationHelper: Fail to get PackageManager
03-02 23:21:42.037  2197  2515 I ApplicationPackageManager: color1 =0,color2 =0,bgColor =0
03-02 23:21:42.037  2197  2515 I ApplicationPackageManager: dr is not VectorDrawable,so we do nothing !
03-02 23:21:42.041  1562  1706 E ApplicationHelper: Fail to get PackageManager
03-02 23:21:42.041  1562  1706 E ApplicationHelper: Fail to get PackageManager
03-02 23:21:42.041  1562  1706 E ApplicationHelper: Fail to get PackageManager
03-02 23:21:42.083  1562  1706 E ApplicationHelper: Fail to get PackageManager
03-02 23:21:42.084  1562  1706 E ApplicationHelper: Fail to get PackageManager
03-02 23:21:42.084  1562  1706 E ApplicationHelper: Fail to get PackageManager
03-02 23:21:42.088  1562  1706 E ApplicationHelper: Fail to get PackageManager
03-02 23:21:42.089  1562  1706 E ApplicationHelper: Fail to get PackageManager
03-02 23:21:42.091  1562  1706 E ApplicationHelper: Fail to get PackageManager
03-02 23:21:42.339  1562  1706 E ApplicationHelper: Fail to get PackageManager
03-02 23:21:42.339  1562  1706 E ApplicationHelper: Fail to get PackageManager
03-02 23:21:42.339  1562  1706 E ApplicationHelper: Fail to get PackageManager
03-02 23:21:42.344  1562  1706 E ApplicationHelper: Fail to get PackageManager
03-02 23:21:42.344  1562  1706 E ApplicationHelper: Fail to get PackageManager
03-02 23:21:42.344  1562  1706 E ApplicationHelper: Fail to get PackageManager
03-02 23:21:42.437  1562  1706 E ApplicationHelper: Fail to get PackageManager
03-02 23:21:42.437  1562  1706 E ApplicationHelper: Fail to get PackageManager
03-02 23:21:42.437  1562  1706 E ApplicationHelper: Fail to get PackageManager
03-02 23:21:42.439  1562  1706 E ApplicationHelper: Fail to get PackageManager
03-02 23:21:42.440  1562  1706 E ApplicationHelper: Fail to get PackageManager
03-02 23:21:42.440  1562  1706 E ApplicationHelper: Fail to get PackageManager
03-02 23:21:43.170   644 12935 I keystore2: system/security/keystore2/watchdog/src/lib.rs:319 - Watchdog thread idle -> terminating. Have a great day.
03-02 23:21:44.394 13128 13128 W ContextImpl: Calling a method in the system process without a qualified user: android.app.ContextImpl.stopService:2113 android.content.ContextWrapper.stopService:858 a4.e$g.handleMessage:280 android.os.Handler.dispatchMessage:107 android.os.Looper.loopOnce:311 
03-02 23:21:44.396  1562  4049 W ForegroundServiceTypeLoggerModule: FGS stop call for: 1000 has no types!
03-02 23:21:44.401  1562  1706 E ApplicationHelper: Fail to get PackageManager
03-02 23:21:44.450  1562  2326 I WindowManager: WIN DEATH: Window{bc76e5b u0 com.transsion.microintelligence}
03-02 23:21:44.451  1562  4049 I ActivityManager: Process com.transsion.keyguardgesture (pid 13128) has died: fg  SVC 
03-02 23:21:44.451  1562  4049 I ActivityManager: need getLruProcesses
03-02 23:21:44.459  1562  1708 W ActivityManager: setHasOverlayUi called on unknown pid: 13128
03-02 23:21:45.244  1562  2178 I Hiber/importantScene: isTrafficActive uid:10261 speed :0
03-02 23:21:45.245  1562  2178 I Hiber/appStateMachine: uid:10261 enter FrozenState
03-02 23:21:45.247  1562  2178 I Hiber/stateManager: freeze uid: 10261 com.google.android.apps.docs costTime=2ms ,last unfreeze 3222s ago
03-02 23:21:45.248  1562  2179 I Hiber/hiber: msg for start proxy frozen state
03-02 23:21:45.248  1562  2179 I Hiber/proxyManager: p_service: 10261
03-02 23:21:45.248  1562  2179 I Hiber/proxyManager: p_job: 10261 pkgName=com.google.android.apps.docs which=2
03-02 23:21:45.248  1562  2179 I Hiber/hiber: proxy alarm (uid=10261, pkgName=com.google.android.apps.docs)
03-02 23:21:45.248  1562  2179 I Hiber/proxyManager: p_alarm: uid=10261, pkgName=com.google.android.apps.docs
03-02 23:21:45.248  1562  2179 I Hiber/proxyManager: p_sensor: uid=10261, pkgName=com.google.android.apps.docs
03-02 23:21:45.248  1562  1706 E ApplicationHelper: Fail to get PackageManager
03-02 23:21:45.520  1562  2178 I Hiber/importantScene: isTrafficActive uid:10102 speed :0
03-02 23:21:45.520  1562  2178 I Hiber/appStateMachine: uid:10102 enter FrozenState
03-02 23:21:45.521  1562  2178 I Hiber/stateManager: freeze uid: 10102 com.google.android.apps.nbu.files costTime=2ms ,last unfreeze 7171s ago
03-02 23:21:45.522  1562  2179 I Hiber/hiber: msg for start proxy frozen state
03-02 23:21:45.522  1562  2179 I Hiber/proxyManager: p_service: 10102
03-02 23:21:45.522  1562  2179 I Hiber/proxyManager: p_job: 10102 pkgName=com.google.android.apps.nbu.files which=2
03-02 23:21:45.522  1562  2179 I Hiber/hiber: proxy alarm (uid=10102, pkgName=com.google.android.apps.nbu.files)
03-02 23:21:45.522  1562  2179 I Hiber/proxyManager: p_alarm: uid=10102, pkgName=com.google.android.apps.nbu.files
03-02 23:21:45.523  1562  2179 I Hiber/proxyManager: p_sensor: uid=10102, pkgName=com.google.android.apps.nbu.files
03-02 23:21:45.523  1562  1706 E ApplicationHelper: Fail to get PackageManager
03-02 23:21:45.780  1562  2004 I TranHBMManagerService: processValuesLocked normal temperature=388,Threshold=410
03-02 23:21:45.780  1562  2004 I TranHBMComponentImpl: updateBatteryLevel:91
03-02 23:21:45.877  1562  1706 E ApplicationHelper: Fail to get PackageManager
03-02 23:21:45.894  1562  1706 E ApplicationHelper: Fail to get PackageManager
03-02 23:21:46.023  1562  2178 I Hiber/importantScene: default_sms: packageName=com.google.android.apps.messaging
03-02 23:21:46.023  1562  2178 I Hiber/appStateMachine: uid:10274, pkg=com.google.android.apps.messaging  can't transition from R to F ,importantcase is : default_sms
03-02 23:21:46.249  1562  2181 I Hiber/nativeServiceClient: check binder uid=10261
