03-02 23:21:46.285  1562  2004 I TranHBMManagerService: processValuesLocked normal temperature=389,Threshold=410
03-02 23:21:46.285  1562  2004 I TranHBMComponentImpl: updateBatteryLevel:91
03-02 23:21:46.316  1562  2004 I TranHBMManagerService: processValuesLocked normal temperature=390,Threshold=410
03-02 23:21:46.316  1562  2004 I TranHBMComponentImpl: updateBatteryLevel:91
03-02 23:21:46.522  1562  2181 I Hiber/nativeServiceClient: check binder uid=10102
03-02 23:21:46.568  1562  1706 E ApplicationHelper: Fail to get PackageManager
03-02 23:21:47.375  1562  1706 E ApplicationHelper: Fail to get PackageManager
03-02 23:21:47.463  1562  1706 E ApplicationHelper: Fail to get PackageManager
03-02 23:21:47.463  1562  1706 E ApplicationHelper: Fail to get PackageManager
03-02 23:21:47.463  1562  1706 E ApplicationHelper: Fail to get PackageManager
03-02 23:21:47.471  1562  1706 E ApplicationHelper: Fail to get PackageManager
03-02 23:21:47.471  1562  1706 E ApplicationHelper: Fail to get PackageManager
03-02 23:21:47.471  1562  1706 E ApplicationHelper: Fail to get PackageManager
03-02 23:21:47.525  1562  1706 E ApplicationHelper: Fail to get PackageManager
03-02 23:21:47.525  1562  1706 E ApplicationHelper: Fail to get PackageManager
03-02 23:21:47.525  1562  1706 E ApplicationHelper: Fail to get PackageManager
03-02 23:21:47.527  1562  1706 E ApplicationHelper: Fail to get PackageManager
03-02 23:21:47.528  1562  1706 E ApplicationHelper: Fail to get PackageManager
03-02 23:21:47.528  1562  1706 E ApplicationHelper: Fail to get PackageManager
03-02 23:21:47.569  1562  1706 E ApplicationHelper: Fail to get PackageManager
03-02 23:21:47.569  1562  1706 E ApplicationHelper: Fail to get PackageManager
03-02 23:21:47.569  1562  1706 E ApplicationHelper: Fail to get PackageManager
03-02 23:21:47.575  1562  1706 E ApplicationHelper: Fail to get PackageManager
03-02 23:21:47.575  1562  1706 E ApplicationHelper: Fail to get PackageManager
03-02 23:21:47.575  1562  1706 E ApplicationHelper: Fail to get PackageManager
03-02 23:21:47.766  1562  2326 W ProcessStats: Tracking association SourceState{ecf855 com.sh.smart.caller/10175 Top #167825} whose proc state 1 is better than process ProcessState{c5fa8f9 android.process.acore/10054 pkg=com.android.providers.contacts (sub)} proc state 8 (17 skipped)
03-02 23:21:47.923  1562  1706 E ApplicationHelper: Fail to get PackageManager
03-02 23:21:47.924  1562  1706 E ApplicationHelper: Fail to get PackageManager
03-02 23:21:47.924  1562  1706 E ApplicationHelper: Fail to get PackageManager
03-02 23:21:47.926  1562  1706 E ApplicationHelper: Fail to get PackageManager
03-02 23:21:47.927  1562  1706 E ApplicationHelper: Fail to get PackageManager
03-02 23:21:47.927  1562  1706 E ApplicationHelper: Fail to get PackageManager
03-02 23:21:48.009  1562  1706 E ApplicationHelper: Fail to get PackageManager
03-02 23:21:48.010  1562  1706 E ApplicationHelper: Fail to get PackageManager
03-02 23:21:48.010  1562  1706 E ApplicationHelper: Fail to get PackageManager
03-02 23:21:48.014  1562  1706 E ApplicationHelper: Fail to get PackageManager
03-02 23:21:48.014  1562  1706 E ApplicationHelper: Fail to get PackageManager
03-02 23:21:48.014  1562  1706 E ApplicationHelper: Fail to get PackageManager
03-02 23:21:48.080  1562  1706 E ApplicationHelper: Fail to get PackageManager
03-02 23:21:48.081  1562  1706 E ApplicationHelper: Fail to get PackageManager
03-02 23:21:48.081  1562  1706 E ApplicationHelper: Fail to get PackageManager
03-02 23:21:48.083  1562  1706 E ApplicationHelper: Fail to get PackageManager
03-02 23:21:48.084  1562  1706 E ApplicationHelper: Fail to get PackageManager
03-02 23:21:48.084  1562  1706 E ApplicationHelper: Fail to get PackageManager
03-02 23:21:48.249  1562  2880 I Hiber/hiber: begin socketDestroy, mUid: 10261
03-02 23:21:48.254  1562  2880 I Hiber/hiber: clearDnsCache again!!!
03-02 23:21:48.523  1562  2880 I Hiber/hiber: begin socketDestroy, mUid: 10102
03-02 23:21:48.526  1562  2880 I Hiber/hiber: clearDnsCache again!!!
03-02 23:21:49.551  1562  4049 W ContextImpl: Calling a method in the system process without a qualified user: android.app.ContextImpl.sendBroadcastMultiplePermissions:1342 android.content.Context.sendBroadcastMultiplePermissions:2524 com.android.server.TelephonyRegistry.broadcastServiceStateChanged:3701 com.android.server.TelephonyRegistry.notifyServiceStateForPhoneId:1763 com.android.internal.telephony.ITelephonyRegistry$Stub.onTransact:546 
03-02 23:21:49.553  1562  4049 W ContextImpl: Calling a method in the system process without a qualified user: android.app.ContextImpl.sendBroadcastMultiplePermissions:1382 com.android.server.TelephonyRegistry.broadcastServiceStateChanged:3706 com.android.server.TelephonyRegistry.notifyServiceStateForPhoneId:1763 com.android.internal.telephony.ITelephonyRegistry$Stub.onTransact:546 android.os.Binder.execTransactInternal:1534 
03-02 23:21:49.556  1562  4049 W ContextImpl: Calling a method in the system process without a qualified user: android.app.ContextImpl.sendBroadcastMultiplePermissions:1382 com.android.server.TelephonyRegistry.broadcastServiceStateChanged:3715 com.android.server.TelephonyRegistry.notifyServiceStateForPhoneId:1763 com.android.internal.telephony.ITelephonyRegistry$Stub.onTransact:546 android.os.Binder.execTransactInternal:1534 
03-02 23:21:49.559  1562  4049 W ContextImpl: Calling a method in the system process without a qualified user: android.app.ContextImpl.sendBroadcastMultiplePermissions:1382 com.android.server.TelephonyRegistry.broadcastServiceStateChanged:3721 com.android.server.TelephonyRegistry.notifyServiceStateForPhoneId:1763 com.android.internal.telephony.ITelephonyRegistry$Stub.onTransact:546 android.os.Binder.execTransactInternal:1534 
03-02 23:21:49.566  1562  1706 E ApplicationHelper: Fail to get PackageManager
03-02 23:21:49.569  1562  1706 E ApplicationHelper: Fail to get PackageManager
03-02 23:21:50.502  1562  1706 E ApplicationHelper: Fail to get PackageManager
03-02 23:21:50.504  1562  2180 I Hiber/hiber: unfreeze syncBinder (type=1,callerPid=13370,callerUid=10063,targetPid=13399,targetUid=10261), rpcName: SYNC_BINDER, code: -1
03-02 23:21:50.507  1562  2180 I Hiber/stateManager: unfreeze uid: 10261 com.google.android.apps.docs pids:[13399]  reason:syncBinder   cpninfo:TRANSACTION_-1 costTime=2ms ,last freeze 5s ago
03-02 23:21:50.507  1562  2178 I Hiber/appStateMachine: uid=10261, pkg=com.google.android.apps.docs, transition from Frozen to Running, reason=syncBinder
03-02 23:21:50.507  1562  2178 I Hiber/appStateMachine: uid:10261 exit FrozenState
03-02 23:21:50.507  1562  2179 I Hiber/proxyManager: up_service: 10261
03-02 23:21:50.507  1562  2179 I Hiber/proxyManager: un_job: 10261
03-02 23:21:50.507  1562  2179 I Hiber/proxyManager: up_sensor: uid=10261, pkgName=com.google.android.apps.docs
03-02 23:21:50.532  1562  3828 I ActivityTaskManager: isControllerAMonkey mController = null,mControllerIsAMonkey = true, mTrueTime = 2026-03-02 19:36:25.977, mFalseTime = null
03-02 23:21:50.848  1562  2178 I Hiber/importantScene: isTrafficActive uid:10203 speed :0
03-02 23:21:50.849  1562  2178 I Hiber/appStateMachine: uid:10203 enter FrozenState
03-02 23:21:50.850  1562  2178 I Hiber/stateManager: freeze uid: 10203 com.transsion.iotcard costTime=1ms ,last unfreeze 65s ago
03-02 23:21:50.850  1562  2179 I Hiber/hiber: msg for start proxy frozen state
03-02 23:21:50.851  1562  2179 I Hiber/proxyManager: p_service: 10203
03-02 23:21:50.851  1562  2179 I Hiber/proxyManager: p_job: 10203 pkgName=com.transsion.iotcard which=2
03-02 23:21:50.851  1562  2179 I Hiber/hiber: proxy alarm (uid=10203, pkgName=com.transsion.iotcard)
03-02 23:21:50.851  1562  2179 I Hiber/proxyManager: p_alarm: uid=10203, pkgName=com.transsion.iotcard
03-02 23:21:50.851  1562  2179 I Hiber/proxyManager: p_sensor: uid=10203, pkgName=com.transsion.iotcard
03-02 23:21:50.894  1562 12336 W BackupManagerService: [UserID:0] Timeout waiting for agent ApplicationInfo{66b18e5 com.android.chrome}
03-02 23:21:50.895  1562 12336 I BackupManagerService: [UserID:0] got agent null
03-02 23:21:50.895  1562 12336 W ActivityManager: Unbinding backup agent with no active backup
03-02 23:21:50.902  1562  1706 E ApplicationHelper: Fail to get PackageManager
03-02 23:21:51.637  1562  1706 E ApplicationHelper: Fail to get PackageManager
03-02 23:21:51.639  1562  1706 E ApplicationHelper: Fail to get PackageManager
03-02 23:21:51.851  1562  2181 I Hiber/nativeServiceClient: check binder uid=10203
03-02 23:21:52.703  1562  1706 E ApplicationHelper: Fail to get PackageManager
03-02 23:21:53.111  1562  1706 E ApplicationHelper: Fail to get PackageManager
03-02 23:21:53.852  1562  2880 I Hiber/hiber: begin socketDestroy, mUid: 10203
03-02 23:21:53.855  1562  2880 I Hiber/hiber: clearDnsCache again!!!
03-02 23:21:55.511  1562  2178 I Hiber/importantScene: isTrafficActive uid:10261 speed :0
03-02 23:21:55.511  1562  2178 I Hiber/appStateMachine: uid:10261 enter FrozenState
03-02 23:21:55.514  1562  2178 I Hiber/stateManager: freeze uid: 10261 com.google.android.apps.docs costTime=3ms ,last unfreeze 5s ago
03-02 23:21:55.514  1562  2179 I Hiber/hiber: msg for start proxy frozen state
03-02 23:21:55.515  1562  2179 I Hiber/proxyManager: p_service: 10261
03-02 23:21:55.515  1562  2179 I Hiber/proxyManager: p_job: 10261 pkgName=com.google.android.apps.docs which=2
03-02 23:21:55.515  1562  2179 I Hiber/hiber: proxy alarm (uid=10261, pkgName=com.google.android.apps.docs)
03-02 23:21:55.515  1562  2179 I Hiber/proxyManager: p_alarm: uid=10261, pkgName=com.google.android.apps.docs
03-02 23:21:55.515  1562  1706 E ApplicationHelper: Fail to get PackageManager
03-02 23:21:55.515  1562  2179 I Hiber/proxyManager: p_sensor: uid=10261, pkgName=com.google.android.apps.docs
03-02 23:21:56.151  1562  1706 E ApplicationHelper: Fail to get PackageManager
03-02 23:21:56.151  1562  1706 E ApplicationHelper: Fail to get PackageManager
03-02 23:21:56.152  1562  1706 E ApplicationHelper: Fail to get PackageManager
03-02 23:21:56.152  1562  1706 E ApplicationHelper: Fail to get PackageManager
03-02 23:21:56.154  1562  1706 E ApplicationHelper: Fail to get PackageManager
03-02 23:21:56.154  1562  1706 E ApplicationHelper: Fail to get PackageManager
03-02 23:21:56.155  1562  1706 E ApplicationHelper: Fail to get PackageManager
03-02 23:21:56.155  1562  1706 E ApplicationHelper: Fail to get PackageManager
03-02 23:21:56.515  1562  2181 I Hiber/nativeServiceClient: check binder uid=10261
03-02 23:21:56.522  1562  1706 E ApplicationHelper: Fail to get PackageManager
03-02 23:21:58.517  1562  2880 I Hiber/hiber: begin socketDestroy, mUid: 10261
03-02 23:21:58.521  1562  2880 I Hiber/hiber: clearDnsCache again!!!
03-02 23:21:59.820  1562  1706 E ApplicationHelper: Fail to get PackageManager
03-02 23:21:59.820  1562  1706 E ApplicationHelper: Fail to get PackageManager
03-02 23:21:59.820  1562  1706 E ApplicationHelper: Fail to get PackageManager
03-02 23:21:59.835  1562  1706 E ApplicationHelper: Fail to get PackageManager
03-02 23:21:59.835  1562  1706 E ApplicationHelper: Fail to get PackageManager
03-02 23:21:59.835  1562  1706 E ApplicationHelper: Fail to get PackageManager
03-02 23:21:59.926  1562  1706 E ApplicationHelper: Fail to get PackageManager
03-02 23:21:59.935  1562  1706 E ApplicationHelper: Fail to get PackageManager
03-02 23:21:59.945  1562  1706 E ApplicationHelper: Fail to get PackageManager
03-02 23:21:59.947  1562  1706 E ApplicationHelper: Fail to get PackageManager
03-02 23:22:00.904  1562 12336 W BackupManagerService: [UserID:0] Timeout waiting for agent ApplicationInfo{64b4e3a com.google.android.apps.photos}
03-02 23:22:00.904  1562 12336 I BackupManagerService: [UserID:0] got agent null
03-02 23:22:00.906  1562 12336 W ActivityManager: Unbinding backup agent with no active backup
03-02 23:22:00.917  1562 12336 W ProcessStats: Tracking association SourceState{ecf855 com.sh.smart.caller/10175 Top #167865} whose proc state 1 is better than process ProcessState{c5fa8f9 android.process.acore/10054 pkg=com.android.providers.contacts (sub)} proc state 6 (9 skipped)
03-02 23:22:00.934  1562 12336 I BackupManagerService: [UserID:0] got agent android.app.IBackupAgent$Stub$Proxy@40d3a8e
03-02 23:22:00.992  1562 12336 I BackupRestoreController: Getting widget state for user: 0
03-02 23:22:01.019  1562 12336 I KeyValueBackupTask: Package com.android.sharedstoragebackup no longer supports backup, skipping
03-02 23:22:01.027  1562  2178 I Hiber/importantScene: default_sms: packageName=com.google.android.apps.messaging
03-02 23:22:01.027  1562  2178 I Hiber/appStateMachine: uid:10274, pkg=com.google.android.apps.messaging  can't transition from R to F ,importantcase is : default_sms
03-02 23:22:01.031  1562  1706 E ApplicationHelper: Fail to get PackageManager
03-02 23:22:01.034  1562  2178 I Hiber/appStateMachine: uid:10141 enter RunningState
03-02 23:22:01.060  1562  1740 I ActivityManager: Start proc 13624:com.google.android.gm/u0a141 for backup {com.google.android.gm/com.google.android.gm.persistence.GmailBackupAgent}
03-02 23:22:01.106  1562  1706 E ApplicationHelper: Fail to get PackageManager
03-02 23:22:01.383  1562  1706 E ApplicationHelper: Fail to get PackageManager
03-02 23:22:01.383  1562  1706 E ApplicationHelper: Fail to get PackageManager
03-02 23:22:01.428  1562  1706 E ApplicationHelper: Fail to get PackageManager
03-02 23:22:01.428  1562  1706 E ApplicationHelper: Fail to get PackageManager
03-02 23:22:01.429  1562  1706 E ApplicationHelper: Fail to get PackageManager
03-02 23:22:01.431  1562  3832 I ActivityTaskManager: isControllerAMonkey mController = null,mControllerIsAMonkey = true, mTrueTime = 2026-03-02 19:36:25.977, mFalseTime = null
03-02 23:22:01.444  1562 12336 I BackupManagerService: [UserID:0] got agent android.app.IBackupAgent$Stub$Proxy@509fabd
03-02 23:22:01.470  1562  1706 E ApplicationHelper: Fail to get PackageManager
03-02 23:22:01.470  1562  1706 E ApplicationHelper: Fail to get PackageManager
03-02 23:22:01.477  1562  1706 E ApplicationHelper: Fail to get PackageManager
03-02 23:22:01.477  1562  1706 E ApplicationHelper: Fail to get PackageManager
03-02 23:22:01.482  1562  1706 E ApplicationHelper: Fail to get PackageManager
03-02 23:22:01.482  1562  1706 E ApplicationHelper: Fail to get PackageManager
03-02 23:22:01.483  1562  1706 E ApplicationHelper: Fail to get PackageManager
03-02 23:22:01.484  1562  1706 E ApplicationHelper: Fail to get PackageManager
03-02 23:22:01.489  1562  1706 E ApplicationHelper: Fail to get PackageManager
03-02 23:22:01.499  1562  1706 E ApplicationHelper: Fail to get PackageManager
03-02 23:22:01.499  1562  1706 E ApplicationHelper: Fail to get PackageManager
03-02 23:22:01.505  1562  1706 E ApplicationHelper: Fail to get PackageManager
03-02 23:22:01.507  1562  1706 E ApplicationHelper: Fail to get PackageManager
03-02 23:22:01.507  1562  1706 E ApplicationHelper: Fail to get PackageManager
03-02 23:22:01.523  1562  1706 E ApplicationHelper: Fail to get PackageManager
03-02 23:22:01.523  1562  1706 E ApplicationHelper: Fail to get PackageManager
03-02 23:22:01.529  1562  2550 I os.permission: Grant permission: android.permission.SYSTEM_ALERT_WINDOW to uid: 10161
03-02 23:22:01.531  1562  1706 E ApplicationHelper: Fail to get PackageManager
03-02 23:22:01.536  1562  1706 E ApplicationHelper: Fail to get PackageManager
03-02 23:22:01.536  1562  1706 E ApplicationHelper: Fail to get PackageManager
03-02 23:22:01.544  1562  1706 E ApplicationHelper: Fail to get PackageManager
03-02 23:22:01.545  1562  1706 E ApplicationHelper: Fail to get PackageManager
03-02 23:22:01.555  1562  1706 E ApplicationHelper: Fail to get PackageManager
03-02 23:22:01.564  1562  1706 E ApplicationHelper: Fail to get PackageManager
03-02 23:22:01.566  1562  1706 E ApplicationHelper: Fail to get PackageManager
03-02 23:22:01.566  1562  1706 E ApplicationHelper: Fail to get PackageManager
03-02 23:22:01.567  1562  1706 E ApplicationHelper: Fail to get PackageManager
03-02 23:22:01.574  1562  1706 E ApplicationHelper: Fail to get PackageManager
03-02 23:22:01.574  1562  1706 E ApplicationHelper: Fail to get PackageManager
03-02 23:22:01.578  1562  1706 E ApplicationHelper: Fail to get PackageManager
03-02 23:22:01.578  1562  1706 E ApplicationHelper: Fail to get PackageManager
03-02 23:22:01.594  1562  1706 E ApplicationHelper: Fail to get PackageManager
03-02 23:22:01.595  1562  1706 E ApplicationHelper: Fail to get PackageManager
03-02 23:22:01.601  1562  1706 E ApplicationHelper: Fail to get PackageManager
03-02 23:22:01.601  1562  1706 E ApplicationHelper: Fail to get PackageManager
03-02 23:22:01.608  1562  1706 E ApplicationHelper: Fail to get PackageManager
03-02 23:22:01.608  1562  1706 E ApplicationHelper: Fail to get PackageManager
03-02 23:22:01.608  1562  1706 E ApplicationHelper: Fail to get PackageManager
03-02 23:22:01.609  1562  1706 E ApplicationHelper: Fail to get PackageManager
03-02 23:22:01.611  1562  1706 E ApplicationHelper: Fail to get PackageManager
03-02 23:22:01.612  1562  1706 E ApplicationHelper: Fail to get PackageManager
03-02 23:22:01.615  1562  1706 E ApplicationHelper: Fail to get PackageManager
03-02 23:22:01.616  1562  1706 E ApplicationHelper: Fail to get PackageManager
03-02 23:22:01.627  1562  1706 E ApplicationHelper: Fail to get PackageManager
03-02 23:22:01.628  1562  1706 E ApplicationHelper: Fail to get PackageManager
03-02 23:22:01.634  1562  1706 E ApplicationHelper: Fail to get PackageManager
03-02 23:22:01.634  1562  1706 E ApplicationHelper: Fail to get PackageManager
03-02 23:22:01.639  1562  1706 E ApplicationHelper: Fail to get PackageManager
03-02 23:22:01.639  1562  1706 E ApplicationHelper: Fail to get PackageManager
03-02 23:22:01.641  1562  1706 E ApplicationHelper: Fail to get PackageManager
03-02 23:22:01.641  1562  1706 E ApplicationHelper: Fail to get PackageManager
03-02 23:22:01.649  1562  1706 E ApplicationHelper: Fail to get PackageManager
03-02 23:22:01.649  1562  1706 E ApplicationHelper: Fail to get PackageManager
03-02 23:22:01.653  1562  1706 E ApplicationHelper: Fail to get PackageManager
03-02 23:22:01.654  1562  1706 E ApplicationHelper: Fail to get PackageManager
03-02 23:22:01.656  1562  1706 E ApplicationHelper: Fail to get PackageManager
03-02 23:22:01.656  1562  1706 E ApplicationHelper: Fail to get PackageManager
03-02 23:22:01.656  1562  1706 E ApplicationHelper: Fail to get PackageManager
03-02 23:22:01.657  1562  1706 E ApplicationHelper: Fail to get PackageManager
03-02 23:22:01.658  1562  1706 E ApplicationHelper: Fail to get PackageManager
03-02 23:22:01.658  1562  1706 E ApplicationHelper: Fail to get PackageManager
03-02 23:22:01.660  1562  1706 E ApplicationHelper: Fail to get PackageManager
03-02 23:22:01.660  1562  1706 E ApplicationHelper: Fail to get PackageManager
03-02 23:22:01.661  1562  1706 E ApplicationHelper: Fail to get PackageManager
03-02 23:22:01.662  1562  1706 E ApplicationHelper: Fail to get PackageManager
03-02 23:22:01.666  1562  1706 E ApplicationHelper: Fail to get PackageManager
03-02 23:22:01.666  1562  1706 E ApplicationHelper: Fail to get PackageManager
03-02 23:22:01.666  1562  1706 E ApplicationHelper: Fail to get PackageManager
03-02 23:22:01.669  1562  1706 E ApplicationHelper: Fail to get PackageManager
03-02 23:22:01.669  1562  1706 E ApplicationHelper: Fail to get PackageManager
03-02 23:22:01.669  1562  1706 E ApplicationHelper: Fail to get PackageManager
03-02 23:22:01.685  1562  1706 E ApplicationHelper: Fail to get PackageManager
03-02 23:22:01.685  1562  1706 E ApplicationHelper: Fail to get PackageManager
03-02 23:22:01.691  1562  1706 E ApplicationHelper: Fail to get PackageManager
03-02 23:22:01.691  1562  1706 E ApplicationHelper: Fail to get PackageManager
03-02 23:22:01.694  1562  1706 E ApplicationHelper: Fail to get PackageManager
03-02 23:22:01.694  1562  1706 E ApplicationHelper: Fail to get PackageManager
03-02 23:22:01.696  1562  1706 E ApplicationHelper: Fail to get PackageManager
03-02 23:22:01.696  1562  1706 E ApplicationHelper: Fail to get PackageManager
03-02 23:22:01.846  1562  1706 E ApplicationHelper: Fail to get PackageManager
03-02 23:22:01.846  1562  1706 E ApplicationHelper: Fail to get PackageManager
03-02 23:22:01.852  1562  1706 E ApplicationHelper: Fail to get PackageManager
03-02 23:22:01.852  1562  1706 E ApplicationHelper: Fail to get PackageManager
03-02 23:22:01.856  1562  1706 E ApplicationHelper: Fail to get PackageManager
03-02 23:22:01.856  1562  1706 E ApplicationHelper: Fail to get PackageManager
03-02 23:22:01.857  1562  1706 E ApplicationHelper: Fail to get PackageManager
03-02 23:22:01.858  1562  1706 E ApplicationHelper: Fail to get PackageManager
03-02 23:22:01.865  1562  1706 E ApplicationHelper: Fail to get PackageManager
03-02 23:22:01.865  1562  1706 E ApplicationHelper: Fail to get PackageManager
03-02 23:22:01.870  1562  1706 E ApplicationHelper: Fail to get PackageManager
03-02 23:22:01.870  1562  1706 E ApplicationHelper: Fail to get PackageManager
03-02 23:22:01.875  1562  1706 E ApplicationHelper: Fail to get PackageManager
03-02 23:22:01.875  1562  1706 E ApplicationHelper: Fail to get PackageManager
03-02 23:22:01.876  1562  1706 E ApplicationHelper: Fail to get PackageManager
03-02 23:22:01.876  1562  1706 E ApplicationHelper: Fail to get PackageManager
03-02 23:22:01.970  1562  1705 I os.permission: Grant permission: android.permission.ACCESS_SHORTCUTS to uid: 10185
03-02 23:22:02.038  1562 12336 I BackupRestoreController: Getting widget state for user: 0
03-02 23:22:02.064  1562  1706 E ApplicationHelper: Fail to get PackageManager
03-02 23:22:02.067  1562  1904 I tranpm/ServicePolicy: isBlockHsB1 true
03-02 23:22:02.067  1562  1904 I tranpm/ServicePolicy: limitBindServiceLocked by hs&job - cold: callingPackage = android, targetPkg = com.transsnet.store
03-02 23:22:02.068  1562  1904 W ActivityManager: Unbind failed: could not find connection for android.app.LoadedApk$ServiceDispatcher$InnerConnection@8d36fa9
03-02 23:22:02.070  1562  1904 E JobScheduler.Concurrency: Error executing JobStatus{4dc6cec #u0a112/123 com.transsnet.store/com.transsion.playautoinstall.services.PlayAutoInstallJobService u=0 s=10112 TIME=-16m7s414ms:-1m7s414ms NET PERSISTED READY}
03-02 23:22:02.074  1562  1904 I tranpm/ServicePolicy: isBlockHsB1 true
03-02 23:22:02.074  1562  1904 I tranpm/ServicePolicy: limitBindServiceLocked by hs&job - cold: callingPackage = android, targetPkg = com.connecto
03-02 23:22:02.075  1562  1904 W ActivityManager: Unbind failed: could not find connection for android.app.LoadedApk$ServiceDispatcher$InnerConnection@3c2392e
03-02 23:22:02.075  1562  1904 E JobScheduler.Concurrency: Error executing JobStatus{ec69354 #u0a302/-1806946920 com.connecto/com.google.android.datatransport.runtime.scheduling.jobscheduling.JobInfoSchedulerService u=0 s=10302 TIME=-17m32s391ms:none NET READY}
03-02 23:22:02.080  1562  1740 I ActivityManager: Start proc 13766:com.android.traceur/u0a87 for backup {com.android.traceur/com.android.traceur.TraceurBackupAgent}
03-02 23:22:02.112  1562  1706 E ApplicationHelper: Fail to get PackageManager
03-02 23:22:02.174  1562  1706 E ApplicationHelper: Fail to get PackageManager
03-02 23:22:02.182  1562 12336 I BackupManagerService: [UserID:0] got agent android.app.IBackupAgent$Stub$Proxy@ab647bf
03-02 23:22:02.202  1562 12336 I BackupRestoreController: Getting widget state for user: 0
03-02 23:22:02.219  1562 12336 I BackupManagerService: [UserID:0] got agent android.app.IBackupAgent$Stub$Proxy@1569eaf
03-02 23:22:02.239  1562 12336 I BackupRestoreController: Getting widget state for user: 0
03-02 23:22:02.250  1562  1706 E ApplicationHelper: Fail to get PackageManager
03-02 23:22:02.252  1562  2178 I Hiber/appStateMachine: uid:10110 enter RunningState
03-02 23:22:02.265  1562  1740 I ActivityManager: Start proc 13784:com.google.android.apps.safetyhub/u0a110 for backup {com.google.android.apps.safetyhub/com.google.android.apps.safetyhub.backup.SafetyhubBackupAgent}
03-02 23:22:02.299  1562  1706 E ApplicationHelper: Fail to get PackageManager
03-02 23:22:02.418  1562  1706 E ApplicationHelper: Fail to get PackageManager
03-02 23:22:02.435  1562 12336 I BackupManagerService: [UserID:0] got agent android.app.IBackupAgent$Stub$Proxy@f0e9108
03-02 23:22:02.534  1562 12336 I BackupRestoreController: Getting widget state for user: 0
03-02 23:22:02.544  1562  2180 I Hiber/stateManager: unfreeze uid: 10284 com.truecaller pids:[4822, 11077, 11077]  reason:packet   cpninfo:TRANSACTION_-1 costTime=4ms ,last freeze 51s ago
03-02 23:22:02.544  1562  2178 I Hiber/appStateMachine: uid=10284, pkg=com.truecaller, transition from Frozen to Running, reason=packet
03-02 23:22:02.544  1562  2178 I Hiber/appStateMachine: uid:10284 exit FrozenState
03-02 23:22:02.545  1562  2179 I Hiber/proxyManager: up_service: 10284
03-02 23:22:02.545  1562  2179 I Hiber/proxyManager: un_job: 10284
03-02 23:22:02.558  1562  2179 I Hiber/proxyManager: up_sensor: uid=10284, pkgName=com.truecaller
03-02 23:22:02.560  1562  1706 E ApplicationHelper: Fail to get PackageManager
03-02 23:22:02.588  1562  3440 W JobScheduler.Concurrency: Had fewer than 16 in existence
03-02 23:22:02.589  1562  3440 W JobScheduler.Concurrency: Had fewer than 16 in existence
03-02 23:22:02.597  1562  1706 E ApplicationHelper: Fail to get PackageManager
03-02 23:22:02.601  1562  1706 E ApplicationHelper: Fail to get PackageManager
03-02 23:22:02.747  1562  3440 W ContextImpl: Calling a method in the system process without a qualified user: android.app.ContextImpl.sendBroadcastMultiplePermissions:1342 android.content.Context.sendBroadcastMultiplePermissions:2524 com.android.server.TelephonyRegistry.broadcastServiceStateChanged:3701 com.android.server.TelephonyRegistry.notifyServiceStateForPhoneId:1763 com.android.internal.telephony.ITelephonyRegistry$Stub.onTransact:546 
03-02 23:22:02.749  1562  3440 W ContextImpl: Calling a method in the system process without a qualified user: android.app.ContextImpl.sendBroadcastMultiplePermissions:1382 com.android.server.TelephonyRegistry.broadcastServiceStateChanged:3706 com.android.server.TelephonyRegistry.notifyServiceStateForPhoneId:1763 com.android.internal.telephony.ITelephonyRegistry$Stub.onTransact:546 android.os.Binder.execTransactInternal:1534 
03-02 23:22:02.752  1562  3440 W ContextImpl: Calling a method in the system process without a qualified user: android.app.ContextImpl.sendBroadcastMultiplePermissions:1382 com.android.server.TelephonyRegistry.broadcastServiceStateChanged:3715 com.android.server.TelephonyRegistry.notifyServiceStateForPhoneId:1763 com.android.internal.telephony.ITelephonyRegistry$Stub.onTransact:546 android.os.Binder.execTransactInternal:1534 
03-02 23:22:02.755  1562  3440 W ContextImpl: Calling a method in the system process without a qualified user: android.app.ContextImpl.sendBroadcastMultiplePermissions:1382 com.android.server.TelephonyRegistry.broadcastServiceStateChanged:3721 com.android.server.TelephonyRegistry.notifyServiceStateForPhoneId:1763 com.android.internal.telephony.ITelephonyRegistry$Stub.onTransact:546 android.os.Binder.execTransactInternal:1534 
03-02 23:22:02.762  1562  1706 E ApplicationHelper: Fail to get PackageManager
03-02 23:22:02.767  1562  1706 E ApplicationHelper: Fail to get PackageManager
03-02 23:22:02.799  1562  1706 E ApplicationHelper: Fail to get PackageManager
03-02 23:22:02.799  1562  1706 E ApplicationHelper: Fail to get PackageManager
03-02 23:22:02.810  1562  1706 E ApplicationHelper: Fail to get PackageManager
03-02 23:22:02.810  1562  1706 E ApplicationHelper: Fail to get PackageManager
03-02 23:22:02.827  1562  1706 E ApplicationHelper: Fail to get PackageManager
03-02 23:22:02.827  1562  1706 E ApplicationHelper: Fail to get PackageManager
03-02 23:22:02.828  1562  2816 W ContextImpl: Calling a method in the system process without a qualified user: android.app.ContextImpl.sendBroadcastMultiplePermissions:1342 android.content.Context.sendBroadcastMultiplePermissions:2524 com.android.server.TelephonyRegistry.broadcastServiceStateChanged:3701 com.android.server.TelephonyRegistry.notifyServiceStateForPhoneId:1763 com.android.internal.telephony.ITelephonyRegistry$Stub.onTransact:546 
03-02 23:22:02.833  1562  2816 W ContextImpl: Calling a method in the system process without a qualified user: android.app.ContextImpl.sendBroadcastMultiplePermissions:1382 com.android.server.TelephonyRegistry.broadcastServiceStateChanged:3706 com.android.server.TelephonyRegistry.notifyServiceStateForPhoneId:1763 com.android.internal.telephony.ITelephonyRegistry$Stub.onTransact:546 android.os.Binder.execTransactInternal:1534 
03-02 23:22:02.834  1562  1706 E ApplicationHelper: Fail to get PackageManager
03-02 23:22:02.834  1562  1706 E ApplicationHelper: Fail to get PackageManager
03-02 23:22:02.841  1562  2816 W ContextImpl: Calling a method in the system process without a qualified user: android.app.ContextImpl.sendBroadcastMultiplePermissions:1382 com.android.server.TelephonyRegistry.broadcastServiceStateChanged:3715 com.android.server.TelephonyRegistry.notifyServiceStateForPhoneId:1763 com.android.internal.telephony.ITelephonyRegistry$Stub.onTransact:546 android.os.Binder.execTransactInternal:1534 
03-02 23:22:02.843  1562  2816 W ContextImpl: Calling a method in the system process without a qualified user: android.app.ContextImpl.sendBroadcastMultiplePermissions:1382 com.android.server.TelephonyRegistry.broadcastServiceStateChanged:3721 com.android.server.TelephonyRegistry.notifyServiceStateForPhoneId:1763 com.android.internal.telephony.ITelephonyRegistry$Stub.onTransact:546 android.os.Binder.execTransactInternal:1534 
03-02 23:22:02.850  1562  1706 E ApplicationHelper: Fail to get PackageManager
03-02 23:22:02.854  1562  1706 E ApplicationHelper: Fail to get PackageManager
03-02 23:22:02.867  1562  1706 E ApplicationHelper: Fail to get PackageManager
03-02 23:22:02.867  1562  1706 E ApplicationHelper: Fail to get PackageManager
03-02 23:22:02.867  1562  1706 E ApplicationHelper: Fail to get PackageManager
03-02 23:22:02.870  1562  1706 E ApplicationHelper: Fail to get PackageManager
03-02 23:22:02.870  1562  1706 E ApplicationHelper: Fail to get PackageManager
03-02 23:22:02.870  1562  1706 E ApplicationHelper: Fail to get PackageManager
03-02 23:22:02.873  1562  1706 E ApplicationHelper: Fail to get PackageManager
03-02 23:22:02.873  1562  1706 E ApplicationHelper: Fail to get PackageManager
03-02 23:22:02.873  1562  1706 E ApplicationHelper: Fail to get PackageManager
03-02 23:22:02.874  1562  1706 E ApplicationHelper: Fail to get PackageManager
03-02 23:22:02.874  1562  1706 E ApplicationHelper: Fail to get PackageManager
03-02 23:22:02.874  1562  1706 E ApplicationHelper: Fail to get PackageManager
03-02 23:22:02.885  1562  1706 E ApplicationHelper: Fail to get PackageManager
03-02 23:22:02.885  1562  1706 E ApplicationHelper: Fail to get PackageManager
03-02 23:22:02.885  1562  1706 E ApplicationHelper: Fail to get PackageManager
03-02 23:22:02.886  1562  1706 E ApplicationHelper: Fail to get PackageManager
03-02 23:22:02.886  1562  1706 E ApplicationHelper: Fail to get PackageManager
03-02 23:22:02.886  1562  1706 E ApplicationHelper: Fail to get PackageManager
03-02 23:22:02.891  1562  1706 E ApplicationHelper: Fail to get PackageManager
03-02 23:22:02.891  1562  1706 E ApplicationHelper: Fail to get PackageManager
03-02 23:22:02.891  1562  1706 E ApplicationHelper: Fail to get PackageManager
03-02 23:22:02.893  1562  1706 E ApplicationHelper: Fail to get PackageManager
03-02 23:22:02.893  1562  1706 E ApplicationHelper: Fail to get PackageManager
03-02 23:22:02.893  1562  1706 E ApplicationHelper: Fail to get PackageManager
03-02 23:22:02.994  1562  1706 E ApplicationHelper: Fail to get PackageManager
03-02 23:22:02.994  1562  1706 E ApplicationHelper: Fail to get PackageManager
03-02 23:22:02.994  1562  1706 E ApplicationHelper: Fail to get PackageManager
03-02 23:22:02.997  1562  2816 I ActivityManager: Killing 29217:com.mediatek.batterywarning/1000 (adj 995): empty #49
03-02 23:22:03.001  1562  1706 E ApplicationHelper: Fail to get PackageManager
03-02 23:22:03.001  1562  1706 E ApplicationHelper: Fail to get PackageManager
03-02 23:22:03.001  1562  1706 E ApplicationHelper: Fail to get PackageManager
03-02 23:22:03.044  1562  1562 W NetworkTypeHelper: Failed to call buildTemplateCarrierMetered, java.lang.reflect.InvocationTargetException
03-02 23:22:03.044  1562  1562 W NetworkTypeHelper: Failed to call buildTemplateCarrierMetered, java.lang.reflect.InvocationTargetException
03-02 23:22:03.044  1562  1562 W NetworkTypeHelper: Failed to call buildTemplateCarrierMetered, java.lang.reflect.InvocationTargetException
03-02 23:22:03.044  1562  1562 W NetworkTypeHelper: Failed to call buildTemplateCarrierMetered, java.lang.reflect.InvocationTargetException
03-02 23:22:03.261  1562  1706 E ApplicationHelper: Fail to get PackageManager
03-02 23:22:03.486  1562  1706 E ApplicationHelper: Fail to get PackageManager
03-02 23:22:04.371  1562  2549 I WindowManager: Relayout Window{175993b u0 DynamicBar}: oldVis=8 newVis=0 focusMayChange = true requestedWidth = 1080 requestedHeight = 128 outFrames = ClientWindowFrames{frame=[0,12][1080,140] display=[0,0][1080,2436] parentFrame=[0,0][0,0]} outSurfaceControl = Surface(name=DynamicBar)/@0xdd4a8e9
03-02 23:22:04.385  1562  1709 I WindowManager:   isAnimating=false  okToAnimate=false  win=Window{175993b u0 DynamicBar}
03-02 23:22:04.406  1562  1708 I DisplayDeviceRepository: Display device changed: DisplayDeviceInfo{"Built-in Screen": uniqueId="local:0", 1080 x 2436, modeId 3, renderFrameRate 60.000004, defaultModeId 1, userPreferredModeId -1, supportedModes [{id=1, width=1080, height=2436, fps=120.00001, vsync=120.00001, synthetic=false, alternativeRefreshRates=[60.0, 90.0], supportedHdrTypes=[2, 3, 4]}, {id=2, width=1080, height=2436, fps=90.0, vsync=90.0, synthetic=false, alternativeRefreshRates=[60.0, 120.00001], supportedHdrTypes=[2, 3, 4]}, {id=3, width=1080, height=2436, fps=60.0, vsync=60.0, synthetic=false, alternativeRefreshRates=[90.0, 120.00001], supportedHdrTypes=[2, 3, 4]}], colorMode 0, supportedColorModes [0, 7, 9], hdrCapabilities HdrCapabilities{mSupportedHdrTypes=[2, 3, 4], mMaxLuminance=500.0, mMaxAverageLuminance=500.0, mMinLuminance=0.0}, allmSupported false, gameContentTypeSupported false, density 480, 392.783 x 392.828 dpi, appVsyncOff 1133334, presDeadline 16600000, cutout DisplayCutout{insets=Rect(0, 108 - 0, 0) waterfall=Insets{left=0, top=0, right=0, bottom=0} boundingRect={Bounds=[Rect(0, 0 - 0, 0), Rect(468, 0 - 612, 108), Rect(0, 0 - 0, 0), Rect(0, 0 - 0, 0)]} cutoutPathParserInfo={CutoutPathParserInfo{displayWidth=1080 displayHeight=2436 physicalDisplayWidth=1080 physicalDisplayHeight=2436 density={3.0} cutoutSpec={M -24,0 L -24,36 L 24,36 L 24,0 Z @dp} rotation={0} scale={1.0} physicalPixelDisplaySizeRatio={1.0}}} sideOverrides={}}, touch INTERNAL, rotation 0, type INTERNAL, address {port=0}, deviceProductInfo null, state OFF, committedState OFF, frameRateOverride {uid=1000 frameRateHz=60.000004} {uid=10184 frameRateHz=60.000004} {uid=10217 frameRateHz=60.000004} , brightnessMinimum 0.0, brightnessMaximum 1.0, brightnessDefault 0.19685039, hdrSdrRatio NaN, FLAG_ALLOWED_TO_BE_DEFAULT_DISPLAY, FLAG_ROTATES_WITH_CONTENT, FLAG_SECURE, FLAG_SUPPORTS_PROTECTED_BUFFERS, FLAG_TRUSTED, installOrientation 0, displayShape DisplayShape{ spec=596679847 displayWidth=1080 displayHeight=2436 physicalPixelDisplaySizeRatio=1.0 rotation=0 offsetX=0 offsetY=0 scale=1.0}}
03-02 23:22:04.409  1562  1708 I Griffin/DeviceState: virtualDisplayPackageName :{}
03-02 23:22:04.424  1562  1708 I DisplayDeviceRepository: Display device changed: DisplayDeviceInfo{"Built-in Screen": uniqueId="local:0", 1080 x 2436, modeId 3, renderFrameRate 60.000004, defaultModeId 1, userPreferredModeId -1, supportedModes [{id=1, width=1080, height=2436, fps=120.00001, vsync=120.00001, synthetic=false, alternativeRefreshRates=[60.0, 90.0], supportedHdrTypes=[2, 3, 4]}, {id=2, width=1080, height=2436, fps=90.0, vsync=90.0, synthetic=false, alternativeRefreshRates=[60.0, 120.00001], supportedHdrTypes=[2, 3, 4]}, {id=3, width=1080, height=2436, fps=60.0, vsync=60.0, synthetic=false, alternativeRefreshRates=[90.0, 120.00001], supportedHdrTypes=[2, 3, 4]}], colorMode 0, supportedColorModes [0, 7, 9], hdrCapabilities HdrCapabilities{mSupportedHdrTypes=[2, 3, 4], mMaxLuminance=500.0, mMaxAverageLuminance=500.0, mMinLuminance=0.0}, allmSupported false, gameContentTypeSupported false, density 480, 392.783 x 392.828 dpi, appVsyncOff 1133334, presDeadline 16600000, cutout DisplayCutout{insets=Rect(0, 108 - 0, 0) waterfall=Insets{left=0, top=0, right=0, bottom=0} boundingRect={Bounds=[Rect(0, 0 - 0, 0), Rect(468, 0 - 612, 108), Rect(0, 0 - 0, 0), Rect(0, 0 - 0, 0)]} cutoutPathParserInfo={CutoutPathParserInfo{displayWidth=1080 displayHeight=2436 physicalDisplayWidth=1080 physicalDisplayHeight=2436 density={3.0} cutoutSpec={M -24,0 L -24,36 L 24,36 L 24,0 Z @dp} rotation={0} scale={1.0} physicalPixelDisplaySizeRatio={1.0}}} sideOverrides={}}, touch INTERNAL, rotation 0, type INTERNAL, address {port=0}, deviceProductInfo null, state OFF, committedState OFF, frameRateOverride {uid=1000 frameRateHz=60.000004} {uid=10184 frameRateHz=60.000004} , brightnessMinimum 0.0, brightnessMaximum 1.0, brightnessDefault 0.19685039, hdrSdrRatio NaN, FLAG_ALLOWED_TO_BE_DEFAULT_DISPLAY, FLAG_ROTATES_WITH_CONTENT, FLAG_SECURE, FLAG_SUPPORTS_PROTECTED_BUFFERS, FLAG_TRUSTED, installOrientation 0, displayShape DisplayShape{ spec=596679847 displayWidth=1080 displayHeight=2436 physicalPixelDisplaySizeRatio=1.0 rotation=0 offsetX=0 offsetY=0 scale=1.0}}
03-02 23:22:04.425  1562  1708 I Griffin/DeviceState: virtualDisplayPackageName :{}
03-02 23:22:06.038  1562  2178 I Hiber/importantScene: isTrafficActive uid:10141 speed :13
03-02 23:22:06.038  1562  2178 I Hiber/importantScene: uid:10141 speed :13
03-02 23:22:06.038  1562  2178 I Hiber/importantScene: bt: packageName=com.google.android.gm
03-02 23:22:06.038  1562  2178 I Hiber/appStateMachine: uid:10141, pkg=com.google.android.gm  can't transition from R to F ,importantcase is : bt
03-02 23:22:07.254  1562  2178 I Hiber/importantScene: isTrafficActive uid:10110 speed :0
03-02 23:22:07.255  1562  2178 I Hiber/appStateMachine: uid:10110 enter FrozenState
03-02 23:22:07.256  1562  2178 I Hiber/stateManager: freeze uid: 10110 com.google.android.apps.safetyhub costTime=1ms ,last unfreeze 1244s ago
03-02 23:22:07.256  1562  2179 I Hiber/hiber: msg for start proxy frozen state
03-02 23:22:07.257  1562  2179 I Hiber/proxyManager: p_service: 10110
03-02 23:22:07.257  1562  2179 I Hiber/proxyManager: p_job: 10110 pkgName=com.google.android.apps.safetyhub which=2
03-02 23:22:07.257  1562  1706 E ApplicationHelper: Fail to get PackageManager
03-02 23:22:07.258  1562  2179 I Hiber/hiber: proxy alarm (uid=10110, pkgName=com.google.android.apps.safetyhub)
03-02 23:22:07.258  1562  2179 I Hiber/proxyManager: p_alarm: uid=10110, pkgName=com.google.android.apps.safetyhub
03-02 23:22:07.259  1562  2179 I Hiber/proxyManager: p_sensor: uid=10110, pkgName=com.google.android.apps.safetyhub
03-02 23:22:07.544  1562  2178 I Hiber/importantScene: isTrafficActive uid:10284 speed :0
03-02 23:22:07.545  1562  2178 I Hiber/appStateMachine: uid:10284 enter FrozenState
03-02 23:22:07.549  1562  2178 I Hiber/stateManager: freeze uid: 10284 com.truecaller costTime=4ms ,last unfreeze 5s ago
03-02 23:22:07.549  1562  2178 I Hiber/restrictionPolicy: uid:10284  pkgName:com.truecaller isAllowedNet
03-02 23:22:07.550  1562  2181 I Hiber/nativeServiceClient: watch app network uid=10284, persistent=0
03-02 23:22:07.550  1562  2179 I Hiber/hiber: msg for start proxy frozen state
03-02 23:22:07.550  1562  2179 I Hiber/proxyManager: p_service: 10284
03-02 23:22:07.550  1562  2179 I Hiber/proxyManager: p_job: 10284 pkgName=com.truecaller which=2
03-02 23:22:07.551  1562  1706 E ApplicationHelper: Fail to get PackageManager
03-02 23:22:07.556  1562  2179 I Hiber/hiber: proxy alarm (uid=10284, pkgName=com.truecaller)
03-02 23:22:07.556  1562  2179 I Hiber/proxyManager: p_alarm: uid=10284, pkgName=com.truecaller
03-02 23:22:07.556  1562  2179 I Hiber/proxyManager: p_sensor: uid=10284, pkgName=com.truecaller
03-02 23:22:08.180  1562  1706 E ApplicationHelper: Fail to get PackageManager
03-02 23:22:08.256  1562  2181 I Hiber/nativeServiceClient: check binder uid=10110
03-02 23:22:08.396  1562  2549 I ActivityTaskManager: isControllerAMonkey mController = null,mControllerIsAMonkey = true, mTrueTime = 2026-03-02 19:36:25.977, mFalseTime = null
03-02 23:22:08.550  1562  2181 I Hiber/nativeServiceClient: check binder uid=10284
03-02 23:22:10.259  1562  2880 I Hiber/hiber: begin socketDestroy, mUid: 10110
03-02 23:22:10.262  1562  2880 I Hiber/hiber: clearDnsCache again!!!
03-02 23:22:11.042  1562  2178 I Hiber/importantScene: isTrafficActive uid:10141 speed :1
03-02 23:22:11.042  1562  2178 I Hiber/importantScene: uid:10141 speed :1
03-02 23:22:11.042  1562  2178 I Hiber/importantScene: bt: packageName=com.google.android.gm
03-02 23:22:11.042  1562  2178 I Hiber/appStateMachine: uid:10141, pkg=com.google.android.gm  can't transition from R to F ,importantcase is : bt
03-02 23:22:12.561  1562 12336 W BackupManagerService: [UserID:0] Timeout waiting for agent ApplicationInfo{accbc26 com.google.android.apps.docs}
03-02 23:22:12.561  1562 12336 I BackupManagerService: [UserID:0] got agent null
03-02 23:22:12.562  1562 12336 W ActivityManager: Unbinding backup agent with no active backup
03-02 23:22:12.569  1562  1706 E ApplicationHelper: Fail to get PackageManager
03-02 23:22:12.573  1562  2180 I Hiber/stateManager: unfreeze uid: 10158 com.google.android.youtube pids:[5304]  reason:fullAsyncBinder   cpninfo:TRANSACTION_-1 costTime=4ms ,last freeze 281s ago
03-02 23:22:12.574  1562  2178 I Hiber/appStateMachine: uid=10158, pkg=com.google.android.youtube, transition from Frozen to Running, reason=fullAsyncBinder
03-02 23:22:12.575  1562  2178 I Hiber/appStateMachine: uid:10158 exit FrozenState
03-02 23:22:12.575  1562  2179 I Hiber/proxyManager: up_service: 10158
03-02 23:22:12.575  1562  2179 I Hiber/proxyManager: un_job: 10158
03-02 23:22:12.578  1562  2179 I Hiber/proxyManager: up_sensor: uid=10158, pkgName=com.google.android.youtube
03-02 23:22:12.645  1562 12336 I BackupManagerService: [UserID:0] got agent android.app.IBackupAgent$Stub$Proxy@a07acfc
03-02 23:22:12.663  1562  1706 E ApplicationHelper: Fail to get PackageManager
03-02 23:22:12.663  1562  1706 E ApplicationHelper: Fail to get PackageManager
03-02 23:22:12.664  1562  1706 E ApplicationHelper: Fail to get PackageManager
03-02 23:22:12.666  1562  1706 E ApplicationHelper: Fail to get PackageManager
03-02 23:22:12.666  1562  1706 E ApplicationHelper: Fail to get PackageManager
03-02 23:22:12.666  1562  1706 E ApplicationHelper: Fail to get PackageManager
03-02 23:22:12.693  1562 12336 I BackupRestoreController: Getting widget state for user: 0
03-02 23:22:12.710  1562  1706 E ApplicationHelper: Fail to get PackageManager
03-02 23:22:12.715  1562  1904 I tranpm/ServicePolicy: isBlockHsB1 true
03-02 23:22:12.716  1562  1904 I tranpm/ServicePolicy: limitBindServiceLocked by hs&job - cold: callingPackage = android, targetPkg = com.transsnet.store
03-02 23:22:12.717  1562  1904 W ActivityManager: Unbind failed: could not find connection for android.app.LoadedApk$ServiceDispatcher$InnerConnection@7122056
03-02 23:22:12.717  1562  1904 E JobScheduler.Concurrency: Error executing JobStatus{4dc6cec #u0a112/123 com.transsnet.store/com.transsion.playautoinstall.services.PlayAutoInstallJobService u=0 s=10112 TIME=-16m18s62ms:-1m18s62ms NET PERSISTED READY}
03-02 23:22:12.721  1562  1904 I tranpm/ServicePolicy: isBlockHsB1 true
03-02 23:22:12.721  1562  1904 I tranpm/ServicePolicy: limitBindServiceLocked by hs&job - cold: callingPackage = android, targetPkg = com.connecto
03-02 23:22:12.722  1562  1904 W ActivityManager: Unbind failed: could not find connection for android.app.LoadedApk$ServiceDispatcher$InnerConnection@11628d7
03-02 23:22:12.722  1562  1904 E JobScheduler.Concurrency: Error executing JobStatus{ec69354 #u0a302/-1806946920 com.connecto/com.google.android.datatransport.runtime.scheduling.jobscheduling.JobInfoSchedulerService u=0 s=10302 TIME=-17m43s38ms:none NET READY}
03-02 23:22:12.765  1562 12336 I BackupManagerService: [UserID:0] got agent android.app.IBackupAgent$Stub$Proxy@922cad
03-02 23:22:12.891  1562  3440 W AppOpService: Ignored setUidMode call for runtime permission app op: uid = 10274, code = READ_CELL_BROADCASTS, mode = allow, callingUid = 1000, oldMode = allow
03-02 23:22:12.900  1562  3440 W AppOpService: Ignored setUidMode call for runtime permission app op: uid = 1001, code = READ_SMS, mode = allow, callingUid = 1000, oldMode = allow
03-02 23:22:12.901  1562  3440 W AppOpService: Ignored setUidMode call for runtime permission app op: uid = 1001, code = RECEIVE_SMS, mode = allow, callingUid = 1000, oldMode = allow
03-02 23:22:12.901  1562  3440 W AppOpService: Ignored setUidMode call for runtime permission app op: uid = 1001, code = RECEIVE_WAP_PUSH, mode = allow, callingUid = 1000, oldMode = allow
03-02 23:22:12.902  1562  3440 W AppOpService: Ignored setUidMode call for runtime permission app op: uid = 1001, code = SEND_SMS, mode = allow, callingUid = 1000, oldMode = allow
03-02 23:22:12.902  1562  3440 W AppOpService: Ignored setUidMode call for runtime permission app op: uid = 1001, code = READ_CELL_BROADCASTS, mode = allow, callingUid = 1000, oldMode = allow
03-02 23:22:13.013  1562 12336 I BackupRestoreController: Getting widget state for user: 0
03-02 23:22:13.018  1562  1904 W JobScheduler.Concurrency: Had fewer than 16 in existence
03-02 23:22:13.018  1562  1904 W JobScheduler.Concurrency: Had fewer than 16 in existence
03-02 23:22:13.020  1562 12336 W ProcessStats: Tracking association SourceState{ecf855 com.sh.smart.caller/10175 Top #168001} whose proc state 1 is better than process ProcessState{c5fa8f9 android.process.acore/10054 pkg=com.android.providers.contacts (sub)} proc state 6 (3 skipped)
03-02 23:22:13.021  1562  1904 I tranpm/ServicePolicy: isBlockHsB1 true
03-02 23:22:13.021  1562  1904 I tranpm/ServicePolicy: limitBindServiceLocked by hs&job - cold: callingPackage = android, targetPkg = com.transsnet.store
03-02 23:22:13.022  1562  1904 W ActivityManager: Unbind failed: could not find connection for android.app.LoadedApk$ServiceDispatcher$InnerConnection@294cc19
03-02 23:22:13.022  1562  1904 E JobScheduler.Concurrency: Error executing JobStatus{4dc6cec #u0a112/123 com.transsnet.store/com.transsion.playautoinstall.services.PlayAutoInstallJobService u=0 s=10112 TIME=-16m18s367ms:-1m18s367ms NET PERSISTED READY}
03-02 23:22:13.023  1562  1904 I tranpm/ServicePolicy: isBlockHsB1 true
03-02 23:22:13.023  1562  1904 I tranpm/ServicePolicy: limitBindServiceLocked by hs&job - cold: callingPackage = android, targetPkg = com.connecto
03-02 23:22:13.024  1562  1904 W ActivityManager: Unbind failed: could not find connection for android.app.LoadedApk$ServiceDispatcher$InnerConnection@f7cd6bf
03-02 23:22:13.024  1562  1904 E JobScheduler.Concurrency: Error executing JobStatus{ec69354 #u0a302/-1806946920 com.connecto/com.google.android.datatransport.runtime.scheduling.jobscheduling.JobInfoSchedulerService u=0 s=10302 TIME=-17m43s340ms:none NET READY}
03-02 23:22:13.028  1562 12336 I BackupManagerService: [UserID:0] got agent android.app.IBackupAgent$Stub$Proxy@a1d10d5
03-02 23:22:13.053  1562 12336 I BackupRestoreController: Getting widget state for user: 0
03-02 23:22:13.060  1562 12336 I KeyValueBackupTask: K/V backup pass finished
03-02 23:22:13.065  1562 12336 E TransportConnection: BackupTransportService#11: Can't mark as disposed if still bound
03-02 23:22:13.065  1562  1706 E ApplicationHelper: Fail to get PackageManager
03-02 23:22:13.066  1562  1706 E ApplicationHelper: Fail to get PackageManager
03-02 23:22:13.066  1562  1706 E ApplicationHelper: Fail to get PackageManager
03-02 23:22:13.070  1562  1706 E ApplicationHelper: Fail to get PackageManager
03-02 23:22:13.070  1562  1706 E ApplicationHelper: Fail to get PackageManager
03-02 23:22:13.070  1562  1706 E ApplicationHelper: Fail to get PackageManager
03-02 23:22:17.119  1562  2816 W ContextImpl: Calling a method in the system process without a qualified user: android.app.ContextImpl.sendBroadcastMultiplePermissions:1342 android.content.Context.sendBroadcastMultiplePermissions:2524 com.android.server.TelephonyRegistry.broadcastServiceStateChanged:3701 com.android.server.TelephonyRegistry.notifyServiceStateForPhoneId:1763 com.android.internal.telephony.ITelephonyRegistry$Stub.onTransact:546 
03-02 23:22:17.122  1562  2816 W ContextImpl: Calling a method in the system process without a qualified user: android.app.ContextImpl.sendBroadcastMultiplePermissions:1382 com.android.server.TelephonyRegistry.broadcastServiceStateChanged:3706 com.android.server.TelephonyRegistry.notifyServiceStateForPhoneId:1763 com.android.internal.telephony.ITelephonyRegistry$Stub.onTransact:546 android.os.Binder.execTransactInternal:1534 
03-02 23:22:17.125  1562  2816 W ContextImpl: Calling a method in the system process without a qualified user: android.app.ContextImpl.sendBroadcastMultiplePermissions:1382 com.android.server.TelephonyRegistry.broadcastServiceStateChanged:3715 com.android.server.TelephonyRegistry.notifyServiceStateForPhoneId:1763 com.android.internal.telephony.ITelephonyRegistry$Stub.onTransact:546 android.os.Binder.execTransactInternal:1534 
